#EOS table
     n(fm-3)     rho(MeVfm-3)     P(MeVfm-3)
1.581000e-11 	 1.470897e-08 	 3.100053e-14 
3.972000e-11 	 3.694016e-08 	 1.517270e-13 
9.976000e-11 	 9.278452e-08 	 7.184781e-13 
2.506000e-10 	 2.330466e-07 	 3.287516e-12 
6.294000e-10 	 5.856751e-07 	 1.446823e-11 
1.581000e-09 	 1.470897e-06 	 6.087627e-11 
3.972000e-09 	 3.695989e-06 	 2.440971e-10 
5.000000e-09 	 4.653039e-06 	 3.281596e-10 
9.976000e-09 	 9.284371e-06 	 8.956804e-10 
1.990000e-08 	 1.852336e-05 	 2.391638e-09 
3.972000e-08 	 3.695989e-05 	 6.279037e-09 
7.924000e-08 	 7.376191e-05 	 1.625209e-08 
1.581000e-07 	 1.471884e-04 	 4.167607e-08 
1.990000e-07 	 1.853322e-04 	 5.454198e-08 
3.155000e-07 	 2.938242e-04 	 1.016644e-07 
5.000000e-07 	 4.656985e-04 	 1.890618e-07 
6.294000e-07 	 5.862671e-04 	 2.577128e-07 
7.924000e-07 	 7.382111e-04 	 3.143465e-07 
9.976000e-07 	 9.294238e-04 	 4.282059e-07 
1.581000e-06 	 1.473068e-03 	 7.938582e-07 
2.506000e-06 	 2.336386e-03 	 1.470502e-06 
3.972000e-06 	 3.703882e-03 	 2.723153e-06 
5.000000e-06 	 4.662905e-03 	 3.534178e-06 
6.294000e-06 	 5.866618e-03 	 4.806956e-06 
7.924000e-06 	 7.393951e-03 	 6.541486e-06 
9.976000e-06 	 9.306078e-03 	 8.893658e-06 
1.256000e-05 	 1.172337e-02 	 1.209632e-05 
1.581000e-05 	 1.475830e-02 	 1.579034e-05 
1.990000e-05 	 1.858453e-02 	 2.125243e-05 
2.506000e-05 	 2.340333e-02 	 2.888910e-05 
3.155000e-05 	 2.948109e-02 	 3.713749e-05 
3.972000e-05 	 3.711775e-02 	 5.049672e-05 
5.000000e-05 	 4.674745e-02 	 6.865107e-05 
6.294000e-05 	 5.884377e-02 	 9.331731e-05 
7.924000e-05 	 7.415657e-02 	 1.268831e-04 
9.976000e-05 	 9.333704e-02 	 1.620868e-04 
1.105000e-04 	 1.034403e-01 	 1.804977e-04 
1.256000e-04 	 1.175692e-01 	 2.054204e-04 
1.581000e-04 	 1.480961e-01 	 2.792218e-04 
1.990000e-04 	 1.865162e-01 	 3.630870e-04 
2.506000e-04 	 2.348226e-01 	 4.704345e-04 
2.572000e-04 	 2.407425e-01 	 4.872075e-04 
3.000000e-04 	 2.821817e-01 	 4.992446e-04 
4.000000e-04 	 3.749268e-01 	 5.702834e-04 
5.000000e-04 	 4.696451e-01 	 6.393489e-04 
6.000000e-04 	 5.643635e-01 	 7.103876e-04 
7.000000e-04 	 6.571085e-01 	 7.893196e-04 
8.000000e-04 	 7.518269e-01 	 8.603583e-04 
9.000000e-04 	 8.445719e-01 	 9.392903e-04 
1.000000e-03 	 9.392903e-01 	 1.020196e-03 
1.500000e-03 	 1.410909e+00 	 1.470108e-03 
2.000000e-03 	 1.880554e+00 	 1.969352e-03 
2.500000e-03 	 2.352172e+00 	 2.510036e-03 
3.000000e-03 	 2.821817e+00 	 3.100053e-03 
3.500000e-03 	 3.293436e+00 	 3.709802e-03 
4.000000e-03 	 3.765054e+00 	 4.349151e-03 
4.500000e-03 	 4.234700e+00 	 5.020072e-03 
5.000000e-03 	 4.706318e+00 	 5.720594e-03 
5.500000e-03 	 5.177936e+00 	 6.440848e-03 
6.000000e-03 	 5.649555e+00 	 7.180835e-03 
6.500000e-03 	 6.121173e+00 	 7.940555e-03 
7.000000e-03 	 6.592792e+00 	 8.739741e-03 
7.500000e-03 	 7.064410e+00 	 9.550767e-03 
8.000000e-03 	 7.536029e+00 	 1.039929e-02 
8.500000e-03 	 8.007647e+00 	 1.125964e-02 
9.000000e-03 	 8.479265e+00 	 1.214960e-02 
9.500000e-03 	 8.950884e+00 	 1.305929e-02 
1.000000e-02 	 9.422502e+00 	 1.400056e-02 
1.200000e-02 	 1.130898e+01 	 1.807936e-02 
1.400000e-02 	 1.319742e+01 	 2.267123e-02 
1.600000e-02 	 1.508587e+01 	 2.776037e-02 
1.800000e-02 	 1.697629e+01 	 3.348096e-02 
2.000000e-02 	 1.886671e+01 	 3.981131e-02 
2.200000e-02 	 2.075713e+01 	 4.674153e-02 
2.400000e-02 	 2.264953e+01 	 5.434071e-02 
2.600000e-02 	 2.454192e+01 	 6.260094e-02 
2.800000e-02 	 2.643431e+01 	 7.147091e-02 
3.000000e-02 	 2.832868e+01 	 8.101181e-02 
3.200000e-02 	 3.022305e+01 	 9.117036e-02 
3.400000e-02 	 3.211741e+01 	 1.019406e-01 
3.600000e-02 	 3.401375e+01 	 1.133009e-01 
3.800000e-02 	 3.591009e+01 	 1.251821e-01 
4.000000e-02 	 3.780643e+01 	 1.376514e-01 
4.200000e-02 	 3.970475e+01 	 1.506515e-01 
4.400000e-02 	 4.160306e+01 	 1.641528e-01 
4.600000e-02 	 4.350137e+01 	 1.781317e-01 
4.800000e-02 	 4.539969e+01 	 1.925723e-01 
5.000000e-02 	 4.729998e+01 	 2.071964e-01 
5.200000e-02 	 4.920026e+01 	 2.229828e-01 
5.400000e-02 	 5.110252e+01 	 2.387692e-01 
5.600000e-02 	 5.300478e+01 	 2.545556e-01 
5.800000e-02 	 5.490704e+01 	 2.703420e-01 
6.000000e-02 	 5.680930e+01 	 2.881016e-01 
6.200000e-02 	 5.871354e+01 	 3.058613e-01 
6.400000e-02 	 6.061777e+01 	 3.216477e-01 
6.600000e-02 	 6.252200e+01 	 3.413807e-01 
6.800000e-02 	 6.442624e+01 	 3.591404e-01 
7.000000e-02 	 6.633244e+01 	 3.769001e-01 
7.200000e-02 	 6.823865e+01 	 3.966331e-01 
7.400000e-02 	 7.014486e+01 	 4.163661e-01 
7.600000e-02 	 7.205304e+01 	 4.341258e-01 
7.800000e-02 	 7.396122e+01 	 4.558321e-01 
8.000000e-02 	 7.586940e+01 	 4.775383e-01 
8.200000e-02 	 7.777758e+01 	 4.972713e-01 
8.400000e-02 	 7.968181e+01 	 5.110844e-01 
8.600000e-02 	 8.158999e+01 	 5.367373e-01 
8.800000e-02 	 8.350014e+01 	 5.643635e-01 
9.000000e-02 	 8.541227e+01 	 5.919897e-01 
9.200000e-02 	 8.732440e+01 	 6.235625e-01 
9.400000e-02 	 8.923652e+01 	 6.551352e-01 
9.600000e-02 	 9.114865e+01 	 6.867080e-01 
9.800000e-02 	 9.306275e+01 	 7.222274e-01 
1.000000e-01 	 9.497685e+01 	 7.597201e-01 
1.020000e-01 	 9.689095e+01 	 7.972128e-01 
1.040000e-01 	 9.880702e+01 	 8.386520e-01 
1.060000e-01 	 1.007251e+02 	 8.820646e-01 
1.080000e-01 	 1.026411e+02 	 9.274505e-01 
1.100000e-01 	 1.045592e+02 	 9.748097e-01 
1.120000e-01 	 1.064792e+02 	 1.024142e+00 
1.140000e-01 	 1.083992e+02 	 1.075448e+00 
1.160000e-01 	 1.103212e+02 	 1.128727e+00 
1.180000e-01 	 1.122432e+02 	 1.185953e+00 
1.200000e-01 	 1.141652e+02 	 1.245152e+00 
1.220000e-01 	 1.160892e+02 	 1.306324e+00 
1.240000e-01 	 1.180151e+02 	 1.371443e+00 
1.260000e-01 	 1.199411e+02 	 1.440508e+00 
1.280000e-01 	 1.218690e+02 	 1.511547e+00 
1.300000e-01 	 1.237969e+02 	 1.586532e+00 
1.320000e-01 	 1.257268e+02 	 1.665464e+00 
1.340000e-01 	 1.276567e+02 	 1.748343e+00 
1.360000e-01 	 1.295885e+02 	 1.833195e+00 
1.380000e-01 	 1.315223e+02 	 1.923966e+00 
1.400000e-01 	 1.334562e+02 	 2.018685e+00 
1.420000e-01 	 1.353940e+02 	 2.117350e+00 
1.440000e-01 	 1.373298e+02 	 2.219961e+00 
1.460000e-01 	 1.392695e+02 	 2.328493e+00 
1.480000e-01 	 1.412093e+02 	 2.440971e+00 
1.500000e-01 	 1.431510e+02 	 2.559369e+00 
1.520000e-01 	 1.450947e+02 	 2.681713e+00 
1.540000e-01 	 1.470404e+02 	 2.809978e+00 
1.560000e-01 	 1.489880e+02 	 2.942189e+00 
1.580000e-01 	 1.509357e+02 	 3.082293e+00 
1.600000e-01 	 1.528873e+02 	 3.226344e+00 
1.620000e-01 	 1.548388e+02 	 3.376314e+00 
1.640000e-01 	 1.567944e+02 	 3.534178e+00 
1.660000e-01 	 1.587499e+02 	 3.695989e+00 
1.680000e-01 	 1.607074e+02 	 3.865693e+00 
1.700000e-01 	 1.626689e+02 	 4.041316e+00 
1.720000e-01 	 1.646304e+02 	 4.222860e+00 
1.740000e-01 	 1.665958e+02 	 4.412296e+00 
1.760000e-01 	 1.685612e+02 	 4.609626e+00 
1.780000e-01 	 1.705305e+02 	 4.812876e+00 
1.800000e-01 	 1.725018e+02 	 5.024019e+00 
1.820000e-01 	 1.744751e+02 	 5.243055e+00 
1.840000e-01 	 1.764524e+02 	 5.469985e+00 
1.860000e-01 	 1.784316e+02 	 5.704807e+00 
1.880000e-01 	 1.804128e+02 	 5.949496e+00 
1.900000e-01 	 1.823960e+02 	 6.200105e+00 
1.920000e-01 	 1.843831e+02 	 6.460581e+00 
1.940000e-01 	 1.863722e+02 	 6.730923e+00 
1.960000e-01 	 1.883632e+02 	 7.009158e+00 
1.980000e-01 	 1.903582e+02 	 7.295286e+00 
2.000000e-01 	 1.923572e+02 	 7.593254e+00 
2.020000e-01 	 1.943581e+02 	 7.899116e+00 
2.040000e-01 	 1.963630e+02 	 8.214843e+00 
2.060000e-01 	 1.983698e+02 	 8.542411e+00 
2.080000e-01 	 2.003806e+02 	 8.879845e+00 
2.100000e-01 	 2.023934e+02 	 9.227146e+00 
2.120000e-01 	 2.044101e+02 	 9.584313e+00 
2.140000e-01 	 2.064307e+02 	 9.953320e+00 
2.160000e-01 	 2.084554e+02 	 1.033417e+01 
2.180000e-01 	 2.104839e+02 	 1.072488e+01 
2.200000e-01 	 2.125144e+02 	 1.112941e+01 
2.220000e-01 	 2.145489e+02 	 1.154380e+01 
2.240000e-01 	 2.165873e+02 	 1.197003e+01 
2.260000e-01 	 2.186297e+02 	 1.240810e+01 
2.280000e-01 	 2.206780e+02 	 1.285999e+01 
2.300000e-01 	 2.227282e+02 	 1.332371e+01 
2.320000e-01 	 2.247824e+02 	 1.380125e+01 
2.592000e-01 	 2.527717e+02 	 1.400845e+01 
2.608000e-01 	 2.544194e+02 	 1.419197e+01 
2.624000e-01 	 2.560691e+02 	 1.437943e+01 
2.640000e-01 	 2.577188e+02 	 1.457281e+01 
2.656000e-01 	 2.593684e+02 	 1.477014e+01 
2.672000e-01 	 2.610201e+02 	 1.497537e+01 
2.688000e-01 	 2.626737e+02 	 1.518256e+01 
2.704000e-01 	 2.643293e+02 	 1.539765e+01 
2.720000e-01 	 2.659849e+02 	 1.561669e+01 
2.736000e-01 	 2.676425e+02 	 1.584164e+01 
2.752000e-01 	 2.693001e+02 	 1.607252e+01 
2.768000e-01 	 2.709596e+02 	 1.630932e+01 
2.784000e-01 	 2.726211e+02 	 1.655006e+01 
2.800000e-01 	 2.742846e+02 	 1.679672e+01 
2.816000e-01 	 2.759481e+02 	 1.704930e+01 
2.832000e-01 	 2.776136e+02 	 1.730780e+01 
2.848000e-01 	 2.792810e+02 	 1.757223e+01 
2.864000e-01 	 2.809484e+02 	 1.784257e+01 
2.880000e-01 	 2.826178e+02 	 1.811686e+01 
2.896000e-01 	 2.842912e+02 	 1.839904e+01 
2.912000e-01 	 2.859626e+02 	 1.868517e+01 
2.928000e-01 	 2.876379e+02 	 1.897722e+01 
2.944000e-01 	 2.893152e+02 	 1.927518e+01 
2.960000e-01 	 2.909925e+02 	 1.957907e+01 
2.976000e-01 	 2.926718e+02 	 1.988888e+01 
2.992000e-01 	 2.943531e+02 	 2.020461e+01 
3.008000e-01 	 2.960363e+02 	 2.052626e+01 
3.024000e-01 	 2.977215e+02 	 2.085185e+01 
3.040000e-01 	 2.994067e+02 	 2.118336e+01 
3.056000e-01 	 3.010958e+02 	 2.152080e+01 
3.072000e-01 	 3.027850e+02 	 2.186415e+01 
3.088000e-01 	 3.044781e+02 	 2.221343e+01 
3.104000e-01 	 3.061711e+02 	 2.256665e+01 
3.120000e-01 	 3.078662e+02 	 2.292579e+01 
3.136000e-01 	 3.095632e+02 	 2.329085e+01 
3.152000e-01 	 3.112623e+02 	 2.366183e+01 
3.168000e-01 	 3.129632e+02 	 2.403675e+01 
3.184000e-01 	 3.146662e+02 	 2.441760e+01 
3.200000e-01 	 3.163711e+02 	 2.480239e+01 
3.216000e-01 	 3.180780e+02 	 2.519508e+01 
3.232000e-01 	 3.197869e+02 	 2.558974e+01 
3.248000e-01 	 3.214978e+02 	 2.599032e+01 
3.264000e-01 	 3.232106e+02 	 2.639682e+01 
3.280000e-01 	 3.249254e+02 	 2.680727e+01 
3.296000e-01 	 3.266421e+02 	 2.722363e+01 
3.312000e-01 	 3.283609e+02 	 2.764394e+01 
3.328000e-01 	 3.300816e+02 	 2.806820e+01 
3.344000e-01 	 3.318043e+02 	 2.849838e+01 
3.360000e-01 	 3.335309e+02 	 2.893054e+01 
3.376000e-01 	 3.352576e+02 	 2.937058e+01 
3.392000e-01 	 3.369862e+02 	 2.981260e+01 
3.408000e-01 	 3.387168e+02 	 3.026054e+01 
3.424000e-01 	 3.404513e+02 	 3.071045e+01 
3.440000e-01 	 3.421858e+02 	 3.116628e+01 
3.456000e-01 	 3.439243e+02 	 3.162606e+01 
3.472000e-01 	 3.456628e+02 	 3.208979e+01 
3.488000e-01 	 3.474052e+02 	 3.255746e+01 
3.504000e-01 	 3.491496e+02 	 3.302908e+01 
3.520000e-01 	 3.508960e+02 	 3.350464e+01 
3.536000e-01 	 3.526443e+02 	 3.398415e+01 
3.552000e-01 	 3.543946e+02 	 3.446761e+01 
3.568000e-01 	 3.561469e+02 	 3.495502e+01 
3.584000e-01 	 3.579031e+02 	 3.544440e+01 
3.600000e-01 	 3.596594e+02 	 3.593969e+01 
3.616000e-01 	 3.614196e+02 	 3.643696e+01 
3.632000e-01 	 3.631797e+02 	 3.693621e+01 
3.648000e-01 	 3.649439e+02 	 3.744137e+01 
3.664000e-01 	 3.667100e+02 	 3.794851e+01 
3.680000e-01 	 3.684781e+02 	 3.845960e+01 
3.696000e-01 	 3.702481e+02 	 3.897265e+01 
3.712000e-01 	 3.720221e+02 	 3.948966e+01 
3.728000e-01 	 3.737961e+02 	 4.000864e+01 
3.744000e-01 	 3.755740e+02 	 4.053156e+01 
3.760000e-01 	 3.773520e+02 	 4.105843e+01 
3.776000e-01 	 3.791339e+02 	 4.158727e+01 
3.792000e-01 	 3.809177e+02 	 4.211809e+01 
3.808000e-01 	 3.827036e+02 	 4.265286e+01 
3.824000e-01 	 3.844914e+02 	 4.318959e+01 
3.840000e-01 	 3.862831e+02 	 4.373028e+01 
3.856000e-01 	 3.880749e+02 	 4.427293e+01 
3.872000e-01 	 3.898706e+02 	 4.481757e+01 
3.888000e-01 	 3.916683e+02 	 4.536614e+01 
3.904000e-01 	 3.934679e+02 	 4.591669e+01 
3.920000e-01 	 3.952695e+02 	 4.646922e+01 
3.936000e-01 	 3.970731e+02 	 4.702371e+01 
3.952000e-01 	 3.988807e+02 	 4.758216e+01 
3.968000e-01 	 4.006882e+02 	 4.814257e+01 
3.984000e-01 	 4.024997e+02 	 4.870496e+01 
4.000000e-01 	 4.043132e+02 	 4.926933e+01 
4.016000e-01 	 4.061286e+02 	 4.983566e+01 
4.032000e-01 	 4.079460e+02 	 5.040397e+01 
4.048000e-01 	 4.097654e+02 	 5.097623e+01 
4.064000e-01 	 4.115887e+02 	 5.155046e+01 
4.080000e-01 	 4.134140e+02 	 5.212469e+01 
4.096000e-01 	 4.152393e+02 	 5.270287e+01 
4.112000e-01 	 4.170686e+02 	 5.328302e+01 
4.128000e-01 	 4.188998e+02 	 5.386514e+01 
4.144000e-01 	 4.207330e+02 	 5.444924e+01 
4.160000e-01 	 4.225701e+02 	 5.503333e+01 
4.176000e-01 	 4.244073e+02 	 5.562138e+01 
4.192000e-01 	 4.262484e+02 	 5.621139e+01 
4.208000e-01 	 4.280914e+02 	 5.680338e+01 
4.224000e-01 	 4.299345e+02 	 5.739537e+01 
4.240000e-01 	 4.317815e+02 	 5.799131e+01 
4.256000e-01 	 4.336324e+02 	 5.858922e+01 
4.272000e-01 	 4.354834e+02 	 5.918713e+01 
4.288000e-01 	 4.373363e+02 	 5.978898e+01 
4.304000e-01 	 4.391932e+02 	 6.039084e+01 
4.320000e-01 	 4.410520e+02 	 6.099467e+01 
4.336000e-01 	 4.429129e+02 	 6.160047e+01 
4.352000e-01 	 4.447757e+02 	 6.220825e+01 
4.368000e-01 	 4.466404e+02 	 6.281602e+01 
4.384000e-01 	 4.485072e+02 	 6.342775e+01 
4.400000e-01 	 4.503759e+02 	 6.403947e+01 
4.416000e-01 	 4.522485e+02 	 6.465317e+01 
4.432000e-01 	 4.541232e+02 	 6.526884e+01 
4.448000e-01 	 4.559978e+02 	 6.588648e+01 
4.464000e-01 	 4.578764e+02 	 6.650609e+01 
4.480000e-01 	 4.597569e+02 	 6.712571e+01 
4.496000e-01 	 4.616395e+02 	 6.774730e+01 
4.512000e-01 	 4.635259e+02 	 6.837086e+01 
4.528000e-01 	 4.654124e+02 	 6.899640e+01 
4.544000e-01 	 4.673028e+02 	 6.962193e+01 
4.560000e-01 	 4.691933e+02 	 7.024944e+01 
4.576000e-01 	 4.710876e+02 	 7.087892e+01 
4.592000e-01 	 4.729840e+02 	 7.150841e+01 
4.608000e-01 	 4.748823e+02 	 7.214184e+01 
4.624000e-01 	 4.767826e+02 	 7.277526e+01 
4.640000e-01 	 4.786848e+02 	 7.340869e+01 
4.656000e-01 	 4.805891e+02 	 7.404607e+01 
4.672000e-01 	 4.824972e+02 	 7.468344e+01 
4.688000e-01 	 4.844054e+02 	 7.532279e+01 
4.704000e-01 	 4.863175e+02 	 7.596214e+01 
4.720000e-01 	 4.882316e+02 	 7.660346e+01 
4.736000e-01 	 4.901477e+02 	 7.724676e+01 
4.752000e-01 	 4.920658e+02 	 7.789006e+01 
4.768000e-01 	 4.939858e+02 	 7.853532e+01 
4.784000e-01 	 4.959078e+02 	 7.918257e+01 
4.800000e-01 	 4.978317e+02 	 7.983178e+01 
4.816000e-01 	 4.997577e+02 	 8.048100e+01 
4.832000e-01 	 5.016876e+02 	 8.113021e+01 
4.848000e-01 	 5.036175e+02 	 8.178337e+01 
4.864000e-01 	 5.055513e+02 	 8.243456e+01 
4.880000e-01 	 5.074871e+02 	 8.305615e+01 
4.896000e-01 	 5.094229e+02 	 8.366195e+01 
4.912000e-01 	 5.113627e+02 	 8.425592e+01 
4.928000e-01 	 5.133044e+02 	 8.483804e+01 
4.944000e-01 	 5.152461e+02 	 8.541424e+01 
4.960000e-01 	 5.171918e+02 	 8.598058e+01 
4.976000e-01 	 5.191394e+02 	 8.654297e+01 
4.992000e-01 	 5.210871e+02 	 8.709747e+01 
5.008000e-01 	 5.230367e+02 	 8.764605e+01 
5.024000e-01 	 5.249883e+02 	 8.818870e+01 
5.040000e-01 	 5.269419e+02 	 8.872741e+01 
5.056000e-01 	 5.288974e+02 	 8.926218e+01 
5.072000e-01 	 5.308549e+02 	 8.979299e+01 
5.088000e-01 	 5.328144e+02 	 9.031789e+01 
5.104000e-01 	 5.347739e+02 	 9.083884e+01 
5.120000e-01 	 5.367353e+02 	 9.135585e+01 
5.136000e-01 	 5.386988e+02 	 9.187088e+01 
5.152000e-01 	 5.406642e+02 	 9.237999e+01 
5.168000e-01 	 5.426316e+02 	 9.288713e+01 
5.184000e-01 	 5.446009e+02 	 9.339032e+01 
5.200000e-01 	 5.465703e+02 	 9.388956e+01 
5.216000e-01 	 5.485416e+02 	 9.438683e+01 
5.232000e-01 	 5.505149e+02 	 9.488016e+01 
5.248000e-01 	 5.524882e+02 	 9.537151e+01 
5.264000e-01 	 5.544654e+02 	 9.585892e+01 
5.280000e-01 	 5.564427e+02 	 9.634435e+01 
5.296000e-01 	 5.584199e+02 	 9.682781e+01 
5.312000e-01 	 5.604011e+02 	 9.730732e+01 
5.328000e-01 	 5.623823e+02 	 9.778486e+01 
5.344000e-01 	 5.643655e+02 	 9.826042e+01 
5.360000e-01 	 5.663506e+02 	 9.873204e+01 
5.376000e-01 	 5.683377e+02 	 9.920168e+01 
5.392000e-01 	 5.703248e+02 	 9.966936e+01 
5.408000e-01 	 5.723139e+02 	 1.001351e+02 
5.424000e-01 	 5.743030e+02 	 1.005968e+02 
5.440000e-01 	 5.762941e+02 	 1.010586e+02 
5.456000e-01 	 5.782871e+02 	 1.015164e+02 
5.472000e-01 	 5.802821e+02 	 1.019742e+02 
5.488000e-01 	 5.822771e+02 	 1.024280e+02 
5.504000e-01 	 5.842741e+02 	 1.028799e+02 
5.520000e-01 	 5.862730e+02 	 1.033298e+02 
5.536000e-01 	 5.882720e+02 	 1.037797e+02 
5.552000e-01 	 5.902729e+02 	 1.042257e+02 
5.568000e-01 	 5.922738e+02 	 1.046697e+02 
5.584000e-01 	 5.942787e+02 	 1.051137e+02 
5.600000e-01 	 5.962836e+02 	 1.055537e+02 
5.616000e-01 	 5.982884e+02 	 1.059938e+02 
5.632000e-01 	 6.002953e+02 	 1.064319e+02 
5.648000e-01 	 6.023041e+02 	 1.068660e+02 
5.664000e-01 	 6.043129e+02 	 1.073001e+02 
5.680000e-01 	 6.063237e+02 	 1.077342e+02 
5.696000e-01 	 6.083365e+02 	 1.081644e+02 
5.712000e-01 	 6.103493e+02 	 1.085926e+02 
5.728000e-01 	 6.123640e+02 	 1.090208e+02 
5.744000e-01 	 6.143807e+02 	 1.094471e+02 
5.760000e-01 	 6.163974e+02 	 1.098713e+02 
5.776000e-01 	 6.184141e+02 	 1.102936e+02 
5.792000e-01 	 6.204348e+02 	 1.107159e+02 
5.808000e-01 	 6.224535e+02 	 1.111362e+02 
5.824000e-01 	 6.244761e+02 	 1.115545e+02 
5.840000e-01 	 6.264987e+02 	 1.119729e+02 
5.856000e-01 	 6.285214e+02 	 1.123873e+02 
5.872000e-01 	 6.305479e+02 	 1.128017e+02 
5.888000e-01 	 6.325725e+02 	 1.132161e+02 
5.904000e-01 	 6.346011e+02 	 1.136285e+02 
5.920000e-01 	 6.366277e+02 	 1.140389e+02 
5.936000e-01 	 6.386582e+02 	 1.144474e+02 
5.952000e-01 	 6.406887e+02 	 1.148559e+02 
5.968000e-01 	 6.427192e+02 	 1.152624e+02 
5.984000e-01 	 6.447517e+02 	 1.156689e+02 
6.000000e-01 	 6.467862e+02 	 1.160734e+02 
6.016000e-01 	 6.488207e+02 	 1.164759e+02 
6.032000e-01 	 6.508571e+02 	 1.168785e+02 
6.048000e-01 	 6.528936e+02 	 1.172791e+02 
6.064000e-01 	 6.549320e+02 	 1.176797e+02 
6.080000e-01 	 6.569704e+02 	 1.180783e+02 
6.096000e-01 	 6.590108e+02 	 1.184749e+02 
6.112000e-01 	 6.610532e+02 	 1.188715e+02 
6.128000e-01 	 6.630955e+02 	 1.192682e+02 
6.144000e-01 	 6.651379e+02 	 1.196628e+02 
6.160000e-01 	 6.671822e+02 	 1.200555e+02 
6.176000e-01 	 6.692266e+02 	 1.204482e+02 
6.192000e-01 	 6.712729e+02 	 1.208409e+02 
6.208000e-01 	 6.733212e+02 	 1.212296e+02 
6.224000e-01 	 6.753695e+02 	 1.216203e+02 
6.240000e-01 	 6.774177e+02 	 1.220091e+02 
6.256000e-01 	 6.794700e+02 	 1.223958e+02 
6.272000e-01 	 6.815202e+02 	 1.227846e+02 
6.288000e-01 	 6.835725e+02 	 1.231694e+02 
6.304000e-01 	 6.856267e+02 	 1.235542e+02 
6.320000e-01 	 6.876809e+02 	 1.239390e+02 
6.336000e-01 	 6.897351e+02 	 1.243218e+02 
6.352000e-01 	 6.917912e+02 	 1.247046e+02 
6.368000e-01 	 6.938494e+02 	 1.250874e+02 
6.384000e-01 	 6.959075e+02 	 1.254683e+02 
6.400000e-01 	 6.979657e+02 	 1.258491e+02 
6.416000e-01 	 7.000258e+02 	 1.262280e+02 
6.432000e-01 	 7.020859e+02 	 1.266069e+02 
6.448000e-01 	 7.041480e+02 	 1.269838e+02 
6.464000e-01 	 7.062121e+02 	 1.273626e+02 
6.480000e-01 	 7.082762e+02 	 1.277376e+02 
6.496000e-01 	 7.103403e+02 	 1.281145e+02 
6.512000e-01 	 7.124063e+02 	 1.284894e+02 
6.528000e-01 	 7.144723e+02 	 1.288643e+02 
6.544000e-01 	 7.165404e+02 	 1.292373e+02 
6.560000e-01 	 7.186084e+02 	 1.296102e+02 
6.576000e-01 	 7.206764e+02 	 1.299832e+02 
6.592000e-01 	 7.227484e+02 	 1.303542e+02 
6.608000e-01 	 7.248183e+02 	 1.307251e+02 
6.624000e-01 	 7.268903e+02 	 1.310961e+02 
6.640000e-01 	 7.289643e+02 	 1.314671e+02 
6.656000e-01 	 7.310362e+02 	 1.318361e+02 
6.672000e-01 	 7.331121e+02 	 1.322051e+02 
6.688000e-01 	 7.351880e+02 	 1.325741e+02 
6.704000e-01 	 7.372639e+02 	 1.329411e+02 
6.720000e-01 	 7.393418e+02 	 1.333082e+02 
6.736000e-01 	 7.414197e+02 	 1.336752e+02 
6.752000e-01 	 7.434976e+02 	 1.340422e+02 
6.768000e-01 	 7.455775e+02 	 1.344073e+02 
6.784000e-01 	 7.476593e+02 	 1.347724e+02 
6.800000e-01 	 7.497411e+02 	 1.351374e+02 
6.816000e-01 	 7.518229e+02 	 1.355025e+02 
6.832000e-01 	 7.539067e+02 	 1.358656e+02 
6.848000e-01 	 7.559906e+02 	 1.362287e+02 
6.864000e-01 	 7.580763e+02 	 1.365918e+02 
6.880000e-01 	 7.601621e+02 	 1.369548e+02 
6.896000e-01 	 7.622479e+02 	 1.373160e+02 
6.912000e-01 	 7.643356e+02 	 1.376790e+02 
6.928000e-01 	 7.664234e+02 	 1.380402e+02 
6.944000e-01 	 7.685131e+02 	 1.384013e+02 
6.960000e-01 	 7.706028e+02 	 1.387604e+02 
6.976000e-01 	 7.726945e+02 	 1.391215e+02 
6.992000e-01 	 7.747862e+02 	 1.394807e+02 
7.008000e-01 	 7.768779e+02 	 1.398418e+02 
7.024000e-01 	 7.789716e+02 	 1.402009e+02 
7.040000e-01 	 7.810672e+02 	 1.405581e+02 
7.056000e-01 	 7.831609e+02 	 1.409172e+02 
7.072000e-01 	 7.852565e+02 	 1.412764e+02 
7.088000e-01 	 7.873542e+02 	 1.416335e+02 
7.104000e-01 	 7.894518e+02 	 1.419907e+02 
7.120000e-01 	 7.915494e+02 	 1.423498e+02 
7.136000e-01 	 7.936490e+02 	 1.427070e+02 
7.152000e-01 	 7.957486e+02 	 1.430622e+02 
7.168000e-01 	 7.978482e+02 	 1.434194e+02 
7.184000e-01 	 7.999497e+02 	 1.437765e+02 
7.200000e-01 	 8.020533e+02 	 1.441317e+02 
7.216000e-01 	 8.041568e+02 	 1.444889e+02 
7.232000e-01 	 8.062603e+02 	 1.448441e+02 
7.248000e-01 	 8.083639e+02 	 1.451993e+02 
7.264000e-01 	 8.104694e+02 	 1.455545e+02 
7.280000e-01 	 8.125749e+02 	 1.459097e+02 
7.296000e-01 	 8.146824e+02 	 1.462649e+02 
7.312000e-01 	 8.167899e+02 	 1.466201e+02 
7.328000e-01 	 8.188993e+02 	 1.469753e+02 
7.344000e-01 	 8.210088e+02 	 1.473285e+02 
7.360000e-01 	 8.231182e+02 	 1.476837e+02 
7.376000e-01 	 8.252297e+02 	 1.480369e+02 
7.392000e-01 	 8.273411e+02 	 1.483921e+02 
7.408000e-01 	 8.294525e+02 	 1.487453e+02 
7.424000e-01 	 8.315659e+02 	 1.491005e+02 
7.440000e-01 	 8.336793e+02 	 1.494537e+02 
7.456000e-01 	 8.357947e+02 	 1.498069e+02 
7.472000e-01 	 8.379101e+02 	 1.501602e+02 
7.488000e-01 	 8.400255e+02 	 1.505153e+02 
7.504000e-01 	 8.421428e+02 	 1.508686e+02 
7.520000e-01 	 8.442602e+02 	 1.512218e+02 
7.536000e-01 	 8.463795e+02 	 1.515750e+02 
7.552000e-01 	 8.484988e+02 	 1.519282e+02 
7.568000e-01 	 8.506181e+02 	 1.522815e+02 
7.584000e-01 	 8.527394e+02 	 1.526347e+02 
7.600000e-01 	 8.548607e+02 	 1.529879e+02 
7.616000e-01 	 8.569820e+02 	 1.533411e+02 
7.632000e-01 	 8.591053e+02 	 1.536943e+02 
7.648000e-01 	 8.612286e+02 	 1.540476e+02 
7.664000e-01 	 8.633538e+02 	 1.544008e+02 
7.680000e-01 	 8.654790e+02 	 1.547540e+02 
7.696000e-01 	 8.676043e+02 	 1.551072e+02 
7.712000e-01 	 8.697315e+02 	 1.554604e+02 
7.728000e-01 	 8.718587e+02 	 1.558137e+02 
7.744000e-01 	 8.739859e+02 	 1.561669e+02 
7.760000e-01 	 8.761151e+02 	 1.565201e+02 
7.776000e-01 	 8.782443e+02 	 1.568733e+02 
7.792000e-01 	 8.803755e+02 	 1.572265e+02 
7.808000e-01 	 8.825066e+02 	 1.575798e+02 
7.824000e-01 	 8.846378e+02 	 1.579330e+02 
7.840000e-01 	 8.867709e+02 	 1.582862e+02 
7.856000e-01 	 8.889041e+02 	 1.586414e+02 
7.872000e-01 	 8.910372e+02 	 1.589946e+02 
7.888000e-01 	 8.931723e+02 	 1.593478e+02 
7.904000e-01 	 8.953074e+02 	 1.597030e+02 
7.920000e-01 	 8.974425e+02 	 1.600562e+02 
7.936000e-01 	 8.995796e+02 	 1.604114e+02 
7.952000e-01 	 9.017167e+02 	 1.607647e+02 
7.968000e-01 	 9.038558e+02 	 1.611199e+02 
7.984000e-01 	 9.059948e+02 	 1.614731e+02 
8.000000e-01 	 9.081339e+02 	 1.618283e+02 
8.016000e-01 	 9.102749e+02 	 1.621835e+02 
8.032000e-01 	 9.124159e+02 	 1.625387e+02 
8.048000e-01 	 9.145570e+02 	 1.628939e+02 
8.064000e-01 	 9.167000e+02 	 1.632490e+02 
8.080000e-01 	 9.188430e+02 	 1.636042e+02 
8.096000e-01 	 9.209860e+02 	 1.639614e+02 
8.112000e-01 	 9.231309e+02 	 1.643166e+02 
8.128000e-01 	 9.252759e+02 	 1.646718e+02 
8.144000e-01 	 9.274209e+02 	 1.650290e+02 
8.160000e-01 	 9.295678e+02 	 1.653861e+02 
8.176000e-01 	 9.317148e+02 	 1.657413e+02 
8.192000e-01 	 9.338637e+02 	 1.660985e+02 
8.208000e-01 	 9.360126e+02 	 1.664557e+02 
8.224000e-01 	 9.381616e+02 	 1.668128e+02 
8.240000e-01 	 9.403125e+02 	 1.671700e+02 
8.256000e-01 	 9.424634e+02 	 1.675291e+02 
8.272000e-01 	 9.446143e+02 	 1.678863e+02 
8.288000e-01 	 9.467671e+02 	 1.682454e+02 
8.304000e-01 	 9.489200e+02 	 1.686026e+02 
8.320000e-01 	 9.510729e+02 	 1.689617e+02 
8.336000e-01 	 9.532277e+02 	 1.693209e+02 
8.352000e-01 	 9.553825e+02 	 1.696800e+02 
8.368000e-01 	 9.575374e+02 	 1.700392e+02 
8.384000e-01 	 9.596942e+02 	 1.704003e+02 
8.400000e-01 	 9.618510e+02 	 1.707594e+02 
8.416000e-01 	 9.640078e+02 	 1.711205e+02 
8.432000e-01 	 9.661666e+02 	 1.714797e+02 
8.448000e-01 	 9.683254e+02 	 1.718408e+02 
8.464000e-01 	 9.704862e+02 	 1.722019e+02 
8.480000e-01 	 9.726469e+02 	 1.725630e+02 
8.496000e-01 	 9.748077e+02 	 1.729261e+02 
8.512000e-01 	 9.769685e+02 	 1.732872e+02 
8.528000e-01 	 9.791312e+02 	 1.736503e+02 
8.544000e-01 	 9.812939e+02 	 1.740134e+02 
8.560000e-01 	 9.834586e+02 	 1.743765e+02 
8.576000e-01 	 9.856233e+02 	 1.747396e+02 
8.592000e-01 	 9.877881e+02 	 1.751027e+02 
8.608000e-01 	 9.899547e+02 	 1.754677e+02 
8.624000e-01 	 9.921214e+02 	 1.758308e+02 
8.640000e-01 	 9.942881e+02 	 1.761959e+02 
8.656000e-01 	 9.964568e+02 	 1.765609e+02 
8.672000e-01 	 9.986254e+02 	 1.769260e+02 
8.688000e-01 	 1.000794e+03 	 1.772930e+02 
8.704000e-01 	 1.002963e+03 	 1.776581e+02 
8.720000e-01 	 1.005133e+03 	 1.780251e+02 
8.736000e-01 	 1.007306e+03 	 1.783921e+02 
8.752000e-01 	 1.009477e+03 	 1.787592e+02 
8.768000e-01 	 1.011649e+03 	 1.791262e+02 
8.784000e-01 	 1.013824e+03 	 1.794952e+02 
8.800000e-01 	 1.015996e+03 	 1.798623e+02 
8.816000e-01 	 1.018171e+03 	 1.802313e+02 
8.832000e-01 	 1.020347e+03 	 1.806003e+02 
8.848000e-01 	 1.022524e+03 	 1.809712e+02 
8.864000e-01 	 1.024701e+03 	 1.813403e+02 
8.880000e-01 	 1.026877e+03 	 1.817112e+02 
8.896000e-01 	 1.029056e+03 	 1.820822e+02 
8.912000e-01 	 1.031234e+03 	 1.824532e+02 
8.928000e-01 	 1.033413e+03 	 1.828242e+02 
8.944000e-01 	 1.035593e+03 	 1.831971e+02 
8.960000e-01 	 1.037774e+03 	 1.835681e+02 
8.976000e-01 	 1.039954e+03 	 1.839411e+02 
8.992000e-01 	 1.042137e+03 	 1.843140e+02 
9.008000e-01 	 1.044319e+03 	 1.846889e+02 
9.024000e-01 	 1.046504e+03 	 1.850619e+02 
9.040000e-01 	 1.048686e+03 	 1.854368e+02 
9.056000e-01 	 1.050870e+03 	 1.858117e+02 
9.072000e-01 	 1.053057e+03 	 1.861867e+02 
9.088000e-01 	 1.055243e+03 	 1.865636e+02 
9.104000e-01 	 1.057430e+03 	 1.869405e+02 
9.120000e-01 	 1.059616e+03 	 1.873174e+02 
9.136000e-01 	 1.061805e+03 	 1.876943e+02 
9.152000e-01 	 1.063993e+03 	 1.880712e+02 
9.168000e-01 	 1.066181e+03 	 1.884500e+02 
9.184000e-01 	 1.068372e+03 	 1.888289e+02 
9.200000e-01 	 1.070562e+03 	 1.892078e+02 
9.216000e-01 	 1.072754e+03 	 1.895867e+02 
9.232000e-01 	 1.074947e+03 	 1.899675e+02 
9.248000e-01 	 1.077139e+03 	 1.903464e+02 
9.264000e-01 	 1.079331e+03 	 1.907292e+02 
9.280000e-01 	 1.081526e+03 	 1.911101e+02 
9.296000e-01 	 1.083720e+03 	 1.914909e+02 
9.312000e-01 	 1.085914e+03 	 1.918737e+02 
9.328000e-01 	 1.088111e+03 	 1.922565e+02 
9.344000e-01 	 1.090307e+03 	 1.926413e+02 
9.360000e-01 	 1.092505e+03 	 1.930242e+02 
9.376000e-01 	 1.094703e+03 	 1.934089e+02 
9.392000e-01 	 1.096902e+03 	 1.937937e+02 
9.408000e-01 	 1.099100e+03 	 1.941785e+02 
9.424000e-01 	 1.101300e+03 	 1.945653e+02 
9.440000e-01 	 1.103500e+03 	 1.949521e+02 
9.456000e-01 	 1.105701e+03 	 1.953388e+02 
9.472000e-01 	 1.107903e+03 	 1.957256e+02 
9.488000e-01 	 1.110105e+03 	 1.961143e+02 
9.504000e-01 	 1.112309e+03 	 1.965031e+02 
9.520000e-01 	 1.114513e+03 	 1.968918e+02 
9.536000e-01 	 1.116717e+03 	 1.972806e+02 
9.552000e-01 	 1.118922e+03 	 1.976713e+02 
9.568000e-01 	 1.121128e+03 	 1.980620e+02 
9.584000e-01 	 1.123334e+03 	 1.984527e+02 
9.600000e-01 	 1.125540e+03 	 1.988454e+02 
9.616000e-01 	 1.127748e+03 	 1.992361e+02 
9.632000e-01 	 1.129956e+03 	 1.996288e+02 
9.648000e-01 	 1.132166e+03 	 2.000234e+02 
9.664000e-01 	 1.134375e+03 	 2.004161e+02 
9.680000e-01 	 1.136585e+03 	 2.008108e+02 
9.696000e-01 	 1.138797e+03 	 2.012055e+02 
9.712000e-01 	 1.141009e+03 	 2.016021e+02 
9.728000e-01 	 1.143221e+03 	 2.019967e+02 
9.744000e-01 	 1.145433e+03 	 2.023934e+02 
9.760000e-01 	 1.147647e+03 	 2.027900e+02 
9.776000e-01 	 1.149861e+03 	 2.031886e+02 
9.792000e-01 	 1.152075e+03 	 2.035872e+02 
9.808000e-01 	 1.154291e+03 	 2.039858e+02 
9.824000e-01 	 1.156507e+03 	 2.043844e+02 
9.840000e-01 	 1.158723e+03 	 2.047850e+02 
9.856000e-01 	 1.160941e+03 	 2.051856e+02 
9.872000e-01 	 1.163159e+03 	 2.055862e+02 
9.888000e-01 	 1.165377e+03 	 2.059887e+02 
9.904000e-01 	 1.167597e+03 	 2.063893e+02 
9.920000e-01 	 1.169817e+03 	 2.067919e+02 
9.936000e-01 	 1.172039e+03 	 2.071964e+02 
9.952000e-01 	 1.174259e+03 	 2.076009e+02 
9.968000e-01 	 1.176481e+03 	 2.080054e+02 
9.984000e-01 	 1.178705e+03 	 2.084100e+02 
1.000000e+00 	 1.180927e+03 	 2.088145e+02 
1.001600e+00 	 1.183151e+03 	 2.092210e+02 
1.003200e+00 	 1.185376e+03 	 2.096275e+02 
1.004800e+00 	 1.187600e+03 	 2.100360e+02 
1.006400e+00 	 1.189826e+03 	 2.104444e+02 
1.008000e+00 	 1.192054e+03 	 2.108529e+02 
1.009600e+00 	 1.194280e+03 	 2.112614e+02 
1.011200e+00 	 1.196508e+03 	 2.116718e+02 
1.012800e+00 	 1.198736e+03 	 2.120823e+02 
1.014400e+00 	 1.200966e+03 	 2.124927e+02 
1.016000e+00 	 1.203195e+03 	 2.129032e+02 
1.017600e+00 	 1.205425e+03 	 2.133156e+02 
1.019200e+00 	 1.207657e+03 	 2.137280e+02 
1.020800e+00 	 1.209889e+03 	 2.141424e+02 
1.022400e+00 	 1.212121e+03 	 2.145568e+02 
1.024000e+00 	 1.214354e+03 	 2.149712e+02 
1.025600e+00 	 1.216588e+03 	 2.153856e+02 
1.027200e+00 	 1.218822e+03 	 2.158019e+02 
1.028800e+00 	 1.221058e+03 	 2.162183e+02 
1.030400e+00 	 1.223293e+03 	 2.166347e+02 
1.032000e+00 	 1.225529e+03 	 2.170530e+02 
1.033600e+00 	 1.227765e+03 	 2.174714e+02 
1.035200e+00 	 1.230003e+03 	 2.178897e+02 
1.036800e+00 	 1.232240e+03 	 2.183080e+02 
1.038400e+00 	 1.234480e+03 	 2.187283e+02 
1.040000e+00 	 1.236720e+03 	 2.191487e+02 
1.041600e+00 	 1.238959e+03 	 2.195709e+02 
1.043200e+00 	 1.241201e+03 	 2.199932e+02 
1.044800e+00 	 1.243443e+03 	 2.204155e+02 
1.046400e+00 	 1.245684e+03 	 2.208378e+02 
1.048000e+00 	 1.247926e+03 	 2.212621e+02 
1.049600e+00 	 1.250170e+03 	 2.216863e+02 
1.051200e+00 	 1.252413e+03 	 2.221106e+02 
1.052800e+00 	 1.254659e+03 	 2.225368e+02 
1.054400e+00 	 1.256905e+03 	 2.229630e+02 
1.056000e+00 	 1.259150e+03 	 2.233893e+02 
1.057600e+00 	 1.261396e+03 	 2.238175e+02 
1.059200e+00 	 1.263643e+03 	 2.242457e+02 
1.060800e+00 	 1.265891e+03 	 2.246739e+02 
1.062400e+00 	 1.268141e+03 	 2.251041e+02 
1.064000e+00 	 1.270390e+03 	 2.255343e+02 
1.065600e+00 	 1.272640e+03 	 2.259644e+02 
1.067200e+00 	 1.274889e+03 	 2.263946e+02 
1.068800e+00 	 1.277141e+03 	 2.268268e+02 
1.070400e+00 	 1.279392e+03 	 2.272589e+02 
1.072000e+00 	 1.281646e+03 	 2.276930e+02 
1.073600e+00 	 1.283897e+03 	 2.281272e+02 
1.075200e+00 	 1.286151e+03 	 2.285613e+02 
1.076800e+00 	 1.288406e+03 	 2.289954e+02 
1.078400e+00 	 1.290662e+03 	 2.294315e+02 
1.080000e+00 	 1.292917e+03 	 2.298676e+02 
1.081600e+00 	 1.295173e+03 	 2.303057e+02 
1.083200e+00 	 1.297430e+03 	 2.307438e+02 
1.084800e+00 	 1.299688e+03 	 2.311818e+02 
1.086400e+00 	 1.301945e+03 	 2.316199e+02 
1.088000e+00 	 1.304205e+03 	 2.320600e+02 
1.089600e+00 	 1.306464e+03 	 2.325000e+02 
1.091200e+00 	 1.308725e+03 	 2.329400e+02 
1.092800e+00 	 1.310985e+03 	 2.333821e+02 
1.094400e+00 	 1.313246e+03 	 2.338241e+02 
1.096000e+00 	 1.315510e+03 	 2.342661e+02 
1.097600e+00 	 1.317771e+03 	 2.347101e+02 
1.099200e+00 	 1.320034e+03 	 2.351541e+02 
1.100800e+00 	 1.322300e+03 	 2.355981e+02 
1.102400e+00 	 1.324563e+03 	 2.360440e+02 
1.104000e+00 	 1.326828e+03 	 2.364900e+02 
1.105600e+00 	 1.329096e+03 	 2.369360e+02 
1.107200e+00 	 1.331361e+03 	 2.373839e+02 
1.108800e+00 	 1.333628e+03 	 2.378319e+02 
1.110400e+00 	 1.335898e+03 	 2.382798e+02 
1.112000e+00 	 1.338165e+03 	 2.387297e+02 
1.113600e+00 	 1.340434e+03 	 2.391796e+02 
1.115200e+00 	 1.342706e+03 	 2.396295e+02 
1.116800e+00 	 1.344975e+03 	 2.400814e+02 
1.118400e+00 	 1.347246e+03 	 2.405333e+02 
1.120000e+00 	 1.349519e+03 	 2.409852e+02 
1.121600e+00 	 1.351791e+03 	 2.414390e+02 
1.123200e+00 	 1.354064e+03 	 2.418929e+02 
1.124800e+00 	 1.356337e+03 	 2.423468e+02 
1.126400e+00 	 1.358612e+03 	 2.428026e+02 
1.128000e+00 	 1.360888e+03 	 2.432584e+02 
1.129600e+00 	 1.363163e+03 	 2.437143e+02 
1.131200e+00 	 1.365440e+03 	 2.441701e+02 
1.132800e+00 	 1.367717e+03 	 2.446279e+02 
1.134400e+00 	 1.369994e+03 	 2.450877e+02 
1.136000e+00 	 1.372272e+03 	 2.455455e+02 
1.137600e+00 	 1.374551e+03 	 2.460053e+02 
1.139200e+00 	 1.376830e+03 	 2.464650e+02 
1.140800e+00 	 1.379111e+03 	 2.469268e+02 
1.142400e+00 	 1.381392e+03 	 2.473885e+02 
1.144000e+00 	 1.383673e+03 	 2.478503e+02 
1.145600e+00 	 1.385956e+03 	 2.483140e+02 
1.147200e+00 	 1.388238e+03 	 2.487777e+02 
1.148800e+00 	 1.390523e+03 	 2.492415e+02 
1.150400e+00 	 1.392806e+03 	 2.497052e+02 
1.152000e+00 	 1.395091e+03 	 2.501709e+02 
1.153600e+00 	 1.397376e+03 	 2.506386e+02 
1.155200e+00 	 1.399663e+03 	 2.511043e+02 
1.156800e+00 	 1.401948e+03 	 2.515719e+02 
1.158400e+00 	 1.404237e+03 	 2.520396e+02 
1.160000e+00 	 1.406524e+03 	 2.525093e+02 
1.161600e+00 	 1.408813e+03 	 2.529789e+02 
1.163200e+00 	 1.411102e+03 	 2.534485e+02 
1.164800e+00 	 1.413393e+03 	 2.539202e+02 
1.166400e+00 	 1.415682e+03 	 2.543898e+02 
1.168000e+00 	 1.417973e+03 	 2.548634e+02 
1.169600e+00 	 1.420266e+03 	 2.553350e+02 
1.171200e+00 	 1.422559e+03 	 2.558086e+02 
1.172800e+00 	 1.424852e+03 	 2.562822e+02 
1.174400e+00 	 1.427145e+03 	 2.567578e+02 
1.176000e+00 	 1.429440e+03 	 2.572333e+02 
1.177600e+00 	 1.431735e+03 	 2.577089e+02 
1.179200e+00 	 1.434030e+03 	 2.581864e+02 
1.180800e+00 	 1.436327e+03 	 2.586640e+02 
1.182400e+00 	 1.438624e+03 	 2.591415e+02 
1.184000e+00 	 1.440923e+03 	 2.596190e+02 
1.185600e+00 	 1.443220e+03 	 2.600986e+02 
1.187200e+00 	 1.445518e+03 	 2.605781e+02 
1.188800e+00 	 1.447819e+03 	 2.610596e+02 
1.190400e+00 	 1.450120e+03 	 2.615410e+02 
1.192000e+00 	 1.452421e+03 	 2.620225e+02 
1.193600e+00 	 1.454722e+03 	 2.625060e+02 
1.195200e+00 	 1.457025e+03 	 2.629875e+02 
1.196800e+00 	 1.459328e+03 	 2.634729e+02 
1.198400e+00 	 1.461630e+03 	 2.639564e+02 
1.200000e+00 	 1.463935e+03 	 2.644418e+02 
1.201600e+00 	 1.466240e+03 	 2.649272e+02 
1.203200e+00 	 1.468545e+03 	 2.654146e+02 
1.204800e+00 	 1.470852e+03 	 2.659020e+02 
1.206400e+00 	 1.473158e+03 	 2.663894e+02 
1.208000e+00 	 1.475465e+03 	 2.668768e+02 
1.209600e+00 	 1.477774e+03 	 2.673662e+02 
1.211200e+00 	 1.480083e+03 	 2.678576e+02 
1.212800e+00 	 1.482391e+03 	 2.683469e+02 
1.214400e+00 	 1.484702e+03 	 2.688383e+02 
1.216000e+00 	 1.487011e+03 	 2.693297e+02 
1.217600e+00 	 1.489324e+03 	 2.698230e+02 
1.219200e+00 	 1.491634e+03 	 2.703143e+02 
1.220800e+00 	 1.493947e+03 	 2.708096e+02 
1.222400e+00 	 1.496262e+03 	 2.713029e+02 
1.224000e+00 	 1.498575e+03 	 2.717982e+02 
1.225600e+00 	 1.500889e+03 	 2.722935e+02 
1.227200e+00 	 1.503204e+03 	 2.727908e+02 
1.228800e+00 	 1.505521e+03 	 2.732881e+02 
1.230400e+00 	 1.507837e+03 	 2.737854e+02 
1.232000e+00 	 1.510154e+03 	 2.742826e+02 
1.233600e+00 	 1.512472e+03 	 2.747819e+02 
1.235200e+00 	 1.514791e+03 	 2.752811e+02 
1.236800e+00 	 1.517110e+03 	 2.757823e+02 
1.238400e+00 	 1.519428e+03 	 2.762816e+02 
1.240000e+00 	 1.521749e+03 	 2.767848e+02 
1.241600e+00 	 1.524070e+03 	 2.772860e+02 
1.243200e+00 	 1.526392e+03 	 2.777892e+02 
1.244800e+00 	 1.528715e+03 	 2.782924e+02 
1.246400e+00 	 1.531037e+03 	 2.787956e+02 
1.248000e+00 	 1.533362e+03 	 2.793007e+02 
1.249600e+00 	 1.535684e+03 	 2.798059e+02 
1.251200e+00 	 1.538011e+03 	 2.803130e+02 
1.252800e+00 	 1.540335e+03 	 2.808182e+02 
1.254400e+00 	 1.542662e+03 	 2.813273e+02 
1.256000e+00 	 1.544988e+03 	 2.818344e+02 
1.257600e+00 	 1.547317e+03 	 2.823436e+02 
1.259200e+00 	 1.549643e+03 	 2.828527e+02 
1.260800e+00 	 1.551974e+03 	 2.833618e+02 
1.262400e+00 	 1.554302e+03 	 2.838729e+02 
1.264000e+00 	 1.556633e+03 	 2.843839e+02 
1.265600e+00 	 1.558963e+03 	 2.848950e+02 
1.267200e+00 	 1.561294e+03 	 2.854081e+02 
1.268800e+00 	 1.563626e+03 	 2.859211e+02 
1.270400e+00 	 1.565959e+03 	 2.864342e+02 
1.272000e+00 	 1.568293e+03 	 2.869492e+02 
1.273600e+00 	 1.570628e+03 	 2.874643e+02 
1.275200e+00 	 1.572962e+03 	 2.879793e+02 
1.276800e+00 	 1.575296e+03 	 2.884963e+02 
1.278400e+00 	 1.577633e+03 	 2.890133e+02 
1.280000e+00 	 1.579969e+03 	 2.895303e+02 
1.281600e+00 	 1.582306e+03 	 2.900493e+02 
1.283200e+00 	 1.584644e+03 	 2.905683e+02 
1.284800e+00 	 1.586982e+03 	 2.910872e+02 
1.286400e+00 	 1.589323e+03 	 2.916082e+02 
1.288000e+00 	 1.591661e+03 	 2.921291e+02 
1.289600e+00 	 1.594001e+03 	 2.926501e+02 
1.291200e+00 	 1.596344e+03 	 2.931710e+02 
1.292800e+00 	 1.598684e+03 	 2.936940e+02 
1.294400e+00 	 1.601026e+03 	 2.942189e+02 
1.296000e+00 	 1.603370e+03 	 2.947418e+02 
1.297600e+00 	 1.605713e+03 	 2.952667e+02 
1.299200e+00 	 1.608059e+03 	 2.957916e+02 
1.300800e+00 	 1.610403e+03 	 2.963185e+02 
1.302400e+00 	 1.612750e+03 	 2.968434e+02 
1.304000e+00 	 1.615096e+03 	 2.973722e+02 
1.305600e+00 	 1.617442e+03 	 2.978991e+02 
1.307200e+00 	 1.619790e+03 	 2.984279e+02 
1.308800e+00 	 1.622139e+03 	 2.989568e+02 
1.310400e+00 	 1.624487e+03 	 2.994856e+02 
1.312000e+00 	 1.626835e+03 	 3.000164e+02 
1.313600e+00 	 1.629185e+03 	 3.005472e+02 
1.315200e+00 	 1.631537e+03 	 3.010781e+02 
1.316800e+00 	 1.633888e+03 	 3.016108e+02 
1.318400e+00 	 1.636240e+03 	 3.021436e+02 
1.320000e+00 	 1.638594e+03 	 3.026764e+02 
1.321600e+00 	 1.640946e+03 	 3.032112e+02 
1.323200e+00 	 1.643300e+03 	 3.037460e+02 
1.324800e+00 	 1.645654e+03 	 3.042807e+02 
1.326400e+00 	 1.648010e+03 	 3.048175e+02 
1.328000e+00 	 1.650367e+03 	 3.053542e+02 
1.329600e+00 	 1.652723e+03 	 3.058909e+02 
1.331200e+00 	 1.655081e+03 	 3.064296e+02 
1.332800e+00 	 1.657439e+03 	 3.069684e+02 
1.334400e+00 	 1.659797e+03 	 3.075071e+02 
1.336000e+00 	 1.662155e+03 	 3.080458e+02 
1.337600e+00 	 1.664515e+03 	 3.085865e+02 
1.339200e+00 	 1.666877e+03 	 3.091271e+02 
1.340800e+00 	 1.669237e+03 	 3.096698e+02 
1.342400e+00 	 1.671599e+03 	 3.102105e+02 
1.344000e+00 	 1.673961e+03 	 3.107531e+02 
1.345600e+00 	 1.676325e+03 	 3.112978e+02 
1.347200e+00 	 1.678689e+03 	 3.118404e+02 
1.348800e+00 	 1.681053e+03 	 3.123851e+02 
1.350400e+00 	 1.683417e+03 	 3.129317e+02 
1.352000e+00 	 1.685783e+03 	 3.134763e+02 
1.353600e+00 	 1.688149e+03 	 3.140229e+02 
1.355200e+00 	 1.690517e+03 	 3.145715e+02 
1.356800e+00 	 1.692885e+03 	 3.151181e+02 
1.358400e+00 	 1.695253e+03 	 3.156667e+02 
1.360000e+00 	 1.697621e+03 	 3.162152e+02 
1.361600e+00 	 1.699991e+03 	 3.167658e+02 
1.363200e+00 	 1.702361e+03 	 3.173163e+02 
1.364800e+00 	 1.704733e+03 	 3.178669e+02 
1.366400e+00 	 1.707103e+03 	 3.184174e+02 
1.368000e+00 	 1.709477e+03 	 3.189700e+02 
1.369600e+00 	 1.711849e+03 	 3.195225e+02 
1.371200e+00 	 1.714223e+03 	 3.200750e+02 
1.372800e+00 	 1.716596e+03 	 3.206295e+02 
1.374400e+00 	 1.718970e+03 	 3.211840e+02 
1.376000e+00 	 1.721346e+03 	 3.217385e+02 
1.377600e+00 	 1.723722e+03 	 3.222950e+02 
1.379200e+00 	 1.726098e+03 	 3.228514e+02 
1.380800e+00 	 1.728476e+03 	 3.234079e+02 
1.382400e+00 	 1.730854e+03 	 3.239644e+02 
1.384000e+00 	 1.733233e+03 	 3.245228e+02 
1.385600e+00 	 1.735611e+03 	 3.250813e+02 
1.387200e+00 	 1.737991e+03 	 3.256417e+02 
1.388800e+00 	 1.740373e+03 	 3.262001e+02 
1.390400e+00 	 1.742752e+03 	 3.267625e+02 
1.392000e+00 	 1.745134e+03 	 3.273229e+02 
1.393600e+00 	 1.747518e+03 	 3.278853e+02 
1.395200e+00 	 1.749900e+03 	 3.284457e+02 
1.396800e+00 	 1.752286e+03 	 3.290101e+02 
1.398400e+00 	 1.754669e+03 	 3.295725e+02 
1.400000e+00 	 1.757053e+03 	 3.301369e+02 
1.401600e+00 	 1.759439e+03 	 3.307012e+02 
1.403200e+00 	 1.761826e+03 	 3.312676e+02 
1.404800e+00 	 1.764212e+03 	 3.318339e+02 
1.406400e+00 	 1.766600e+03 	 3.324002e+02 
1.408000e+00 	 1.768989e+03 	 3.329666e+02 
1.409600e+00 	 1.771377e+03 	 3.335349e+02 
1.411200e+00 	 1.773767e+03 	 3.341032e+02 
1.412800e+00 	 1.776156e+03 	 3.346715e+02 
1.414400e+00 	 1.778548e+03 	 3.352418e+02 
1.416000e+00 	 1.780940e+03 	 3.358101e+02 
1.417600e+00 	 1.783331e+03 	 3.363823e+02 
1.419200e+00 	 1.785725e+03 	 3.369526e+02 
1.420800e+00 	 1.788119e+03 	 3.375249e+02 
1.422400e+00 	 1.790512e+03 	 3.380971e+02 
1.424000e+00 	 1.792908e+03 	 3.386694e+02 
1.425600e+00 	 1.795301e+03 	 3.392436e+02 
1.427200e+00 	 1.797699e+03 	 3.398179e+02 
1.428800e+00 	 1.800095e+03 	 3.403921e+02 
1.430400e+00 	 1.802492e+03 	 3.409683e+02 
1.432000e+00 	 1.804890e+03 	 3.415445e+02 
1.433600e+00 	 1.807289e+03 	 3.421207e+02 
1.435200e+00 	 1.809689e+03 	 3.426969e+02 
1.436800e+00 	 1.812088e+03 	 3.432751e+02 
1.438400e+00 	 1.814488e+03 	 3.438533e+02 
1.440000e+00 	 1.816889e+03 	 3.444314e+02 
1.441600e+00 	 1.819291e+03 	 3.450116e+02 
1.443200e+00 	 1.821694e+03 	 3.455917e+02 
1.444800e+00 	 1.824096e+03 	 3.461719e+02 
1.446400e+00 	 1.826501e+03 	 3.467540e+02 
1.448000e+00 	 1.828905e+03 	 3.473361e+02 
1.449600e+00 	 1.831310e+03 	 3.479183e+02 
1.451200e+00 	 1.833716e+03 	 3.485004e+02 
1.452800e+00 	 1.836121e+03 	 3.490845e+02 
1.454400e+00 	 1.838529e+03 	 3.496686e+02 
1.456000e+00 	 1.840936e+03 	 3.502527e+02 
1.457600e+00 	 1.843345e+03 	 3.508387e+02 
1.459200e+00 	 1.845753e+03 	 3.514248e+02 
1.460800e+00 	 1.848162e+03 	 3.520109e+02 
1.462400e+00 	 1.850574e+03 	 3.525969e+02 
1.464000e+00 	 1.852983e+03 	 3.531850e+02 
1.465600e+00 	 1.855394e+03 	 3.537730e+02 
1.467200e+00 	 1.857808e+03 	 3.543611e+02 
1.468800e+00 	 1.860219e+03 	 3.549511e+02 
1.470400e+00 	 1.862634e+03 	 3.555411e+02 
1.472000e+00 	 1.865048e+03 	 3.561311e+02 
1.473600e+00 	 1.867461e+03 	 3.567211e+02 
1.475200e+00 	 1.869876e+03 	 3.573131e+02 
1.476800e+00 	 1.872294e+03 	 3.579051e+02 
1.478400e+00 	 1.874709e+03 	 3.584971e+02 
1.480000e+00 	 1.877126e+03 	 3.590911e+02 
1.481600e+00 	 1.879546e+03 	 3.596850e+02 
1.483200e+00 	 1.881963e+03 	 3.602790e+02 
1.484800e+00 	 1.884382e+03 	 3.608749e+02 
1.486400e+00 	 1.886801e+03 	 3.614689e+02 
1.488000e+00 	 1.889223e+03 	 3.620648e+02 
1.489600e+00 	 1.891644e+03 	 3.626627e+02 
1.491200e+00 	 1.894065e+03 	 3.632587e+02 
1.492800e+00 	 1.896488e+03 	 3.638566e+02 
1.494400e+00 	 1.898911e+03 	 3.644545e+02 
1.496000e+00 	 1.901335e+03 	 3.650544e+02 
1.497600e+00 	 1.903758e+03 	 3.656543e+02 
1.499200e+00 	 1.906183e+03 	 3.662541e+02 
1.500800e+00 	 1.908608e+03 	 3.668540e+02 
1.502400e+00 	 1.911035e+03 	 3.674559e+02 
1.504000e+00 	 1.913463e+03 	 3.680577e+02 
1.505600e+00 	 1.915890e+03 	 3.686596e+02 
1.507200e+00 	 1.918317e+03 	 3.692615e+02 
1.508800e+00 	 1.920746e+03 	 3.698653e+02 
1.510400e+00 	 1.923175e+03 	 3.704691e+02 
1.512000e+00 	 1.925606e+03 	 3.710729e+02 
1.513600e+00 	 1.928037e+03 	 3.716787e+02 
1.515200e+00 	 1.930468e+03 	 3.722845e+02 
1.516800e+00 	 1.932900e+03 	 3.728904e+02 
1.518400e+00 	 1.935333e+03 	 3.734962e+02 
1.520000e+00 	 1.937766e+03 	 3.741039e+02 
1.521600e+00 	 1.940199e+03 	 3.747117e+02 
1.523200e+00 	 1.942634e+03 	 3.753195e+02 
1.524800e+00 	 1.945069e+03 	 3.759273e+02 
1.526400e+00 	 1.947504e+03 	 3.765370e+02 
1.528000e+00 	 1.949941e+03 	 3.771468e+02 
1.529600e+00 	 1.952378e+03 	 3.777585e+02 
1.531200e+00 	 1.954817e+03 	 3.783682e+02 
1.532800e+00 	 1.957254e+03 	 3.789800e+02 
1.534400e+00 	 1.959693e+03 	 3.795917e+02 
1.536000e+00 	 1.962134e+03 	 3.802054e+02 
1.537600e+00 	 1.964573e+03 	 3.808191e+02 
1.539200e+00 	 1.967014e+03 	 3.814328e+02 
1.540800e+00 	 1.969455e+03 	 3.820465e+02 
1.542400e+00 	 1.971898e+03 	 3.826602e+02 
1.544000e+00 	 1.974341e+03 	 3.832758e+02 
1.545600e+00 	 1.976784e+03 	 3.838915e+02 
1.547200e+00 	 1.979229e+03 	 3.845091e+02 
1.548800e+00 	 1.981674e+03 	 3.851248e+02 
1.550400e+00 	 1.984119e+03 	 3.857424e+02 
1.552000e+00 	 1.986563e+03 	 3.863601e+02 
1.553600e+00 	 1.989010e+03 	 3.869797e+02 
1.555200e+00 	 1.991459e+03 	 3.875973e+02 
1.556800e+00 	 1.993906e+03 	 3.882170e+02 
1.558400e+00 	 1.996355e+03 	 3.888386e+02 
1.560000e+00 	 1.998804e+03 	 3.894582e+02 
1.561600e+00 	 2.001253e+03 	 3.900798e+02 
1.563200e+00 	 2.003704e+03 	 3.907013e+02 
1.564800e+00 	 2.006154e+03 	 3.913229e+02 
1.566400e+00 	 2.008607e+03 	 3.919465e+02 
1.568000e+00 	 2.011060e+03 	 3.925701e+02 
1.569600e+00 	 2.013513e+03 	 3.931936e+02 
1.571200e+00 	 2.015966e+03 	 3.938192e+02 
1.572800e+00 	 2.018420e+03 	 3.944427e+02 
1.574400e+00 	 2.020875e+03 	 3.950683e+02 
1.576000e+00 	 2.023330e+03 	 3.956938e+02 
1.577600e+00 	 2.025787e+03 	 3.963213e+02 
1.579200e+00 	 2.028243e+03 	 3.969488e+02 
1.580800e+00 	 2.030700e+03 	 3.975763e+02 
1.582400e+00 	 2.033159e+03 	 3.982038e+02 
1.584000e+00 	 2.035618e+03 	 3.988313e+02 
1.585600e+00 	 2.038076e+03 	 3.994608e+02 
1.587200e+00 	 2.040537e+03 	 4.000903e+02 
1.588800e+00 	 2.042998e+03 	 4.007218e+02 
1.590400e+00 	 2.045459e+03 	 4.013512e+02 
1.592000e+00 	 2.047921e+03 	 4.019827e+02 
1.593600e+00 	 2.050384e+03 	 4.026142e+02 
1.595200e+00 	 2.052847e+03 	 4.032476e+02 
1.596800e+00 	 2.055311e+03 	 4.038790e+02 
1.598400e+00 	 2.057776e+03 	 4.045125e+02 
1.600000e+00 	 2.060241e+03 	 4.051459e+02 
1.601600e+00 	 2.062705e+03 	 4.057813e+02 
1.603200e+00 	 2.065172e+03 	 4.064147e+02 
1.604800e+00 	 2.067638e+03 	 4.070501e+02 
1.606400e+00 	 2.070107e+03 	 4.076875e+02 
1.608000e+00 	 2.072576e+03 	 4.083229e+02 
1.609600e+00 	 2.075044e+03 	 4.089603e+02 
1.611200e+00 	 2.077513e+03 	 4.095977e+02 
1.612800e+00 	 2.079983e+03 	 4.102350e+02 
1.614400e+00 	 2.082454e+03 	 4.108744e+02 
1.616000e+00 	 2.084926e+03 	 4.115118e+02 
1.617600e+00 	 2.087397e+03 	 4.121511e+02 
1.619200e+00 	 2.089870e+03 	 4.127924e+02 
1.620800e+00 	 2.092344e+03 	 4.134318e+02 
1.622400e+00 	 2.094817e+03 	 4.140731e+02 
1.624000e+00 	 2.097291e+03 	 4.147144e+02 
1.625600e+00 	 2.099768e+03 	 4.153557e+02 
1.627200e+00 	 2.102244e+03 	 4.159990e+02 
1.628800e+00 	 2.104719e+03 	 4.166423e+02 
1.630400e+00 	 2.107197e+03 	 4.172856e+02 
1.632000e+00 	 2.109674e+03 	 4.179289e+02 
1.633600e+00 	 2.112152e+03 	 4.185742e+02 
1.635200e+00 	 2.114633e+03 	 4.192195e+02 
1.636800e+00 	 2.117111e+03 	 4.198647e+02 
1.638400e+00 	 2.119591e+03 	 4.205100e+02 
1.640000e+00 	 2.122072e+03 	 4.211572e+02 
1.641600e+00 	 2.124554e+03 	 4.218045e+02 
1.643200e+00 	 2.127037e+03 	 4.224517e+02 
1.644800e+00 	 2.129519e+03 	 4.230990e+02 
1.646400e+00 	 2.132001e+03 	 4.237482e+02 
1.648000e+00 	 2.134486e+03 	 4.243974e+02 
1.649600e+00 	 2.136970e+03 	 4.250466e+02 
1.651200e+00 	 2.139457e+03 	 4.256958e+02 
1.652800e+00 	 2.141943e+03 	 4.263470e+02 
1.654400e+00 	 2.144429e+03 	 4.269982e+02 
1.656000e+00 	 2.146916e+03 	 4.276494e+02 
1.657600e+00 	 2.149404e+03 	 4.283006e+02 
1.659200e+00 	 2.151892e+03 	 4.289537e+02 
1.660800e+00 	 2.154381e+03 	 4.296069e+02 
1.662400e+00 	 2.156871e+03 	 4.302601e+02 
1.664000e+00 	 2.159361e+03 	 4.309132e+02 
1.665600e+00 	 2.161852e+03 	 4.315684e+02 
1.667200e+00 	 2.164344e+03 	 4.322235e+02 
1.668800e+00 	 2.166836e+03 	 4.328786e+02 
1.670400e+00 	 2.169328e+03 	 4.335338e+02 
1.672000e+00 	 2.171823e+03 	 4.341909e+02 
1.673600e+00 	 2.174317e+03 	 4.348480e+02 
1.675200e+00 	 2.176811e+03 	 4.355051e+02 
1.676800e+00 	 2.179307e+03 	 4.361622e+02 
1.678400e+00 	 2.181804e+03 	 4.368213e+02 
1.680000e+00 	 2.184300e+03 	 4.374804e+02 
1.681600e+00 	 2.186796e+03 	 4.381395e+02 
1.683200e+00 	 2.189294e+03 	 4.387985e+02 
1.684800e+00 	 2.191792e+03 	 4.394596e+02 
1.686400e+00 	 2.194293e+03 	 4.401206e+02 
1.688000e+00 	 2.196793e+03 	 4.407817e+02 
1.689600e+00 	 2.199293e+03 	 4.414428e+02 
1.691200e+00 	 2.201793e+03 	 4.421058e+02 
1.692800e+00 	 2.204295e+03 	 4.427668e+02 
1.694400e+00 	 2.206797e+03 	 4.434299e+02 
1.696000e+00 	 2.209300e+03 	 4.440949e+02 
1.697600e+00 	 2.211804e+03 	 4.447579e+02 
1.699200e+00 	 2.214308e+03 	 4.454229e+02 
1.700800e+00 	 2.216812e+03 	 4.460879e+02 
1.702400e+00 	 2.219318e+03 	 4.467529e+02 
1.704000e+00 	 2.221824e+03 	 4.474199e+02 
1.705600e+00 	 2.224330e+03 	 4.480869e+02 
1.707200e+00 	 2.226838e+03 	 4.487538e+02 
1.708800e+00 	 2.229346e+03 	 4.494208e+02 
1.710400e+00 	 2.231854e+03 	 4.500878e+02 
1.712000e+00 	 2.234362e+03 	 4.507567e+02 
1.713600e+00 	 2.236872e+03 	 4.514257e+02 
1.715200e+00 	 2.239384e+03 	 4.520946e+02 
1.716800e+00 	 2.241895e+03 	 4.527655e+02 
1.718400e+00 	 2.244407e+03 	 4.534345e+02 
1.720000e+00 	 2.246919e+03 	 4.541054e+02 
1.721600e+00 	 2.249431e+03 	 4.547763e+02 
1.723200e+00 	 2.251945e+03 	 4.554492e+02 
1.724800e+00 	 2.254459e+03 	 4.561202e+02 
1.726400e+00 	 2.256974e+03 	 4.567930e+02 
1.728000e+00 	 2.259488e+03 	 4.574659e+02 
1.729600e+00 	 2.262004e+03 	 4.581408e+02 
1.731200e+00 	 2.264522e+03 	 4.588137e+02 
1.732800e+00 	 2.267038e+03 	 4.594886e+02 
1.734400e+00 	 2.269556e+03 	 4.601634e+02 
1.736000e+00 	 2.272076e+03 	 4.608383e+02 
1.737600e+00 	 2.274594e+03 	 4.615152e+02 
1.739200e+00 	 2.277114e+03 	 4.621900e+02 
1.740800e+00 	 2.279634e+03 	 4.628669e+02 
1.742400e+00 	 2.282156e+03 	 4.635457e+02 
1.744000e+00 	 2.284678e+03 	 4.642225e+02 
1.745600e+00 	 2.287199e+03 	 4.649013e+02 
1.747200e+00 	 2.289723e+03 	 4.655801e+02 
1.748800e+00 	 2.292245e+03 	 4.662590e+02 
1.750400e+00 	 2.294769e+03 	 4.669378e+02 
1.752000e+00 	 2.297295e+03 	 4.676186e+02 
1.753600e+00 	 2.299821e+03 	 4.682994e+02 
1.755200e+00 	 2.302347e+03 	 4.689801e+02 
1.756800e+00 	 2.304872e+03 	 4.696609e+02 
1.758400e+00 	 2.307400e+03 	 4.703437e+02 
1.760000e+00 	 2.309928e+03 	 4.710245e+02 
1.761600e+00 	 2.312456e+03 	 4.717072e+02 
1.763200e+00 	 2.314986e+03 	 4.723900e+02 
1.764800e+00 	 2.317515e+03 	 4.730747e+02 
1.766400e+00 	 2.320045e+03 	 4.737595e+02 
1.768000e+00 	 2.322577e+03 	 4.744442e+02 
1.769600e+00 	 2.325109e+03 	 4.751289e+02 
1.771200e+00 	 2.327640e+03 	 4.758137e+02 
1.772800e+00 	 2.330172e+03 	 4.765004e+02 
1.774400e+00 	 2.332706e+03 	 4.771871e+02 
1.776000e+00 	 2.335239e+03 	 4.778738e+02 
1.777600e+00 	 2.337775e+03 	 4.785605e+02 
1.779200e+00 	 2.340311e+03 	 4.792472e+02 
1.780800e+00 	 2.342847e+03 	 4.799359e+02 
1.782400e+00 	 2.345382e+03 	 4.806246e+02 
1.784000e+00 	 2.347920e+03 	 4.813133e+02 
1.785600e+00 	 2.350458e+03 	 4.820039e+02 
1.787200e+00 	 2.352995e+03 	 4.826926e+02 
1.788800e+00 	 2.355535e+03 	 4.833833e+02 
1.790400e+00 	 2.358074e+03 	 4.840739e+02 
1.792000e+00 	 2.360614e+03 	 4.847665e+02 
1.793600e+00 	 2.363156e+03 	 4.854572e+02 
1.795200e+00 	 2.365697e+03 	 4.861498e+02 
1.796800e+00 	 2.368239e+03 	 4.868424e+02 
1.798400e+00 	 2.370781e+03 	 4.875351e+02 
1.800000e+00 	 2.373324e+03 	 4.882297e+02 
1.801600e+00 	 2.375868e+03 	 4.889223e+02 
1.803200e+00 	 2.378413e+03 	 4.896169e+02 
1.804800e+00 	 2.380959e+03 	 4.903115e+02 
1.806400e+00 	 2.383504e+03 	 4.910081e+02 
1.808000e+00 	 2.386050e+03 	 4.917027e+02 
1.809600e+00 	 2.388597e+03 	 4.923993e+02 
1.811200e+00 	 2.391145e+03 	 4.930958e+02 
1.812800e+00 	 2.393693e+03 	 4.937924e+02 
1.814400e+00 	 2.396242e+03 	 4.944910e+02 
1.816000e+00 	 2.398792e+03 	 4.951875e+02 
1.817600e+00 	 2.401341e+03 	 4.958861e+02 
1.819200e+00 	 2.403892e+03 	 4.965846e+02 
1.820800e+00 	 2.406444e+03 	 4.972851e+02 
1.822400e+00 	 2.408995e+03 	 4.979837e+02 
1.824000e+00 	 2.411549e+03 	 4.986842e+02 
1.825600e+00 	 2.414100e+03 	 4.993847e+02 
1.827200e+00 	 2.416656e+03 	 5.000853e+02 
1.828800e+00 	 2.419209e+03 	 5.007877e+02 
1.830400e+00 	 2.421765e+03 	 5.014883e+02 
1.832000e+00 	 2.424320e+03 	 5.021908e+02 
1.833600e+00 	 2.426876e+03 	 5.028933e+02 
1.835200e+00 	 2.429433e+03 	 5.035977e+02 
1.836800e+00 	 2.431990e+03 	 5.043002e+02 
1.838400e+00 	 2.434548e+03 	 5.050047e+02 
1.840000e+00 	 2.437107e+03 	 5.057092e+02 
1.841600e+00 	 2.439666e+03 	 5.064136e+02 
1.843200e+00 	 2.442226e+03 	 5.071181e+02 
1.844800e+00 	 2.444787e+03 	 5.078245e+02 
1.846400e+00 	 2.447348e+03 	 5.085310e+02 
1.848000e+00 	 2.449910e+03 	 5.092374e+02 
1.849600e+00 	 2.452471e+03 	 5.099439e+02 
1.851200e+00 	 2.455034e+03 	 5.106523e+02 
1.852800e+00 	 2.457598e+03 	 5.113587e+02 
1.854400e+00 	 2.460163e+03 	 5.120671e+02 
1.856000e+00 	 2.462726e+03 	 5.127755e+02 
1.857600e+00 	 2.465294e+03 	 5.134859e+02 
1.859200e+00 	 2.467859e+03 	 5.141943e+02 
1.860800e+00 	 2.470426e+03 	 5.149047e+02 
1.862400e+00 	 2.472993e+03 	 5.156151e+02 
1.864000e+00 	 2.475561e+03 	 5.163255e+02 
1.865600e+00 	 2.478128e+03 	 5.170359e+02 
1.867200e+00 	 2.480697e+03 	 5.177483e+02 
1.868800e+00 	 2.483268e+03 	 5.184606e+02 
1.870400e+00 	 2.485838e+03 	 5.191730e+02 
1.872000e+00 	 2.488409e+03 	 5.198853e+02 
1.873600e+00 	 2.490980e+03 	 5.205997e+02 
1.875200e+00 	 2.493553e+03 	 5.213120e+02 
1.876800e+00 	 2.496124e+03 	 5.220264e+02 
1.878400e+00 	 2.498698e+03 	 5.227407e+02 
1.880000e+00 	 2.501273e+03 	 5.234570e+02 
1.881600e+00 	 2.503846e+03 	 5.241713e+02 
1.883200e+00 	 2.506421e+03 	 5.248876e+02 
1.884800e+00 	 2.508998e+03 	 5.256040e+02 
1.886400e+00 	 2.511573e+03 	 5.263203e+02 
1.888000e+00 	 2.514151e+03 	 5.270366e+02 
1.889600e+00 	 2.516730e+03 	 5.277549e+02 
1.891200e+00 	 2.519307e+03 	 5.284731e+02 
1.892800e+00 	 2.521886e+03 	 5.291914e+02 
1.894400e+00 	 2.524465e+03 	 5.299097e+02 
1.896000e+00 	 2.527046e+03 	 5.306280e+02 
1.897600e+00 	 2.529625e+03 	 5.313482e+02 
1.899200e+00 	 2.532206e+03 	 5.320685e+02 
1.900800e+00 	 2.534789e+03 	 5.327887e+02 
1.902400e+00 	 2.537370e+03 	 5.335090e+02 
1.904000e+00 	 2.539953e+03 	 5.342292e+02 
1.905600e+00 	 2.542538e+03 	 5.349515e+02 
1.907200e+00 	 2.545121e+03 	 5.356737e+02 
1.908800e+00 	 2.547707e+03 	 5.363959e+02 
1.910400e+00 	 2.550292e+03 	 5.371182e+02 
1.912000e+00 	 2.552879e+03 	 5.378424e+02 
1.913600e+00 	 2.555466e+03 	 5.385646e+02 
1.915200e+00 	 2.558053e+03 	 5.392888e+02 
1.916800e+00 	 2.560640e+03 	 5.400130e+02 
1.918400e+00 	 2.563228e+03 	 5.407392e+02 
1.920000e+00 	 2.565817e+03 	 5.414634e+02 
1.921600e+00 	 2.568408e+03 	 5.421895e+02 
1.923200e+00 	 2.570997e+03 	 5.429157e+02 
1.924800e+00 	 2.573588e+03 	 5.436419e+02 
1.926400e+00 	 2.576181e+03 	 5.443681e+02 
1.928000e+00 	 2.578772e+03 	 5.450962e+02 
1.929600e+00 	 2.581365e+03 	 5.458224e+02 
1.931200e+00 	 2.583958e+03 	 5.465505e+02 
1.932800e+00 	 2.586553e+03 	 5.472787e+02 
1.934400e+00 	 2.589148e+03 	 5.480088e+02 
1.936000e+00 	 2.591743e+03 	 5.487369e+02 
1.937600e+00 	 2.594338e+03 	 5.494671e+02 
1.939200e+00 	 2.596934e+03 	 5.501972e+02 
1.940800e+00 	 2.599531e+03 	 5.509273e+02 
1.942400e+00 	 2.602128e+03 	 5.516574e+02 
1.944000e+00 	 2.604727e+03 	 5.523895e+02 
1.945600e+00 	 2.607326e+03 	 5.531216e+02 
1.947200e+00 	 2.609925e+03 	 5.538537e+02 
1.948800e+00 	 2.612525e+03 	 5.545858e+02 
1.950400e+00 	 2.615126e+03 	 5.553179e+02 
1.952000e+00 	 2.617727e+03 	 5.560520e+02 
1.953600e+00 	 2.620328e+03 	 5.567841e+02 
1.955200e+00 	 2.622931e+03 	 5.575181e+02 
1.956800e+00 	 2.625533e+03 	 5.582542e+02 
1.958400e+00 	 2.628138e+03 	 5.589882e+02 
1.960000e+00 	 2.630741e+03 	 5.597223e+02 
1.961600e+00 	 2.633346e+03 	 5.604583e+02 
1.963200e+00 	 2.635952e+03 	 5.611944e+02 
1.964800e+00 	 2.638557e+03 	 5.619304e+02 
1.966400e+00 	 2.641164e+03 	 5.626684e+02 
1.968000e+00 	 2.643771e+03 	 5.634045e+02 
1.969600e+00 	 2.646379e+03 	 5.641425e+02 
1.971200e+00 	 2.648988e+03 	 5.648805e+02 
1.972800e+00 	 2.651597e+03 	 5.656185e+02 
1.974400e+00 	 2.654205e+03 	 5.663565e+02 
1.976000e+00 	 2.656816e+03 	 5.670965e+02 
1.977600e+00 	 2.659427e+03 	 5.678345e+02 
1.979200e+00 	 2.662037e+03 	 5.685745e+02 
1.980800e+00 	 2.664650e+03 	 5.693145e+02 
1.982400e+00 	 2.667263e+03 	 5.700565e+02 
1.984000e+00 	 2.669875e+03 	 5.707964e+02 
1.985600e+00 	 2.672490e+03 	 5.715384e+02 
1.987200e+00 	 2.675105e+03 	 5.722804e+02 
1.988800e+00 	 2.677719e+03 	 5.730223e+02 
1.990400e+00 	 2.680334e+03 	 5.737643e+02 
1.992000e+00 	 2.682951e+03 	 5.745082e+02 
1.993600e+00 	 2.685567e+03 	 5.752502e+02 
1.995200e+00 	 2.688184e+03 	 5.759941e+02 
1.996800e+00 	 2.690802e+03 	 5.767381e+02 
1.998400e+00 	 2.693421e+03 	 5.774820e+02 
2.000000e+00 	 2.696039e+03 	 5.782279e+02 
2.001600e+00 	 2.698660e+03 	 5.789738e+02 
2.003200e+00 	 2.701280e+03 	 5.797177e+02 
2.004800e+00 	 2.703901e+03 	 5.804636e+02 
2.006400e+00 	 2.706524e+03 	 5.812115e+02 
2.008000e+00 	 2.709144e+03 	 5.819574e+02 
2.009600e+00 	 2.711767e+03 	 5.827053e+02 
2.011200e+00 	 2.714391e+03 	 5.834512e+02 
2.012800e+00 	 2.717014e+03 	 5.841991e+02 
2.014400e+00 	 2.719638e+03 	 5.849489e+02 
2.016000e+00 	 2.722265e+03 	 5.856968e+02 
2.017600e+00 	 2.724889e+03 	 5.864447e+02 
2.019200e+00 	 2.727515e+03 	 5.871946e+02 
2.020800e+00 	 2.730142e+03 	 5.879444e+02 
2.022400e+00 	 2.732770e+03 	 5.886943e+02 
2.024000e+00 	 2.735399e+03 	 5.894461e+02 
2.025600e+00 	 2.738027e+03 	 5.901959e+02 
2.027200e+00 	 2.740656e+03 	 5.909478e+02 
2.028800e+00 	 2.743286e+03 	 5.916996e+02 
2.030400e+00 	 2.745916e+03 	 5.924514e+02 
2.032000e+00 	 2.748547e+03 	 5.932033e+02 
2.033600e+00 	 2.751179e+03 	 5.939551e+02 
2.035200e+00 	 2.753812e+03 	 5.947089e+02 
2.036800e+00 	 2.756444e+03 	 5.954627e+02 
2.038400e+00 	 2.759076e+03 	 5.962165e+02 
2.040000e+00 	 2.761711e+03 	 5.969703e+02 
2.041600e+00 	 2.764345e+03 	 5.977241e+02 
2.043200e+00 	 2.766981e+03 	 5.984799e+02 
2.044800e+00 	 2.769616e+03 	 5.992356e+02 
2.046400e+00 	 2.772252e+03 	 5.999914e+02 
2.048000e+00 	 2.774890e+03 	 6.007472e+02 
2.049600e+00 	 2.777527e+03 	 6.015030e+02 
2.051200e+00 	 2.780165e+03 	 6.022607e+02 
2.052800e+00 	 2.782803e+03 	 6.030165e+02 
2.054400e+00 	 2.785444e+03 	 6.037742e+02 
2.056000e+00 	 2.788084e+03 	 6.045320e+02 
2.057600e+00 	 2.790724e+03 	 6.052917e+02 
2.059200e+00 	 2.793364e+03 	 6.060494e+02 
2.060800e+00 	 2.796007e+03 	 6.068092e+02 
2.062400e+00 	 2.798649e+03 	 6.075689e+02 
2.064000e+00 	 2.801291e+03 	 6.083286e+02 
2.065600e+00 	 2.803935e+03 	 6.090883e+02 
2.067200e+00 	 2.806580e+03 	 6.098480e+02 
2.068800e+00 	 2.809224e+03 	 6.106097e+02 
2.070400e+00 	 2.811868e+03 	 6.113694e+02 
2.072000e+00 	 2.814514e+03 	 6.121311e+02 
2.073600e+00 	 2.817160e+03 	 6.128928e+02 
2.075200e+00 	 2.819809e+03 	 6.136565e+02 
2.076800e+00 	 2.822455e+03 	 6.144182e+02 
2.078400e+00 	 2.825103e+03 	 6.151819e+02 
2.080000e+00 	 2.827753e+03 	 6.159455e+02 
2.081600e+00 	 2.830401e+03 	 6.167092e+02 
2.083200e+00 	 2.833051e+03 	 6.174729e+02 
2.084800e+00 	 2.835702e+03 	 6.182365e+02 
2.086400e+00 	 2.838354e+03 	 6.190022e+02 
2.088000e+00 	 2.841004e+03 	 6.197678e+02 
2.089600e+00 	 2.843656e+03 	 6.205334e+02 
2.091200e+00 	 2.846310e+03 	 6.212991e+02 
2.092800e+00 	 2.848962e+03 	 6.220647e+02 
2.094400e+00 	 2.851616e+03 	 6.228304e+02 
2.096000e+00 	 2.854272e+03 	 6.235980e+02 
2.097600e+00 	 2.856926e+03 	 6.243656e+02 
2.099200e+00 	 2.859582e+03 	 6.251332e+02 
2.100800e+00 	 2.862239e+03 	 6.259008e+02 
2.102400e+00 	 2.864897e+03 	 6.266704e+02 
2.104000e+00 	 2.867553e+03 	 6.274380e+02 
2.105600e+00 	 2.870211e+03 	 6.282076e+02 
2.107200e+00 	 2.872871e+03 	 6.289772e+02 
2.108800e+00 	 2.875529e+03 	 6.297468e+02 
2.110400e+00 	 2.878189e+03 	 6.305164e+02 
2.112000e+00 	 2.880849e+03 	 6.312879e+02 
2.113600e+00 	 2.883511e+03 	 6.320575e+02 
2.115200e+00 	 2.886173e+03 	 6.328291e+02 
2.116800e+00 	 2.888835e+03 	 6.336006e+02 
2.118400e+00 	 2.891497e+03 	 6.343722e+02 
2.120000e+00 	 2.894161e+03 	 6.351457e+02 
2.121600e+00 	 2.896825e+03 	 6.359173e+02 
2.123200e+00 	 2.899488e+03 	 6.366908e+02 
2.124800e+00 	 2.902154e+03 	 6.374644e+02 
2.126400e+00 	 2.904820e+03 	 6.382379e+02 
2.128000e+00 	 2.907486e+03 	 6.390114e+02 
2.129600e+00 	 2.910152e+03 	 6.397850e+02 
2.131200e+00 	 2.912820e+03 	 6.405605e+02 
2.132800e+00 	 2.915488e+03 	 6.413360e+02 
2.134400e+00 	 2.918156e+03 	 6.421115e+02 
2.136000e+00 	 2.920826e+03 	 6.428870e+02 
2.137600e+00 	 2.923496e+03 	 6.436625e+02 
2.139200e+00 	 2.926166e+03 	 6.444400e+02 
2.140800e+00 	 2.928837e+03 	 6.452155e+02 
2.142400e+00 	 2.931507e+03 	 6.459930e+02 
2.144000e+00 	 2.934181e+03 	 6.467704e+02 
2.145600e+00 	 2.936853e+03 	 6.475479e+02 
2.147200e+00 	 2.939527e+03 	 6.483274e+02 
2.148800e+00 	 2.942201e+03 	 6.491048e+02 
2.150400e+00 	 2.944874e+03 	 6.498843e+02 
2.152000e+00 	 2.947550e+03 	 6.506637e+02 
2.153600e+00 	 2.950224e+03 	 6.514432e+02 
2.155200e+00 	 2.952902e+03 	 6.522227e+02 
2.156800e+00 	 2.955578e+03 	 6.530021e+02 
2.158400e+00 	 2.958255e+03 	 6.537835e+02 
2.160000e+00 	 2.960933e+03 	 6.545650e+02 
2.161600e+00 	 2.963611e+03 	 6.553464e+02 
2.163200e+00 	 2.966291e+03 	 6.561278e+02 
2.164800e+00 	 2.968970e+03 	 6.569092e+02 
2.166400e+00 	 2.971650e+03 	 6.576907e+02 
2.168000e+00 	 2.974330e+03 	 6.584741e+02 
2.169600e+00 	 2.977012e+03 	 6.592575e+02 
2.171200e+00 	 2.979693e+03 	 6.600409e+02 
2.172800e+00 	 2.982377e+03 	 6.608243e+02 
2.174400e+00 	 2.985059e+03 	 6.616077e+02 
2.176000e+00 	 2.987742e+03 	 6.623930e+02 
2.177600e+00 	 2.990428e+03 	 6.631764e+02 
2.179200e+00 	 2.993112e+03 	 6.639618e+02 
2.180800e+00 	 2.995797e+03 	 6.647472e+02 
2.182400e+00 	 2.998483e+03 	 6.655326e+02 
2.184000e+00 	 3.001171e+03 	 6.663199e+02 
2.185600e+00 	 3.003856e+03 	 6.671053e+02 
2.187200e+00 	 3.006544e+03 	 6.678926e+02 
2.188800e+00 	 3.009234e+03 	 6.686800e+02 
2.190400e+00 	 3.011921e+03 	 6.694673e+02 
2.192000e+00 	 3.014611e+03 	 6.702547e+02 
2.193600e+00 	 3.017300e+03 	 6.710420e+02 
2.195200e+00 	 3.019992e+03 	 6.718313e+02 
2.196800e+00 	 3.022684e+03 	 6.726187e+02 
2.198400e+00 	 3.025375e+03 	 6.734080e+02 
2.200000e+00 	 3.028067e+03 	 6.741973e+02 
2.201600e+00 	 3.030760e+03 	 6.749886e+02 
2.203200e+00 	 3.033454e+03 	 6.757779e+02 
2.204800e+00 	 3.036147e+03 	 6.765672e+02 
2.206400e+00 	 3.038841e+03 	 6.773585e+02 
2.208000e+00 	 3.041536e+03 	 6.781498e+02 
2.209600e+00 	 3.044232e+03 	 6.789411e+02 
2.211200e+00 	 3.046929e+03 	 6.797324e+02 
2.212800e+00 	 3.049625e+03 	 6.805257e+02 
2.214400e+00 	 3.052322e+03 	 6.813170e+02 
2.216000e+00 	 3.055022e+03 	 6.821102e+02 
2.217600e+00 	 3.057719e+03 	 6.829035e+02 
2.219200e+00 	 3.060419e+03 	 6.836968e+02 
2.220800e+00 	 3.063118e+03 	 6.844900e+02 
2.222400e+00 	 3.065818e+03 	 6.852833e+02 
2.224000e+00 	 3.068519e+03 	 6.860785e+02 
2.225600e+00 	 3.071221e+03 	 6.868738e+02 
2.227200e+00 	 3.073922e+03 	 6.876690e+02 
2.228800e+00 	 3.076626e+03 	 6.884643e+02 
2.230400e+00 	 3.079329e+03 	 6.892595e+02 
2.232000e+00 	 3.082032e+03 	 6.900547e+02 
2.233600e+00 	 3.084736e+03 	 6.908520e+02 
2.235200e+00 	 3.087441e+03 	 6.916492e+02 
2.236800e+00 	 3.090147e+03 	 6.924444e+02 
2.238400e+00 	 3.092852e+03 	 6.932416e+02 
2.240000e+00 	 3.095559e+03 	 6.940408e+02 
2.241600e+00 	 3.098267e+03 	 6.948380e+02 
2.243200e+00 	 3.100974e+03 	 6.956372e+02 
2.244800e+00 	 3.103683e+03 	 6.964344e+02 
2.246400e+00 	 3.106391e+03 	 6.972336e+02 
2.248000e+00 	 3.109100e+03 	 6.980328e+02 
2.249600e+00 	 3.111812e+03 	 6.988320e+02 
2.251200e+00 	 3.114521e+03 	 6.996331e+02 
2.252800e+00 	 3.117232e+03 	 7.004323e+02 
2.254400e+00 	 3.119943e+03 	 7.012335e+02 
2.256000e+00 	 3.122657e+03 	 7.020346e+02 
2.257600e+00 	 3.125370e+03 	 7.028358e+02 
2.259200e+00 	 3.128083e+03 	 7.036370e+02 
2.260800e+00 	 3.130797e+03 	 7.044381e+02 
2.262400e+00 	 3.133512e+03 	 7.052413e+02 
2.264000e+00 	 3.136227e+03 	 7.060424e+02 
2.265600e+00 	 3.138942e+03 	 7.068455e+02 
2.267200e+00 	 3.141658e+03 	 7.076487e+02 
2.268800e+00 	 3.144375e+03 	 7.084518e+02 
2.270400e+00 	 3.147092e+03 	 7.092569e+02 
2.272000e+00 	 3.149811e+03 	 7.100600e+02 
2.273600e+00 	 3.152529e+03 	 7.108652e+02 
2.275200e+00 	 3.155248e+03 	 7.116703e+02 
2.276800e+00 	 3.157967e+03 	 7.124754e+02 
2.278400e+00 	 3.160688e+03 	 7.132805e+02 
2.280000e+00 	 3.163409e+03 	 7.140856e+02 
2.281600e+00 	 3.166131e+03 	 7.148927e+02 
2.283200e+00 	 3.168852e+03 	 7.156978e+02 
2.284800e+00 	 3.171575e+03 	 7.165048e+02 
2.286400e+00 	 3.174298e+03 	 7.173119e+02 
2.288000e+00 	 3.177021e+03 	 7.181190e+02 
2.289600e+00 	 3.179744e+03 	 7.189261e+02 
2.291200e+00 	 3.182469e+03 	 7.197351e+02 
2.292800e+00 	 3.185195e+03 	 7.205422e+02 
2.294400e+00 	 3.187922e+03 	 7.213513e+02 
2.296000e+00 	 3.190647e+03 	 7.221603e+02 
2.297600e+00 	 3.193374e+03 	 7.229694e+02 
2.299200e+00 	 3.196101e+03 	 7.237784e+02 
2.300800e+00 	 3.198830e+03 	 7.245875e+02 
2.302400e+00 	 3.201559e+03 	 7.253985e+02 
2.304000e+00 	 3.204288e+03 	 7.262095e+02 
2.305600e+00 	 3.207017e+03 	 7.270186e+02 
2.307200e+00 	 3.209748e+03 	 7.278296e+02 
2.308800e+00 	 3.212479e+03 	 7.286426e+02 
2.310400e+00 	 3.215210e+03 	 7.294536e+02 
2.312000e+00 	 3.217943e+03 	 7.302647e+02 
2.313600e+00 	 3.220674e+03 	 7.310777e+02 
2.315200e+00 	 3.223407e+03 	 7.318907e+02 
2.316800e+00 	 3.226142e+03 	 7.327037e+02 
2.318400e+00 	 3.228875e+03 	 7.335167e+02 
2.320000e+00 	 3.231610e+03 	 7.343297e+02 
2.321600e+00 	 3.234347e+03 	 7.351446e+02 
2.323200e+00 	 3.237082e+03 	 7.359576e+02 
2.324800e+00 	 3.239819e+03 	 7.367726e+02 
2.326400e+00 	 3.242556e+03 	 7.375876e+02 
2.328000e+00 	 3.245293e+03 	 7.384025e+02 
2.329600e+00 	 3.248032e+03 	 7.392175e+02 
2.331200e+00 	 3.250771e+03 	 7.400325e+02 
2.332800e+00 	 3.253510e+03 	 7.408494e+02 
2.334400e+00 	 3.256249e+03 	 7.416664e+02 
2.336000e+00 	 3.258990e+03 	 7.424813e+02 
2.337600e+00 	 3.261731e+03 	 7.432983e+02 
2.339200e+00 	 3.264474e+03 	 7.441172e+02 
2.340800e+00 	 3.267215e+03 	 7.449342e+02 
2.342400e+00 	 3.269958e+03 	 7.457511e+02 
2.344000e+00 	 3.272700e+03 	 7.465700e+02 
2.345600e+00 	 3.275445e+03 	 7.473889e+02 
2.347200e+00 	 3.278190e+03 	 7.482079e+02 
2.348800e+00 	 3.280935e+03 	 7.490268e+02 
2.350400e+00 	 3.283680e+03 	 7.498457e+02 
2.352000e+00 	 3.286427e+03 	 7.506646e+02 
2.353600e+00 	 3.289172e+03 	 7.514855e+02 
2.355200e+00 	 3.291920e+03 	 7.523064e+02 
2.356800e+00 	 3.294667e+03 	 7.531253e+02 
2.358400e+00 	 3.297416e+03 	 7.539462e+02 
2.360000e+00 	 3.300165e+03 	 7.547691e+02 
2.361600e+00 	 3.302914e+03 	 7.555900e+02 
2.363200e+00 	 3.305664e+03 	 7.564109e+02 
2.364800e+00 	 3.308413e+03 	 7.572337e+02 
2.366400e+00 	 3.311166e+03 	 7.580566e+02 
2.368000e+00 	 3.313917e+03 	 7.588795e+02 
2.369600e+00 	 3.316670e+03 	 7.597023e+02 
2.371200e+00 	 3.319422e+03 	 7.605252e+02 
2.372800e+00 	 3.322175e+03 	 7.613481e+02 
2.374400e+00 	 3.324930e+03 	 7.621729e+02 
2.376000e+00 	 3.327683e+03 	 7.629977e+02 
2.377600e+00 	 3.330437e+03 	 7.638206e+02 
2.379200e+00 	 3.333194e+03 	 7.646454e+02 
2.380800e+00 	 3.335951e+03 	 7.654723e+02 
2.382400e+00 	 3.338705e+03 	 7.662971e+02 
2.384000e+00 	 3.341464e+03 	 7.671219e+02 
2.385600e+00 	 3.344221e+03 	 7.679487e+02 
2.387200e+00 	 3.346979e+03 	 7.687756e+02 
2.388800e+00 	 3.349738e+03 	 7.696024e+02 
2.390400e+00 	 3.352497e+03 	 7.704292e+02 
2.392000e+00 	 3.355257e+03 	 7.712560e+02 
2.393600e+00 	 3.358018e+03 	 7.720828e+02 
2.395200e+00 	 3.360779e+03 	 7.729116e+02 
2.396800e+00 	 3.363541e+03 	 7.737384e+02 
2.398400e+00 	 3.366302e+03 	 7.745672e+02 
2.400000e+00 	 3.369067e+03 	 7.753960e+02 
