# LALSimulation RG SLy4 EoS from COMPOSE
        n(fm-3)             rho(MeVfm-3)              P(MeVfm-3)
9.997788649458271805e-12 9.303933622540053432e-09 1.052673507402366674e-14
1.000001055361604977e-11 9.303943441569045454e-09 1.053186985009137506e-14
1.000002135045554590e-11 9.303953486891841084e-09 1.053700713082225273e-14
1.000003239612390952e-11 9.303963763723709859e-09 1.054214691743800075e-14
1.000004369635576411e-11 9.303974277400112313e-09 1.054728921116087074e-14
1.000005525701789623e-11 9.303985033379482614e-09 1.055243401321394894e-14
1.000006708411229932e-11 9.303996037246036015e-09 1.055758132482067656e-14
1.000007918377929180e-11 9.304007294712695416e-09 1.056273114720518114e-14
1.000009156230070778e-11 9.304018811624049363e-09 1.056788348159209665e-14
1.000010422610315418e-11 9.304030593959374570e-09 1.057303832920689959e-14
1.000011718176134362e-11 9.304042647835751075e-09 1.057819569127541984e-14
1.000013043600151625e-11 9.304054979511236964e-09 1.058335556902417046e-14
1.000014399570493265e-11 9.304067595388120843e-09 1.058851796368026401e-14
1.000015786791142975e-11 9.304080502016232213e-09 1.059368287647132901e-14
1.000017205982309952e-11 9.304093706096361041e-09 1.059885030862582382e-14
1.000018657880801608e-11 9.304107214483718675e-09 1.060402026137258074e-14
1.000020143240405666e-11 9.304121034191509618e-09 1.060919273594110261e-14
1.000021662832281607e-11 9.304135172394561190e-09 1.061436773356141922e-14
1.000023217445362311e-11 9.304149636433065698e-09 1.061954525546438707e-14
1.000024807886762313e-11 9.304164433816370575e-09 1.062472530288123818e-14
1.000026434982197535e-11 9.304179572226895907e-09 1.062990787704387667e-14
1.000028099576413253e-11 9.304195059524108211e-09 1.063509297918473205e-14
1.000029802533623537e-11 9.304210903748603396e-09 1.064028061053706844e-14
1.000031544737959253e-11 9.304227113126298917e-09 1.064547077233451440e-14
1.000033327093927539e-11 9.304243696072675552e-09 1.065066346581138797e-14
1.000035150526881128e-11 9.304260661197168086e-09 1.065585869220259727e-14
1.000037015983499150e-11 9.304278017307625457e-09 1.066105645274358208e-14
1.000038924432277949e-11 9.304295773414890039e-09 1.066625674867061524e-14
1.000040876864034171e-11 9.304313938737469551e-09 1.067145958122034192e-14
1.000042874292419659e-11 9.304332522706326434e-09 1.067666495163008415e-14
1.000044917754447157e-11 9.304351534969771454e-09 1.068187286113770036e-14
1.000047008311028956e-11 9.304370985398476414e-09 1.068708331098186627e-14
1.000049147047527638e-11 9.304390884090599367e-09 1.069229630240164886e-14
1.000051335074318793e-11 9.304411241377019013e-09 1.069751183663678562e-14
1.000053573527369556e-11 9.304432067826711373e-09 1.070272991492762308e-14
1.000055863568826360e-11 9.304453374252225729e-09 1.070795053851503313e-14
1.000058206387619162e-11 9.304475171715299518e-09 1.071317370864073016e-14
1.000060603200077956e-11 9.304497471532610553e-09 1.071839942654679145e-14
1.000063055250565597e-11 9.304520285281643386e-09 1.072362769347598847e-14
1.000065563812122741e-11 9.304543624806699600e-09 1.072885851067161649e-14
1.000068130187129267e-11 9.304567502225053691e-09 1.073409187937781486e-14
1.000070755707979918e-11 9.304591929933237981e-09 1.073932780083907793e-14
1.000073441737777225e-11 9.304616920613484706e-09 1.074456627630062106e-14
1.000076189671037033e-11 9.304642487240300447e-09 1.074980730700822759e-14
1.000079000934415354e-11 9.304668643087212608e-09 1.075505089420823780e-14
1.000081876987446368e-11 9.304695401733654879e-09 1.076029703914782658e-14
1.000084819323302556e-11 9.304722777072019767e-09 1.076554574307453169e-14
1.000087829469567435e-11 9.304750783314871618e-09 1.077079700723659141e-14
1.000090908989030753e-11 9.304779435002316792e-09 1.077605083288277256e-14
1.000094059480498378e-11 9.304808747009569062e-09 1.078130722126267972e-14
1.000097282579624006e-11 9.304838734554655622e-09 1.078656617362629770e-14
1.000100579959756049e-11 9.304869413206329901e-09 1.079182769122429921e-14
1.000103953332808762e-11 9.304900798892148155e-09 1.079709177530796278e-14
1.000107404450149361e-11 9.304932907906739616e-09 1.080235842712910024e-14
1.000110935103507922e-11 9.304965756920270206e-09 1.080762764794037064e-14
1.000114547125907797e-11 9.304999362987086572e-09 1.081289943899481327e-14
1.000118242392616708e-11 9.305033743554588431e-09 1.081817380154615055e-14
1.000122022822121437e-11 9.305068916472267991e-09 1.082345073684863662e-14
1.000125890377121568e-11 9.305104900000987616e-09 1.082873024615737757e-14
1.000129847065551185e-11 9.305141712822457660e-09 1.083401233072785660e-14
1.000133894941620443e-11 9.305179374048934330e-09 1.083929699181624316e-14
1.000138036106879917e-11 9.305217903233145854e-09 1.084458423067924792e-14
1.000142272711315643e-11 9.305257320378440336e-09 1.084987404857442243e-14
1.000146606954461779e-11 9.305297645949175139e-09 1.085516644675969534e-14
1.000151041086544597e-11 9.305338900881331273e-09 1.086046142649369739e-14
1.000155577409649585e-11 9.305381106593394123e-09 1.086575898903566987e-14
1.000160218278917952e-11 9.305424284997474069e-09 1.087105913564538579e-14
1.000164966103767847e-11 9.305468458510670290e-09 1.087636186758346538e-14
1.000169823349145960e-11 9.305513650066719127e-09 1.088166718611091543e-14
1.000174792536808031e-11 9.305559883127898858e-09 1.088697509248943218e-14
1.000179876246626184e-11 9.305607181697210768e-09 1.089228558798125618e-14
1.000185077117930352e-11 9.305655570330838138e-09 1.089759867384946418e-14
1.000190397850877646e-11 9.305705074150899717e-09 1.090291435135753052e-14
1.000195841207853231e-11 9.305755718858487745e-09 1.090823262176961112e-14
1.000201410014906745e-11 9.305807530747015336e-09 1.091355348635048666e-14
1.000207107163217637e-11 9.305860536715861652e-09 1.091887694636547425e-14
1.000212935610596853e-11 9.305914764284349600e-09 1.092420300308073825e-14
1.000218898383021810e-11 9.305970241606014695e-09 1.092953165776283270e-14
1.000224998576209162e-11 9.306026997483241200e-09 1.093486291167900901e-14
1.000231239357220220e-11 9.306085061382194385e-09 1.094019676609704870e-14
1.000237623966105447e-11 9.306144463448143222e-09 1.094553322228559313e-14
1.000244155717587585e-11 9.306205234521090791e-09 1.095087228151366865e-14
1.000250838002781927e-11 9.306267406151793458e-09 1.095621394505099579e-14
1.000257674290956341e-11 9.306331010618144016e-09 1.096155821416792145e-14
1.000264668131333939e-11 9.306396080941918784e-09 1.096690509013531317e-14
1.000271823154934366e-11 9.306462650905936637e-09 1.097225457422492358e-14
1.000279143076459023e-11 9.306530755071588625e-09 1.097760666770886978e-14
1.000286631696220568e-11 9.306600428796782823e-09 1.098296137185997411e-14
1.000294292902115221e-11 9.306671708254301126e-09 1.098831868795160165e-14
1.000302130671641442e-11 9.306744630450579556e-09 1.099367861725796786e-14
1.000310149073964975e-11 9.306819233244920361e-09 1.099904116105368421e-14
1.000318352272031225e-11 9.306895555369154098e-09 1.100440632061405480e-14
1.000326744524726596e-11 9.306973636447733502e-09 1.100977409721493276e-14
1.000335330189090223e-11 9.307053517018323668e-09 1.101514449213302322e-14
1.000344113722575154e-11 9.307135238552832289e-09 1.102051750664542413e-14
1.000353099685363644e-11 9.307218843478952751e-09 1.102589314202993554e-14
1.000362292742732376e-11 9.307304375202182023e-09 1.103127139956496808e-14
1.000371697667477940e-11 9.307391878128362987e-09 1.103665228052949563e-14
1.000381319342391755e-11 9.307481397686731339e-09 1.104203578620333930e-14
1.000391162762796862e-11 9.307572980353511749e-09 1.104742191786671304e-14
1.000401233039140453e-11 9.307666673676035133e-09 1.105281067680053765e-14
1.000411535399647641e-11 9.307762526297436617e-09 1.105820206428626718e-14
1.000422075193035156e-11 9.307860587981897778e-09 1.106359608160622974e-14
1.000432857891289512e-11 9.307960909640484457e-09 1.106899273004314313e-14
1.000443889092506400e-11 9.308063543357593380e-09 1.107439201088041621e-14
1.000455174523797939e-11 9.308168542417971181e-09 1.107979392540209523e-14
1.000466720044266160e-11 9.308275961334401799e-09 1.108519847489277707e-14
1.000478531648044192e-11 9.308385855875974540e-09 1.109060566063791214e-14
1.000490615467409010e-11 9.308498283097080072e-09 1.109601548392334373e-14
1.000502977775964467e-11 9.308613301367001981e-09 1.110142794603562192e-14
1.000515624991899124e-11 9.308730970400221361e-09 1.110684304826184901e-14
1.000528563681317915e-11 9.308851351287437742e-09 1.111226079188998559e-14
1.000541800561651036e-11 9.308974506527269960e-09 1.111768117820838982e-14
1.000555342505141835e-11 9.309100500058709758e-09 1.112310420850612510e-14
1.000569196542414352e-11 9.309229397294313241e-09 1.112852988407287961e-14
1.000583369866124059e-11 9.309361265154169868e-09 1.113395820619890006e-14
1.000597869834690358e-11 9.309496172100629154e-09 1.113938917617529142e-14
1.000612703976120181e-11 9.309634188173864473e-09 1.114482279529355468e-14
1.000627879991912387e-11 9.309775385028225986e-09 1.115025906484589448e-14
1.000643405761058763e-11 9.309919835969438961e-09 1.115569798612508346e-14
1.000659289344134847e-11 9.310067615992667309e-09 1.116113956042474148e-14
1.000675538987481557e-11 9.310218801821447327e-09 1.116658378903889231e-14
1.000692163127491828e-11 9.310373471947521403e-09 1.117203067326227442e-14
1.000709170394984811e-11 9.310531706671588243e-09 1.117748021439024632e-14
1.000726569619690745e-11 9.310693588144989469e-09 1.118293241371872504e-14
1.000744369834834057e-11 9.310859200412372278e-09 1.118838727254450167e-14
1.000762580281821953e-11 9.311028629455306685e-09 1.119384479216475857e-14
1.000781210415044329e-11 9.311201963236933417e-09 1.119930497387737862e-14
1.000800269906780310e-11 9.311379291747639175e-09 1.120476781898082370e-14
1.000819768652221919e-11 9.311560707051764214e-09 1.121023332877440768e-14
1.000839716774609216e-11 9.311746303335405110e-09 1.121570150455784201e-14
1.000860124630487424e-11 9.311936176955314371e-09 1.122117234763155758e-14
1.000881002815083602e-11 9.312130426488928318e-09 1.122664585929652961e-14
1.000902362167806747e-11 9.312329152785543096e-09 1.123212204085462943e-14
1.000924213777876824e-11 9.312532459018668589e-09 1.123760089360809286e-14
1.000946568990079166e-11 9.312740450739604911e-09 1.124308241885990353e-14
1.000969439410658456e-11 9.312953235932234845e-09 1.124856661791365095e-14
1.000992836913340024e-11 9.313170925069080223e-09 1.125405349207350046e-14
1.001016773645497993e-11 9.313393631168671863e-09 1.125954304264448361e-14
1.001041262034459788e-11 9.313621469854209907e-09 1.126503527093203265e-14
1.001066314793958789e-11 9.313854559413600595e-09 1.127053017824229298e-14
1.001091944930734327e-11 9.314093020860871111e-09 1.127602776588197642e-14
1.001118165751286458e-11 9.314336977998987339e-09 1.128152803515866565e-14
1.001144990868780816e-11 9.314586557484140680e-09 1.128703098738032994e-14
1.001172434210119393e-11 9.314841888891492371e-09 1.129253662385567689e-14
1.001200510023170454e-11 9.315103104782454701e-09 1.129804494589404365e-14
1.001229232884163565e-11 9.315370340773510782e-09 1.130355595480532111e-14
1.001258617705259908e-11 9.315643735606620855e-09 1.130906965190028530e-14
1.001288679742293044e-11 9.315923431221259797e-09 1.131458603849011455e-14
1.001319434602688850e-11 9.316209572828100711e-09 1.132010511588669716e-14
1.001350898253569134e-11 9.316502308984405829e-09 1.132562688540248469e-14
1.001383087030041541e-11 9.316801791671159439e-09 1.133115134835081852e-14
1.001416017643679931e-11 9.317108176371966038e-09 1.133667850604542659e-14
1.001449707191201049e-11 9.317421622153779841e-09 1.134220835980076417e-14
1.001484173163339110e-11 9.317742291749480573e-09 1.134774091093192863e-14
1.001519433453929111e-11 9.318070351642365006e-09 1.135327616075457747e-14
1.001555506369194845e-11 9.318405972152575747e-09 1.135881411058524853e-14
1.001592410637253556e-11 9.318749327525540086e-09 1.136435476174088200e-14
1.001630165417839844e-11 9.319100596022413921e-09 1.136989811553914853e-14
1.001668790312251372e-11 9.319459960012649888e-09 1.137544417329826782e-14
1.001708305373527230e-11 9.319827606068663217e-09 1.138099293633735731e-14
1.001748731116856357e-11 9.320203725062707819e-09 1.138654440597592096e-14
1.001790088530232012e-11 9.320588512265959285e-09 1.139209858353419796e-14
1.001832399085345033e-11 9.320982167449904073e-09 1.139765547033299390e-14
1.001875684748732844e-11 9.321384894990058025e-09 1.140321506769398527e-14
1.001919967993184042e-11 9.321796903972060557e-09 1.140877737693927614e-14
1.001965271809404393e-11 9.322218408300238803e-09 1.141434239939166318e-14
1.002011619717955216e-11 9.322649626808654960e-09 1.141991013637461990e-14
1.002059035781462204e-11 9.323090783374716233e-09 1.142548058921216572e-14
1.002107544617110065e-11 9.323542107035418531e-09 1.143105375922921461e-14
1.002157171409421802e-11 9.324003832106242095e-09 1.143662964775107814e-14
1.002207941923334642e-11 9.324476198302809918e-09 1.144220825610380625e-14
1.002259882517576442e-11 9.324959450865340373e-09 1.144778958561400739e-14
1.002313020158349394e-11 9.325453840685968509e-09 1.145337363760918142e-14
1.002367382433332153e-11 9.325959624439005494e-09 1.145896041341723052e-14
1.002422997566001215e-11 9.326477064714192442e-09 1.146454991436678580e-14
1.002479894430283640e-11 9.327006430153034671e-09 1.147014214178714097e-14
1.002538102565548573e-11 9.327547995588272628e-09 1.147573709700813410e-14
1.002597652191942720e-11 9.328102042186562268e-09 1.148133478136050410e-14
1.002658574226080445e-11 9.328668857594460855e-09 1.148693519617540484e-14
1.002720900297093819e-11 9.329248736087756224e-09 1.149253834278470333e-14
1.002784662763054421e-11 9.329841978724247037e-09 1.149814422252085348e-14
1.002849894727773016e-11 9.330448893500048490e-09 1.150375283671719114e-14
1.002916630057985366e-11 9.331069795509492938e-09 1.150936418670746237e-14
1.002984903400935635e-11 9.331705007108728028e-09 1.151497827382614216e-14
1.003054750202364332e-11 9.332354858083053676e-09 1.152059509940836337e-14
1.003126206724910177e-11 9.333019685818160041e-09 1.152621466478981426e-14
1.003199310066937180e-11 9.333699835475281361e-09 1.153183697130710288e-14
1.003274098181795509e-11 9.334395660170393051e-09 1.153746202029721593e-14
1.003350609897525358e-11 9.335107521157544712e-09 1.154308981309790215e-14
1.003428884937015264e-11 9.335835788016405128e-09 1.154872035104746250e-14
1.003508963938625573e-11 9.336580838844146668e-09 1.155435363548509880e-14
1.003590888477286707e-11 9.337343060451740208e-09 1.155998966775042466e-14
1.003674701086084863e-11 9.338122848564781344e-09 1.156562844918378577e-14
1.003760445278340794e-11 9.338920608028932281e-09 1.157126998112610208e-14
1.003848165570205404e-11 9.339736753020118356e-09 1.157691426491919286e-14
1.003937907503767817e-11 9.340571707259547015e-09 1.158256130190528602e-14
1.004029717670700788e-11 9.341425904233696498e-09 1.158821109342734782e-14
1.004123643736450565e-11 9.342299787419375143e-09 1.159386364082898824e-14
1.004219734464982028e-11 9.343193810513957184e-09 1.159951894545441207e-14
1.004318039744097526e-11 9.344108437670934003e-09 1.160517700864871077e-14
1.004418610611335547e-11 9.345044143740885089e-09 1.161083783175738443e-14
1.004521499280469414e-11 9.346001414518015901e-09 1.161650141612667941e-14
1.004626759168614579e-11 9.346980746992363588e-09 1.162216776310341005e-14
1.004734444923961626e-11 9.347982649607829361e-09 1.162783687403530417e-14
1.004844612454147925e-11 9.349007642526135136e-09 1.163350875027048562e-14
1.004957318955284396e-11 9.350056257896891388e-09 1.163918339315782767e-14
1.005072622941648387e-11 9.351129040133868855e-09 1.164486080404686148e-14
1.005190584276065115e-11 9.352226546197647811e-09 1.165054098428769884e-14
1.005311264200984613e-11 9.353349345884768973e-09 1.165622393523133818e-14
1.005434725370278747e-11 9.354498022123568031e-09 1.166190965822920396e-14
1.005561031881769127e-11 9.355673171276811253e-09 1.166759815463347002e-14
1.005690249310504319e-11 9.356875403451310848e-09 1.167328942579688137e-14
1.005822444742805765e-11 9.358105342814680539e-09 1.167898347307306965e-14
1.005957686811096607e-11 9.359363627919378615e-09 1.168468029781610990e-14
1.006096045729533782e-11 9.360650912034240254e-09 1.169037990138079183e-14
1.006237593330461815e-11 9.361967863483626549e-09 1.169608228512260251e-14
1.006382403101706054e-11 9.363315165994408568e-09 1.170178745039757174e-14
1.006530550224725573e-11 9.364693519050935375e-09 1.170749539856265704e-14
1.006682111613645435e-11 9.366103638258189480e-09 1.171320613097522296e-14
1.006837165955188992e-11 9.367546255713313354e-09 1.171891964899338665e-14
1.006995793749528981e-11 9.369022120385687342e-09 1.172463595397584110e-14
1.007158077352081954e-11 9.370531998505790578e-09 1.173035504728218019e-14
1.007324101016265111e-11 9.372076673962987177e-09 1.173607693027242695e-14
1.007493950937237841e-11 9.373656948712517294e-09 1.174180160430734750e-14
1.007667715296652191e-11 9.375273643191845254e-09 1.174752907074836274e-14
1.007845484308434731e-11 9.376927596746611241e-09 1.175325933095749464e-14
1.008027350265623550e-11 9.378619668066390047e-09 1.175899238629765505e-14
1.008213407588283507e-11 9.380350735630516606e-09 1.176472823813218336e-14
1.008403752872527665e-11 9.382121698164148717e-09 1.177046688782516522e-14
1.008598484940666409e-11 9.383933475104884589e-09 1.177620833674127005e-14
1.008797704892514454e-11 9.385787007080084107e-09 1.178195258624608233e-14
1.009001516157878362e-11 9.387683256395246190e-09 1.178769963770559992e-14
1.009210024550255916e-11 9.389623207533594447e-09 1.179344949248657641e-14
1.009423338321769630e-11 9.391607867667197045e-09 1.179920215195633494e-14
1.009641568219369962e-11 9.393638267179872237e-09 1.180495761748314211e-14
1.009864827542332604e-11 9.395715460202129376e-09 1.181071589043564795e-14
1.010093232201079261e-11 9.397840525158448150e-09 1.181647697218328026e-14
1.010326900777355527e-11 9.400014565327167362e-09 1.182224086409612321e-14
1.010565954585796550e-11 9.402238709413284341e-09 1.182800756754484786e-14
1.010810517736909402e-11 9.404514112134439618e-09 1.183377708390103877e-14
1.011060717201508024e-11 9.406841954820424340e-09 1.183954941453671597e-14
1.011316682876633548e-11 9.409223446026490033e-09 1.184532456082463312e-14
1.011578547652993423e-11 9.411659822160806453e-09 1.185110252413813236e-14
1.011846447483954740e-11 9.414152348126362013e-09 1.185688330585149616e-14
1.012120521456127624e-11 9.416702317977674051e-09 1.186266690733939828e-14
1.012400911861574864e-11 9.419311055592634853e-09 1.186845332997729185e-14
1.012687764271688031e-11 9.421979915359819328e-09 1.187424257514128004e-14
1.012981227612761573e-11 9.424710282881667942e-09 1.188003464420806712e-14
1.013281454243314332e-11 9.427503575693827793e-09 1.188582953855527717e-14
1.013588600033188043e-11 9.430361244001136559e-09 1.189162725956094923e-14
1.013902824444471768e-11 9.433284771430495824e-09 1.189742780860389225e-14
1.014224290614290401e-11 9.436275675801153246e-09 1.190323118706348474e-14
1.014553165439501015e-11 9.439335509912704582e-09 1.190903739632003923e-14
1.014889619663341644e-11 9.442465862351277155e-09 1.191484643775430211e-14
1.015233827964075965e-11 9.445668358314270276e-09 1.192065831274775501e-14
1.015585969045683154e-11 9.448944660454124143e-09 1.192647302268256111e-14
1.015946225730635397e-11 9.452296469741520858e-09 1.193229056894148945e-14
1.016314785054813796e-11 9.455725526348482449e-09 1.193811095290820521e-14
1.016691838364614042e-11 9.459233610551832422e-09 1.194393417596682954e-14
1.017077581416287579e-11 9.462822543657457604e-09 1.194976023950221250e-14
1.017472214477573174e-11 9.466494188945891385e-09 1.195558914489981943e-14
1.017875942431671591e-11 9.470250452639671665e-09 1.196142089354603553e-14
1.018288974883614062e-11 9.474093284893016139e-09 1.196725548682766090e-14
1.018711526269084851e-11 9.478024680804273163e-09 1.197309292613227822e-14
1.019143815965750711e-11 9.482046681451733867e-09 1.197893321284802393e-14
1.019586068407155419e-11 9.486161374953315033e-09 1.198477634836401424e-14
1.020038513199240604e-11 9.490370897550645469e-09 1.199062233406974875e-14
1.020501385239550067e-11 9.494677434718139843e-09 1.199647117135551592e-14
1.020974924839183665e-11 9.499083222297660530e-09 1.200232286161226369e-14
1.021459377847559580e-11 9.503590547659291893e-09 1.200817740623154744e-14
1.021954995780054419e-11 9.508201750888892054e-09 1.201403480660584551e-14
1.022462035948580788e-11 9.512919226002991261e-09 1.201989506412806379e-14
1.022980761595180192e-11 9.517745422191723400e-09 1.202575818019188600e-14
1.023511442028688454e-11 9.522682845090368032e-09 1.203162415619156384e-14
1.024054352764555576e-11 9.527734058080211023e-09 1.203749299352231141e-14
1.024609775667886755e-11 9.532901683619383850e-09 1.204336469357974673e-14
1.025177999099776771e-11 9.538188404604389653e-09 1.204923925776026875e-14
1.025759318067022731e-11 9.543596965762981089e-09 1.205511668746094384e-14
1.026354034375281567e-11 9.549130175079144373e-09 1.206099698407945208e-14
1.026962456785760826e-11 9.554790905250952169e-09 1.206688014901440126e-14
1.027584901175518355e-11 9.560582095181973541e-09 1.207276618366482042e-14
1.028221690701459581e-11 9.566506751507086350e-09 1.207865508943051009e-14
1.028873155968109612e-11 9.572567950153441516e-09 1.208454686771187668e-14
1.029539635199255960e-11 9.578768837937412944e-09 1.209044151991025900e-14
1.030221474413545414e-11 9.585112634198318939e-09 1.209633904742741239e-14
1.030919027604127638e-11 9.591602632469846514e-09 1.210223945166587791e-14
1.031632656922438865e-11 9.598242202189951174e-09 1.210814273402888764e-14
1.032362732866222319e-11 9.605034790450188403e-09 1.211404889592024164e-14
1.033109634471880337e-11 9.611983923785350351e-09 1.211995793874470714e-14
1.033873749511260315e-11 9.619093210004350713e-09 1.212586986390748048e-14
1.034655474692975930e-11 9.626366340063307392e-09 1.213178467281450428e-14
1.035455215868367843e-11 9.633807089981790768e-09 1.213770236687235225e-14
1.036273388242210829e-11 9.641419322803236779e-09 1.214362294748852105e-14
1.037110416588277540e-11 9.649206990600530694e-09 1.214954641607093965e-14
1.037966735469870983e-11 9.657174136527823657e-09 1.215547277402832431e-14
1.038842789465435780e-11 9.665324896919637495e-09 1.216140202276996871e-14
1.039739033399374353e-11 9.673663503438338084e-09 1.216733416370612108e-14
1.040655932578178711e-11 9.682194285271103898e-09 1.217326919824747928e-14
1.041593963032005970e-11 9.690921671377532893e-09 1.217920712780548271e-14
1.042553611761820205e-11 9.699850192789024288e-09 1.218514795379228549e-14
1.043535376992230710e-11 9.708984484961200815e-09 1.219109167762063020e-14
1.044539768430158315e-11 9.718329290180494763e-09 1.219703830070420765e-14
1.045567307529460330e-11 9.727889460026226249e-09 1.220298782445714726e-14
1.046618527761656570e-11 9.737669957889416166e-09 1.220894025029434678e-14
1.047693974892894150e-11 9.747675861549649003e-09 1.221489557963131141e-14
1.048794207267294810e-11 9.757912365811323925e-09 1.222085381388449928e-14
1.049919796096832441e-11 9.768384785200668893e-09 1.222681495447078977e-14
1.051071325757891393e-11 9.779098556724885966e-09 1.223277900280785744e-14
1.052249394094660168e-11 9.790059242694928304e-09 1.223874596031403790e-14
1.053454612729515434e-11 9.801272533613281984e-09 1.224471582840831364e-14
1.054687607380561637e-11 9.812744251128350746e-09 1.225068860851058854e-14
1.055949018186485993e-11 9.824480351056881307e-09 1.225666430204120192e-14
1.057239500038903824e-11 9.836486926476083607e-09 1.226264291042128355e-14
1.058559722922359518e-11 9.848770210886996114e-09 1.226862443507256589e-14
1.059910372262165508e-11 9.861336581450747257e-09 1.227460887741773274e-14
1.061292149280257955e-11 9.874192562299425234e-09 1.228059623887990340e-14
1.062705771359251540e-11 9.887344827923220497e-09 1.228658652088297652e-14
1.064151972414888034e-11 9.900800206635670621e-09 1.229257972485154023e-14
1.065631503277062346e-11 9.914565684118718186e-09 1.229857585221080272e-14
1.067145132079638818e-11 9.928648407049507331e-09 1.230457490438691879e-14
1.068693644659241782e-11 9.943055686810747061e-09 1.231057688280648659e-14
1.070277844963245118e-11 9.957795003286609991e-09 1.231658178889687893e-14
1.071898555467158208e-11 9.972874008746057461e-09 1.232258962408607920e-14
1.073556617601634353e-11 9.988300531815725153e-09 1.232860038980302846e-14
1.075252892189320838e-11 1.000408258154434121e-08 1.233461408747710797e-14
1.076988259891773962e-11 1.002022835156080269e-08 1.234063071853847995e-14
1.078763621666676976e-11 1.003674622432809912e-08 1.234665028441801029e-14
1.080579899235592631e-11 1.005364477549527347e-08 1.235267278654715809e-14
1.082438035562497980e-11 1.007093277834967217e-08 1.235869822635836381e-14
1.084338995343346060e-11 1.008861920837181020e-08 1.236472660528449231e-14
1.086283765506911147e-11 1.010671324789519379e-08 1.237075792475918942e-14
1.088296720936677114e-11 1.012544168329586824e-08 1.242656388858491824e-14
1.090359158820565625e-11 1.014463050143330931e-08 1.248917560683773346e-14
1.092469128584893165e-11 1.016426155379103729e-08 1.255210279663173203e-14
1.094627725670969948e-11 1.018434503229980103e-08 1.261534704748252783e-14
1.096836070766145581e-11 1.020489136377822537e-08 1.267890995691423328e-14
1.099095310385637570e-11 1.022591121534611763e-08 1.274279313050048961e-14
1.101406617467774848e-11 1.024741549996257419e-08 1.280699818190432953e-14
1.103771191982955383e-11 1.026941538209171931e-08 1.287152673291961299e-14
1.106190261556641128e-11 1.029192228349897480e-08 1.293638041351147204e-14
1.108665082106707637e-11 1.031494788918097223e-08 1.300156086185774025e-14
1.111196938495483554e-11 1.033850415343206242e-08 1.306706972439026377e-14
1.113787145196819923e-11 1.036260330605071450e-08 1.313290865583650267e-14
1.116437046978528407e-11 1.038725785868888145e-08 1.319907931926133434e-14
1.119148019600550807e-11 1.041248061134773368e-08 1.326558338610907441e-14
1.121921470529217241e-11 1.043828465902307751e-08 1.333242253624551370e-14
1.124758839667966837e-11 1.046468339850394433e-08 1.339959845800082425e-14
1.127661600104907199e-11 1.049169053532786440e-08 1.346711284821156784e-14
1.130631258877603635e-11 1.051932009089638855e-08 1.353496741226407220e-14
1.133669357755493945e-11 1.054758640975467137e-08 1.360316386413722681e-14
1.136777474040335593e-11 1.057650416703878336e-08 1.367170392644606424e-14
1.139957221385097227e-11 1.060608837609462178e-08 1.374058933048476885e-14
1.143210250631728008e-11 1.063635439627248980e-08 1.380982181627093983e-14
1.146538250668230627e-11 1.066731794090125655e-08 1.387940313258925616e-14
1.149942949305487618e-11 1.069899508544630188e-08 1.394933503703571758e-14
1.153426114174295916e-11 1.073140227585548247e-08 1.401961929606204161e-14
1.156989553643075925e-11 1.076455633709745562e-08 1.409025768502027524e-14
1.160635117756726851e-11 1.079847448189671970e-08 1.416125198820765275e-14
1.164364699197123942e-11 1.083317431967007316e-08 1.423260399891164435e-14
1.168180234265748152e-11 1.086867386566891409e-08 1.430431551945529046e-14
1.172083703888964715e-11 1.090499155033232030e-08 1.437638836124268429e-14
1.176077134646467141e-11 1.094214622885563146e-08 1.444882434480476045e-14
1.180162599823426563e-11 1.098015719097959727e-08 1.452162529984526190e-14
1.184370676104244634e-11 1.101930892927195167e-08 1.463753244632057188e-14
1.188678351219406553e-11 1.105938733109342244e-08 1.475828908306901012e-14
1.193085302972252752e-11 1.110038939797092118e-08 1.488004193727235007e-14
1.197593819337277245e-11 1.114233641710895163e-08 1.500279922751988924e-14
1.202206241018672030e-11 1.118525016630660026e-08 1.512656924020278471e-14
1.206924962665563984e-11 1.122915292526401655e-08 1.525136033007321036e-14
1.211752434115248741e-11 1.127406748714941558e-08 1.537718092080816844e-14
1.216691161665087514e-11 1.132001717043275522e-08 1.550403950557844121e-14
1.221743709373708240e-11 1.136702583099202408e-08 1.563194464762169531e-14
1.226912700392198007e-11 1.141511787449860687e-08 1.576090498082041699e-14
1.232200818325977250e-11 1.146431826908810318e-08 1.589092921028499394e-14
1.237610808628054309e-11 1.151465255832308814e-08 1.602202611294120838e-14
1.243145480024396562e-11 1.156614687445469364e-08 1.615420453812247915e-14
1.248807705972144353e-11 1.161882795198977826e-08 1.628747340816760998e-14
1.254600426151438329e-11 1.167272314157079460e-08 1.642184171902285132e-14
1.260526647991621150e-11 1.172786042417552241e-08 1.655731854084898244e-14
1.266589448232621188e-11 1.178426842564407240e-08 1.669391301863394395e-14
1.272791974522310023e-11 1.184197643154066825e-08 1.683163437280991636e-14
1.279137447050684337e-11 1.190101440235795753e-08 1.697049189987561461e-14
1.285805159695200851e-11 1.196569570920613312e-08 1.712330872276598733e-14
1.293340407913239616e-11 1.203581878754946885e-08 1.729513189156503093e-14
1.300883973549356355e-11 1.210601926885886070e-08 1.747194257706996313e-14
1.308444310415853997e-11 1.217637582440494819e-08 1.765388115905881105e-14
1.316029792593686725e-11 1.224696638348193733e-08 1.784109307940849159e-14
1.323648722563894360e-11 1.231786820907895162e-08 1.803372904607298952e-14
1.331309339331478053e-11 1.238915797348102966e-08 1.823194524616052566e-14
1.339019826549646605e-11 1.246091183387355386e-08 1.843590356855245188e-14
1.346788320650617214e-11 1.253320550800774670e-08 1.864577183653828796e-14
1.354622918991240850e-11 1.260611435000410421e-08 1.886172405095739789e-14
1.362531688020812721e-11 1.267971342636226400e-08 1.908394064437207196e-14
1.370522671478758321e-11 1.275407759224896314e-08 1.931260874681773895e-14
1.378603898631278732e-11 1.282928156814855094e-08 1.954792246371254773e-14
1.386783392554933571e-11 1.290540001695028290e-08 1.979008316653182601e-14
1.394985155648450719e-11 1.298172570429614643e-08 2.003929812444107784e-14
1.403191363296604435e-11 1.305809275419756853e-08 2.029574927441161886e-14
1.411844273947553201e-11 1.313861682827276831e-08 2.055969160120736888e-14
1.420946742889400985e-11 1.322332449806524727e-08 2.083142014634042018e-14
1.430502348390361778e-11 1.331224906318724867e-08 2.111124218448855689e-14
1.440515396394737920e-11 1.340543059502146612e-08 2.139947785104189276e-14
1.450990926441283810e-11 1.350291599179825598e-08 2.169646080529174343e-14
1.461934718859406298e-11 1.360475904556450223e-08 2.200253893145861305e-14
1.473353303297764674e-11 1.371102052155185278e-08 2.231807507989673107e-14
1.485253968645162316e-11 1.382176825050169930e-08 2.264344785097843795e-14
1.497644774404250223e-11 1.393707723451010498e-08 2.297905242433095414e-14
1.510534563582540068e-11 1.405702976699285583e-08 2.332530143628488198e-14
1.524082833098626049e-11 1.418311012851624333e-08 2.368264403460745439e-14
1.537696953360611047e-11 1.430980330109255563e-08 2.405150528247276919e-14
1.551269867581057356e-11 1.443611301301624676e-08 2.443221788713631464e-14
1.564815689553896454e-11 1.456217060749167530e-08 2.482512360155932944e-14
1.578348050569118235e-11 1.468810293754691611e-08 2.523057701639120788e-14
1.591880127599146837e-11 1.481403262833658063e-08 2.564894600695746951e-14
1.605424670047862848e-11 1.494007832606858733e-08 2.608061219849489243e-14
1.618994025143268704e-11 1.506635493430873834e-08 2.652597145031975642e-14
1.632600162049862996e-11 1.519297383837089431e-08 2.698543435963504965e-14
1.646211939094119230e-11 1.531964523349045546e-08 2.745942609373890536e-14
1.659946356068020555e-11 1.544745792158872048e-08 2.794836138343357563e-14
1.674510182403754875e-11 1.558298910983514718e-08 2.845284653163649342e-14
1.689917476835300329e-11 1.572636962962296565e-08 2.897359749386022709e-14
1.706183710356910125e-11 1.587774345489444762e-08 2.951136560958014668e-14
1.723325818174416123e-11 1.603726818560357266e-08 3.006693967188810572e-14
1.741362254973784527e-11 1.620511556204928666e-08 3.064114813434696682e-14
1.760313053782823626e-11 1.638147201264699052e-08 3.123486146486868090e-14
1.780199888711281004e-11 1.656653923779258259e-08 3.184899465720859282e-14
1.801059479855589961e-11 1.676065895613431515e-08 3.248452140594235440e-14
1.821959182165960453e-11 1.695515195710706957e-08 3.314230088904396251e-14
1.842714182641582465e-11 1.714829836779954116e-08 3.382297614166660308e-14
1.863335366715514434e-11 1.734019948832077967e-08 3.452720024798355458e-14
1.883832458303145145e-11 1.753094580968726688e-08 3.525564701937899985e-14
1.904214061423546918e-11 1.772061740115071159e-08 3.600901130585878230e-14
1.924487698470749577e-11 1.790928426635005584e-08 3.678800930141856964e-14
1.944610569027319506e-11 1.809654810383193377e-08 3.759337715019055096e-14
1.965174518511546710e-11 1.828791663932381685e-08 3.842591028309924950e-14
1.987098853783796860e-11 1.849194496222023622e-08 3.928688641496301380e-14
2.010418801398043908e-11 1.870896089297767145e-08 4.017778854443287714e-14
2.035172294664103979e-11 1.893931744127463536e-08 4.110018375058277546e-14
2.061400138204514009e-11 1.918339433739010761e-08 4.205572867662477201e-14
2.089146182004351576e-11 1.944159965192437473e-08 4.304617542654779254e-14
2.118487041964795506e-11 1.971464637597350476e-08 4.407338206226745950e-14
2.148256896701172662e-11 1.999168534987701750e-08 4.513910890891800011e-14
2.177710771718004269e-11 2.026578382378718476e-08 4.624452976325444144e-14
2.206845528344425587e-11 2.053691258917508020e-08 4.739074227606892882e-14
2.235655554502902384e-11 2.080501941991862785e-08 4.857886743994452900e-14
2.264132822869494370e-11 2.107002961353783535e-08 4.981004854864415986e-14
2.292265512374040467e-11 2.133183316283289751e-08 5.108545002796009430e-14
2.320800178379715051e-11 2.159737753217790584e-08 5.240635897494413686e-14
2.351389321137192388e-11 2.188204093501694932e-08 5.377502981419618713e-14
2.384103408838242701e-11 2.218647915311465660e-08 5.519421489432575299e-14
2.419017741725626868e-11 2.251139293566010698e-08 5.666684160518772654e-14
2.456212842640444643e-11 2.285753163373245666e-08 5.819602486209198976e-14
2.495797618462991316e-11 2.322590874139057731e-08 5.978508195611240394e-14
2.536282940361106518e-11 2.360266638367478579e-08 6.143721769876057375e-14
2.576209777014637577e-11 2.397422677152415485e-08 6.315443846316965598e-14
2.615546503016757034e-11 2.434029559775595810e-08 6.493847226228357510e-14
2.654256751015525623e-11 2.470053442641448202e-08 6.679105918577837500e-14
2.692299500633400895e-11 2.505456152024206833e-08 6.871394634857605175e-14
2.730084301852715979e-11 2.540618816508120548e-08 7.070893204629925530e-14
2.770394278848407874e-11 2.578131421143187953e-08 7.277918187272342937e-14
2.813744119079566284e-11 2.618472936341483944e-08 7.492935535137013154e-14
2.860264857745215581e-11 2.661765304474695637e-08 7.716448318654118429e-14
2.910096283951501404e-11 2.708138614381881936e-08 7.948995100207905874e-14
2.963132932896191355e-11 2.757494720731001358e-08 8.191150565473734962e-14
3.016227621451107885e-11 2.806904843333927996e-08 8.443386154365062921e-14
3.068404278193536273e-11 2.855460646397523734e-08 8.705978195949531051e-14
3.119581247435223352e-11 2.903086140752828906e-08 8.979185461796694670e-14
3.169668570227889618e-11 2.949697610157992492e-08 9.263263446508335757e-14
3.218998590483960990e-11 2.995604335182100185e-08 9.558467886628424422e-14
3.271487194162646908e-11 3.044450456163778837e-08 9.865262627319190489e-14
3.328197171230861995e-11 3.097225010811093239e-08 1.018440803370142108e-13
3.389341943954303480e-11 3.154126611780533214e-08 1.051673863646247620e-13
3.455149113944184978e-11 3.215367067187410275e-08 1.086315305425587798e-13
3.524251971779458378e-11 3.279674511857282752e-08 1.122457970801999612e-13
3.592293243358352970e-11 3.342994046423245700e-08 1.160161254253649871e-13
3.658894452972958325e-11 3.404973459480407683e-08 1.199463299496456586e-13
3.723896632722575148e-11 3.465464814554832682e-08 1.240400931454365641e-13
3.787256646320098269e-11 3.524427968613624048e-08 1.283009626290475909e-13
3.853712484998932708e-11 3.586272121024321448e-08 1.327347258290995082e-13
3.925837952688899891e-11 3.653392468364038805e-08 1.373529275555582584e-13
4.003958727272399304e-11 3.726092089786858208e-08 1.421687978056086341e-13
4.088422217621656669e-11 3.804694287597850940e-08 1.471966597060306826e-13
4.176400059617616587e-11 3.886566971650532471e-08 1.524508588662961290e-13
4.262574031038224664e-11 3.966760974395194198e-08 1.579394718298012787e-13
4.346624970382084694e-11 4.044979282018390346e-08 1.636678567422470316e-13
4.428285837942177238e-11 4.120973385425228915e-08 1.696410800771141747e-13
4.509448387499918629e-11 4.196503762218269205e-08 1.758645243057712345e-13
4.597374093222397274e-11 4.278327986806570139e-08 1.823515197505602425e-13
4.693069456402793793e-11 4.367382718046832917e-08 1.891218069388070523e-13
4.797031683233893511e-11 4.464130661912195835e-08 1.961969524995231896e-13
4.907648135139271981e-11 4.567071088615493674e-08 2.035997599948829091e-13
5.016597766651308667e-11 4.668460377491509966e-08 2.113450480351776287e-13
5.122668768637492449e-11 4.767170810212795810e-08 2.194405451970304370e-13
5.225457090504947162e-11 4.862826373814228083e-08 2.278932507580833739e-13
5.327494235189448162e-11 4.957782903298494931e-08 2.367105882929914506e-13
5.438394663343061510e-11 5.060987689276704341e-08 2.459126367473349787e-13
5.559518771424150217e-11 5.173706730713969227e-08 2.555296096176418503e-13
5.691579965020501728e-11 5.296603932578719039e-08 2.655946721705962060e-13
5.829846916761396942e-11 5.425276287176534951e-08 2.761412402953323589e-13
5.964778441854523043e-11 5.550844691262680782e-08 2.871869083620950692e-13
6.095650642138316316e-11 5.672635478370140044e-08 2.987418578320007016e-13
6.221975254006212971e-11 5.790194265155848804e-08 3.108151597400302150e-13
6.353763908056759370e-11 5.912837963510898664e-08 3.234227513187899150e-13
6.498318351242375902e-11 6.047361648332091666e-08 3.366042598247875710e-13
6.656598965903640473e-11 6.194659066262204307e-08 3.504072358966999505e-13
6.827276778912686801e-11 6.353493468523054807e-08 3.648830619333913345e-13
6.996045869468615924e-11 6.510551631632142868e-08 3.800672439226212336e-13
7.159671417480301889e-11 6.662823199898301846e-08 3.959749933448864098e-13
7.317317146561617288e-11 6.809529924515011655e-08 4.126188193149898922e-13
7.478053432982959408e-11 6.959112790853372161e-08 4.300164100090089147e-13
7.654913897836524348e-11 7.123701027747826698e-08 4.482209139701622332e-13
7.849232772068179139e-11 7.304536293743982389e-08 4.673016506549180097e-13
8.059590629145432310e-11 7.500297664038870392e-08 4.873339276629097177e-13
8.267662408883821092e-11 7.693931637540831732e-08 5.083699593711688981e-13
8.468992195961183447e-11 7.881291487742663156e-08 5.304305822203610377e-13
8.662496204783726566e-11 8.061368628509650229e-08 5.535321295401658575e-13
8.863479224325954500e-11 8.248405880983260811e-08 5.777038375826320777e-13
9.085261700864396646e-11 8.454799423565191313e-08 6.030289367881738222e-13
9.329607277628713413e-11 8.682190538239469923e-08 6.296103348244269281e-13
9.589365234049263281e-11 8.923924684915738685e-08 6.575552611412429232e-13
9.842430157420920268e-11 9.159430282496174668e-08 6.869206900034877292e-13
1.008632076096301964e-10 9.386398209440000896e-08 7.177314574043792596e-13
1.032360467035086346e-10 9.607217930588204910e-08 7.500091726704666155e-13
1.058117546456731580e-10 9.846916992498992641e-08 7.838259815549794378e-13
1.086600610123727535e-10 1.011198454586924699e-07 8.193194769581315783e-13
1.117897423131541807e-10 1.040323736563415361e-07 8.566448747164687596e-13
1.149317343381794714e-10 1.069563594566323122e-07 8.959266166032605929e-13
1.179650127793727756e-10 1.097791757883745188e-07 9.372086374004475441e-13
1.208724766333514635e-10 1.124849081327373171e-07 9.805191981474842754e-13
1.239180678788630373e-10 1.153191851580079856e-07 1.025918713595536500e-12
1.272967378316210596e-10 1.184634319341210452e-07 1.073582970244391899e-12
1.310391844398994978e-10 1.219462167768383359e-07 1.123727525171251311e-12
1.349017060722244577e-10 1.255407469801424849e-07 1.176554826321761138e-12
1.386319955581194244e-10 1.290122211208995256e-07 1.232143213575416661e-12
1.422033615764171447e-10 1.323357996946227489e-07 1.290531431922380883e-12
1.458703981313056615e-10 1.357484125706918542e-07 1.351784718866233436e-12
1.499495895502978759e-10 1.395445862217417942e-07 1.416133988843185032e-12
1.544808592998918019e-10 1.437614746037929425e-07 1.483881711304622953e-12
1.591889186809303796e-10 1.481428889595903340e-07 1.555318498923526238e-12
1.637312878807192438e-10 1.523701107889840944e-07 1.630557844313545912e-12
1.680735437567399837e-10 1.564111050887705291e-07 1.709649884289495580e-12
1.725687291824945397e-10 1.605944210111821125e-07 1.792690859861590105e-12
1.775811550843092435e-10 1.652590944625490567e-07 1.880015714086466831e-12
1.831565537131688721e-10 1.704476854686944723e-07 1.972054749801463909e-12
1.888499888307731795e-10 1.757461267625992188e-07 2.069190017085221269e-12
1.943290017420285217e-10 1.808450247027879051e-07 2.171549745247725231e-12
1.995770418841599556e-10 1.857289767835098179e-07 2.279195019822772449e-12
2.051858555826701427e-10 1.909486765046713760e-07 2.392320893726255675e-12
2.114530922973136620e-10 1.967811243659056006e-07 2.511447997075833154e-12
2.183560007247254021e-10 2.032051482301649572e-07 2.637190202886451300e-12
2.251843946700020352e-10 2.095598309836561296e-07 2.769971789945964975e-12
2.317268165862570290e-10 2.156483845832801916e-07 2.909910625910372470e-12
2.381500042443968470e-10 2.216259795644041837e-07 3.057098477911632032e-12
2.452708905431787539e-10 2.282528765748395178e-07 3.211999007973583154e-12
2.532422007050530039e-10 2.356712070730895760e-07 3.375414413884715467e-12
2.616643832312532888e-10 2.435091378401995959e-07 3.548158973489696957e-12
2.697764526849024113e-10 2.510584737162596289e-07 3.730565124036730748e-12
2.775150247537724805e-10 2.582602270207781027e-07 3.922738296524362491e-12
2.857056743789326392e-10 2.658827034604438351e-07 4.124985553961395451e-12
2.949012193446647548e-10 2.744403737760297661e-07 4.338277583868306525e-12
3.050363296804146363e-10 2.838724413199632819e-07 4.563791290345086728e-12
3.150092594828511197e-10 2.931535857895425273e-07 4.802290500156210730e-12
3.245314877326504655e-10 3.020152995533037265e-07 5.053962295865559164e-12
3.340960455644858084e-10 3.109164143387818875e-07 5.319016232392422591e-12
3.448353925476091761e-10 3.209108380226186934e-07 5.598524068828418969e-12
3.568692640398537359e-10 3.321100028446362490e-07 5.894074347465594367e-12
3.690462269856422200e-10 3.434423440328493568e-07 6.206991189436603357e-12
3.806949974342797624e-10 3.542831394207128191e-07 6.537633000426829637e-12
3.920963383001874255e-10 3.648936774757658378e-07 6.886194544521048412e-12
4.047971376802481413e-10 3.767135544985697513e-07 7.253852065347826353e-12
4.191075312910081532e-10 3.900313981981441887e-07 7.642726427447315670e-12
4.338902625817860033e-10 4.037888326930535702e-07 8.054796674062161028e-12
4.480404016711054379e-10 4.169575638554377873e-07 8.490671571326824023e-12
4.617651330770043115e-10 4.297304059520965953e-07 8.950577818647080403e-12
4.769777137905083955e-10 4.438879219697811126e-07 9.435938161711387520e-12
4.941612350580917554e-10 4.598797022985338409e-07 9.949610409151087686e-12
5.120152524998260360e-10 4.764954961175153183e-07 1.049433761196411149e-11
5.290936480961679318e-10 4.923894780667838789e-07 1.107097893046950474e-11
5.456841674935553597e-10 5.078294373919146118e-07 1.167982956864175796e-11
5.641400650765597615e-10 5.250054312065194011e-07 1.232288074881521374e-11
5.850159263725342307e-10 5.444335902024838728e-07 1.300406138430606766e-11
6.064725640059454454e-10 5.644022749760288009e-07 1.372696025639389171e-11
6.269549665790902521e-10 5.834643098535558672e-07 1.449256877038724065e-11
6.471203843570638326e-10 6.022313668906337486e-07 1.530134000264944285e-11
6.698008854671195583e-10 6.233391290939918436e-07 1.615645384222959022e-11
6.953633970187028441e-10 6.471290871132069810e-07 1.706339004227470266e-11
7.210155803611503800e-10 6.710025327358675885e-07 1.802644575327923452e-11
7.454147334598849423e-10 6.937098672345555231e-07 1.904653838501265055e-11
7.702499049402385719e-10 7.168230221366109954e-07 2.012463932926330117e-11
7.984835109253035059e-10 7.430990118608438618e-07 2.126616329655504460e-11
8.297538429354830458e-10 7.722012173276032937e-07 2.247864434739306974e-11
8.602405264900722789e-10 8.005741538282039922e-07 2.376642863049432886e-11
8.892339711626342420e-10 8.275574272356302364e-07 2.513019588887705553e-11
9.204718597544754650e-10 8.566295825128898125e-07 2.657274308423553887e-11
9.560738061434132921e-10 8.897632909884162634e-07 2.810300454788712496e-11
9.937662861899775487e-10 9.248426599338375974e-07 2.973055143831927635e-11
1.029737345747550690e-09 9.583200096875843425e-07 3.145857526779775732e-11
1.065015562796033405e-09 9.911526096817995493e-07 3.328797271716965703e-11
1.104853948057300966e-09 1.028229320277601084e-06 3.522629330134321856e-11
1.149740664033176377e-09 1.070004481589394511e-06 3.728705648601189607e-11
1.194187719759549521e-09 1.111370540712969369e-06 3.947971803922161630e-11
1.236338460143319234e-09 1.150599540393922908e-06 4.180577219234490665e-11
1.281304301471155233e-09 1.192448595865437278e-06 4.426937925505272423e-11
1.332773056996550337e-09 1.240349920288902438e-06 4.688623025501072974e-11
1.387278783104872613e-09 1.291077823089220450e-06 4.967353069557901758e-11
1.439179970320519106e-09 1.339381815665577777e-06 5.263673355925130596e-11
1.490724637284005799e-09 1.387354107808087128e-06 5.577765583612908835e-11
1.549494256354647451e-09 1.442050743575347627e-06 5.911153512014253370e-11
1.614951500851987091e-09 1.502971666917967906e-06 6.266283460384156380e-11
1.678563925320605126e-09 1.562175762361064320e-06 6.644518986484909505e-11
1.739519656470252348e-09 1.618907414056011614e-06 7.046025416147599480e-11
1.807237436341643842e-09 1.681932682852970345e-06 7.472075432438823201e-11
1.884499982994631808e-09 1.753841498637424289e-06 7.925801920889931301e-11
1.962027995096086497e-09 1.825997573954996352e-06 8.409702929660397119e-11
2.035457584953294710e-09 1.894339393151682931e-06 8.924178415530737600e-11
2.114215740675775346e-09 1.967640780620501747e-06 9.470221302906908920e-11
2.204894833498945487e-09 2.052037401248616074e-06 1.005164393391609033e-10
2.298946129934174346e-09 2.139572841246507627e-06 1.067230847662290635e-10
2.387998940426003659e-09 2.222456335390700726e-06 1.133311684257697654e-10
2.480473410599575982e-09 2.308524712931438372e-06 1.203487713774586416e-10
2.587237242470171786e-09 2.407892877527798675e-06 1.278216585754734474e-10
2.700830801283265995e-09 2.513617996390498297e-06 1.358044417982234849e-10
2.808588984536707765e-09 2.613912272496670178e-06 1.443134695266391900e-10
2.918357364571083680e-09 2.716077854410145268e-06 1.533564399741990355e-10
3.045219739525918012e-09 2.834153866336008704e-06 1.629895238765041130e-10
3.181827389800582179e-09 2.961300641977918619e-06 1.732866918424501724e-10
3.311603309958664627e-09 3.082089254246913366e-06 1.842726591573604009e-10
3.443133453283625111e-09 3.204511059399151964e-06 1.959564646187900497e-10
3.595355322165902659e-09 3.346192236994681841e-06 2.084107585388289848e-10
3.759314001745040849e-09 3.498798076852000873e-06 2.217333940865860362e-10
3.914891747636379430e-09 3.643603860552388899e-06 2.359563329030246552e-10
4.073800189668350984e-09 3.791510329524560010e-06 2.510928402324663353e-10
4.258266293925762621e-09 3.963205686867895473e-06 2.672428505526180447e-10
4.454621664876137915e-09 4.145967958823772375e-06 2.845327721656010120e-10
4.640252806593628759e-09 4.318749145955747633e-06 3.029976471311751087e-10
4.834174886755227021e-09 4.499248152088900579e-06 3.226617849954978014e-10
5.059820888761084077e-09 4.709276125373738530e-06 3.436694223506614586e-10
5.293886627630220073e-09 4.927142047410796124e-06 3.661767901818150652e-10
5.515034785107647471e-09 5.132985385457285614e-06 3.902148566868887653e-10
5.754359395863186402e-09 5.355748340527123682e-06 4.158361930014261643e-10
6.031299549094081624e-09 5.613525041497750664e-06 4.432518541479444498e-10
6.309038346843864510e-09 5.872046402236812029e-06 4.726386983586382622e-10
6.574329382028712680e-09 6.118982566799278773e-06 5.040180117097080962e-10
6.872739960545342204e-09 6.396748287319189572e-06 5.375073891767536582e-10
7.211052455664340295e-09 6.711657077284549375e-06 5.734061374786416766e-10
7.538910215952993751e-09 7.016836030989582593e-06 6.118844974244148072e-10
7.862795801506843577e-09 7.318319296031410942e-06 6.529637830017753421e-10
8.238745617521152950e-09 7.668267666689628119e-06 6.968900150167609790e-10
8.645936844510256069e-09 8.047298924245702159e-06 7.440511317866013472e-10
9.030578843252177062e-09 8.405342532678904038e-06 7.945662647154289683e-10
9.438127996521446763e-09 8.784711624531955075e-06 8.485166272791794851e-10
9.913539071255247682e-09 9.227253094931549938e-06 9.063541483625112508e-10
1.039271867493233834e-08 9.673305372837999125e-06 9.684899847687137534e-10
1.085225192438084355e-08 1.010107235904261841e-05 1.034973703309827703e-09
1.137568854903446804e-08 1.058832858161566265e-05 1.106100358836947959e-09
1.196109002647375265e-08 1.113327030364280245e-05 1.182545899286408606e-09
1.251951060904966041e-08 1.165309955343516555e-05 1.264607887764857430e-09
1.309572544005944097e-08 1.218949727795971724e-05 1.352376145209127315e-09
1.377263828430026830e-08 1.281963932055780630e-05 1.446561393332122155e-09
1.446321346665654350e-08 1.346250449203855191e-05 1.547907660144935487e-09
1.512427744409925770e-08 1.407790210519063646e-05 1.656515823994970072e-09
1.587863461345678143e-08 1.478015383170302071e-05 1.772877506517143680e-09
1.671955739369310983e-08 1.556299810011722533e-05 1.898138877628652059e-09
1.751776822796336404e-08 1.630608645677169660e-05 2.032761966673330425e-09
1.836070478476930533e-08 1.709081867357521096e-05 2.176954291535132546e-09
1.934731173400382291e-08 1.800930884427591504e-05 2.332021423609173572e-09
2.032912321351727519e-08 1.892334262080306830e-05 2.499070360447262436e-09
2.129143652152557256e-08 1.981923249236120665e-05 2.678226211314672099e-09
2.241769624130035878e-08 2.086776220885979820e-05 2.870646610375834270e-09
2.361793238930218075e-08 2.198517320694874341e-05 3.078184111857938770e-09
2.475461035226514115e-08 2.304342232016641653e-05 3.301243056913002124e-09
2.603338512211381763e-08 2.423397582669445664e-05 3.540651755513134701e-09
2.747708326182427161e-08 2.557808829997356947e-05 3.798895798516318072e-09
2.885046763106692892e-08 2.685675043396641395e-05 4.077087808686483918e-09
3.031227933122547097e-08 2.821775586206476630e-05 4.375713488100206445e-09
3.201944019383492537e-08 2.980720840349941478e-05 4.697697831441096767e-09
3.369231749921582137e-08 3.136475835680266799e-05 5.045207430482040454e-09
3.538185498107148928e-08 3.293783821117283431e-05 5.418571472371755084e-09
3.738226626813804904e-08 3.480038545340503273e-05 5.820936152406499986e-09
3.941166436010439881e-08 3.668994393266633173e-05 6.255796099347679005e-09
4.139578576717685468e-08 3.853736846496559772e-05 6.723602844915157307e-09
4.373275072896751783e-08 4.071335459403090394e-05 7.227595127204991204e-09
4.618561859236664658e-08 4.299728839709740383e-05 7.772815337994774784e-09
4.853984332265988618e-08 4.518940173037704977e-05 8.360140580039465345e-09
5.127615612196109651e-08 4.773732708080418694e-05 8.992907018382107183e-09
5.423014550450370224e-08 5.048797946937703729e-05 9.677921793781801028e-09
5.703929436425663234e-08 5.310379819562627670e-05 1.041677688167986676e-08
6.026513599618444182e-08 5.610767585595032356e-05 1.121303929822611135e-08
6.380811352809547353e-08 5.940691529610983302e-05 1.207559299515556648e-08
6.716822881264680059e-08 6.253591946536016959e-05 1.300695515694498199e-08
7.099891035764612644e-08 6.610317958858979515e-05 1.401121217484037060e-08
7.523957314086649286e-08 7.005228885816924920e-05 1.509980406840857444e-08
7.926139695545261326e-08 7.379766496264603419e-05 1.627625164909544618e-08
8.384378754605817386e-08 7.806514744535977379e-05 1.754567336794989342e-08
8.891414992460586154e-08 8.278714539384743906e-05 1.892274151590836278e-08
9.372933026229726267e-08 8.727157112276304012e-05 2.041187839488057127e-08
9.925151104452649107e-08 9.241452530417074021e-05 2.202011561347851610e-08
1.053058882381594936e-07 9.805322751635527469e-05 2.376619548348282475e-08
1.110777900323675142e-07 1.034289477193592614e-04 2.565511486661668355e-08
1.177819267807738066e-07 1.096730337172590789e-04 2.769733568666441512e-08
1.249908779805630207e-07 1.163874193211907754e-04 2.991647625820109388e-08
1.319329591916707225e-07 1.228533721258947935e-04 3.231761329129143201e-08
1.401229262966763203e-07 1.304817787936997223e-04 3.491719173037332183e-08
1.486679515185760952e-07 1.384410588919046702e-04 3.774396866995859213e-08
1.570743053713636116e-07 1.462713411061528546e-04 4.080284589426852542e-08
1.670918873831900410e-07 1.556026388603832340e-04 4.412018548460812616e-08
1.771826233057193251e-07 1.650022823496752192e-04 4.772878776044168064e-08
1.874777545305470149e-07 1.745925437852356699e-04 5.163440478248372360e-08
1.996904162871073335e-07 1.859693102840944193e-04 5.587846173214729826e-08
2.115609469272234493e-07 1.970276204055197732e-04 6.049445574593574843e-08
2.243728042645920200e-07 2.089631439646873646e-04 6.549347484076674485e-08
2.391325691476757470e-07 2.227136722920546074e-04 7.093663521254303399e-08
2.532077916996750054e-07 2.358267965954157310e-04 7.685257453574791220e-08
2.693185895073991480e-07 2.508367523919160721e-04 8.326864589750619669e-08
2.868822549987815558e-07 2.672007259176611494e-04 9.026551533699501938e-08
3.038992349765844020e-07 2.830557906730716048e-04 9.786281789918102576e-08
3.241627393277972460e-07 3.019362347124900483e-04 1.061221298050157790e-07
3.446942912141908091e-07 3.210669622181306455e-04 1.151327657180718739e-07
3.658620471772129336e-07 3.407910724472733429e-04 1.249123745753611126e-07
3.908393208182044913e-07 3.640655728746979339e-04 1.355749784389054420e-07
4.148478218889600418e-07 3.864380180297580952e-04 1.471961251994080400e-07
4.419593267915773943e-07 4.117028153342698355e-04 1.598225763583565170e-07
4.718530760673524281e-07 4.395612089629826478e-04 1.736198850093469245e-07
5.008699306399613655e-07 4.666033034674481697e-04 1.886328952970528221e-07
5.355114392993792302e-07 4.988883419307061457e-04 2.049915216586553837e-07
5.701842043132997436e-07 5.312035877527200318e-04 2.228707165021458669e-07
6.069572944353429142e-07 5.654775734611029248e-04 2.423140872382333697e-07
6.495728968765041178e-07 6.051984027973391451e-04 2.635720013813469148e-07
6.904303817939064864e-07 6.432819287248545039e-04 2.867630095427956181e-07
7.384358278867492006e-07 6.880298098031407180e-04 3.120362109411758913e-07
7.883379840263215186e-07 7.345474252481875741e-04 3.397083644802677445e-07
8.394097152737274275e-07 7.821571921432536861e-04 3.698465563259043906e-07
8.997301943033926825e-07 8.383909830408075572e-04 4.028179048742682561e-07
9.577445656410073644e-07 8.924771013819754331e-04 4.388573165099241095e-07
1.025113371513063366e-06 9.552869247752793181e-04 4.781660628381595971e-07
1.096256475406468422e-06 1.021618396420020036e-03 5.212639333265353537e-07
1.168508617477264882e-06 1.088986911828400666e-03 5.682669081585947957e-07
1.254066831917118834e-06 1.168765646773637897e-03 6.197468429715551086e-07
1.336489566281939667e-06 1.245624203886595187e-03 6.760856644797770987e-07
1.432649505530804167e-06 1.335296875343628233e-03 7.376189062733370147e-07
1.533186188848992845e-06 1.429055399591761628e-03 8.051610060023553218e-07
1.636936427367179096e-06 1.525815680703258110e-03 8.789011966717965073e-07
1.758608891541267549e-06 1.639296307171326291e-03 9.597994197833814010e-07
1.875898163183600442e-06 1.748694468893650759e-03 1.048379075781324156e-06
2.014987871286862874e-06 1.878433248582353802e-03 1.145308407157102346e-06
2.155776368512912759e-06 2.009763492941185180e-03 1.251783584554624873e-06
2.307591174444582715e-06 2.151387276855274647e-03 1.368149400058638529e-06
2.479942034929503864e-06 2.312177394366283882e-03 1.496055372186915036e-06
2.648507655855405081e-06 2.469445343412337863e-03 1.636095596903678281e-06
2.850360815348604992e-06 2.657780880976819051e-03 1.789723756173823635e-06
3.047460060482211203e-06 2.841691773397073736e-03 1.958466827973175653e-06
3.273841730605592844e-06 3.052939041978999443e-03 2.143200924551842856e-06
3.514016626749573448e-06 3.277071149218233580e-03 2.346536449565855149e-06
3.762111719378855178e-06 3.508609708554988327e-03 2.569140126545483893e-06
4.051780764188603745e-06 3.778965270619326008e-03 2.814045662601126911e-06
4.332912594172188456e-06 4.041370651180510414e-03 3.082774810313260571e-06
4.669180964455664016e-06 4.355261633837750543e-03 3.377838192510823260e-06
5.000746425727615269e-06 4.664784122155722114e-03 3.702527503943579929e-06
5.378369053644041830e-06 5.017327913227190295e-03 4.058444995444502381e-06
5.781649334999223876e-06 5.393852422042021318e-03 4.450758256680728191e-06
6.198913210371597076e-06 5.783462981724827798e-03 4.880857708802063587e-06
6.684492039358837608e-06 6.236895385087751729e-03 5.354751649388884905e-06
7.158225692831460192e-06 6.679302140797567858e-03 5.875313797891543962e-06
7.725626180741527245e-06 7.209224646679719510e-03 6.447922915066975672e-06
8.280619706137702234e-06 7.727602056835362020e-03 7.078530836195810001e-06
8.926918615267472152e-06 8.331313109119643789e-03 7.771057181853638550e-06
9.594652786222498885e-06 8.955099539102093914e-03 8.535208902861225337e-06
1.031579525939270167e-05 9.628840518387063799e-03 9.373953432364415605e-06
1.112583835983832394e-05 1.038570540641627245e-02 1.029987123546364148e-05
1.193762594398003792e-05 1.114427213151038439e-02 1.131726816810289225e-05
1.289971127028086590e-05 1.204336718673925007e-02 1.243936709792496870e-05
1.383636197290880781e-05 1.291877817112305205e-02 1.367487889264370631e-05
1.495657136103365247e-05 1.396585106214771194e-02 1.503557989627840915e-05
1.606128776530645763e-05 1.499854576049509773e-02 1.653710544715845232e-05
1.734435504670403102e-05 1.619809126975787703e-02 1.818884760266218994e-05
1.867098269929939869e-05 1.743848990057683332e-02 2.001456969934528035e-05
2.012156859967312935e-05 1.879494143073291018e-02 2.202232358356868579e-05
2.172818520923044865e-05 2.029746079046338206e-02 2.424308887940208995e-05
2.337537031572724963e-05 2.183809999621179332e-02 2.668727429645769276e-05
2.529790426135623894e-05 2.363648258307156011e-02 2.939016956898441490e-05
2.720080675018085744e-05 2.541671663434678236e-02 3.236982669329747779e-05
2.947530013111310286e-05 2.754484484049321905e-02 3.566285034245136523e-05
3.170724064362979907e-05 2.963341896965959732e-02 3.930012341939061302e-05
3.437879134689992335e-05 3.213368642260158725e-02 4.331776874749820693e-05
3.702851875272079781e-05 3.461384934807525127e-02 4.776400275528995922e-05
4.015687210375872229e-05 3.754240739496289558e-02 5.267446562298392645e-05
4.333015010483132900e-05 4.051341796559433661e-02 5.811836104024952409e-05
4.699827822180084250e-05 4.394822844228674780e-02 6.413299228598818820e-05
5.081935163673972775e-05 4.752675382538413401e-02 7.081165300057950922e-05
5.514589083586175766e-05 5.157926936189213829e-02 7.819755073822001312e-05
5.975925217912856692e-05 5.590106910419292974e-02 8.641155274947956628e-05
6.491510880558789599e-05 6.073184010567446445e-02 9.550865485441767529e-05
7.048871881576203324e-05 6.595481833891710111e-02 1.056425481064379246e-04
7.671609326852653040e-05 7.179139619202457023e-02 1.168871817436403679e-04
8.344806996031886061e-05 7.810191411553746299e-02 1.294369287829680954e-04
9.107452413480215871e-05 8.525214425446607514e-02 1.433940661708508113e-04
9.920433809238880969e-05 9.287557415664929317e-02 1.590022218498233358e-04
1.086316570522307767e-04 1.017172822605879462e-01 1.764069502643565875e-04
1.184471398834348451e-04 1.109246594488436100e-01 1.959029870804558876e-04
1.300734601700154279e-04 1.218327219189901806e-01 2.177033398165119512e-04
1.418771706723366121e-04 1.329092773046686160e-01 2.421358503591270383e-04
1.544974730714576531e-04 1.447543249074360883e-01 2.694537697553634099e-04
1.636666270745660754e-04 1.533620790877417983e-01 2.992753122617260761e-04
1.793712508087986438e-04 1.681079690953563299e-01 3.322606055310196069e-04
1.951947328624948806e-04 1.829684655385080683e-01 3.691747435879774329e-04
2.141460948936584074e-04 2.007703144984924470e-01 4.103742777819393488e-04
2.347459191583817478e-04 2.201248026010379777e-01 4.566115616885661516e-04
2.762032245495981385e-04 2.590855310717107840e-01 5.093141092109346440e-04
3.657284561320700545e-04 3.432365328869241838e-01 5.779623318384116823e-04
4.878933942267823891e-04 4.580939021287309676e-01 6.718346870291379584e-04
6.454668408235537166e-04 6.062767952747394329e-01 7.993175168074357316e-04
8.321853297029924894e-04 7.819100419353247622e-01 9.697019423990626543e-04
1.051677399189784737e-03 9.884217356009248334e-01 1.192482664656928587e-03
1.311771066408875782e-03 1.233195722823898555e+00 1.478568365299563151e-03
1.611883121952158377e-03 1.515704477618875057e+00 1.840288259541306452e-03
1.952840494702117119e-03 1.836748172881636165e+00 2.291161227050931334e-03
2.337869993958846017e-03 2.199388233159552897e+00 2.846500660922368555e-03
2.770797668690333330e-03 2.607253704135495287e+00 3.523689772006909776e-03
3.254394897049332682e-03 3.062983172090568917e+00 4.342511692674916844e-03
3.800573561224519347e-03 3.577835010613738209e+00 5.325608151490909131e-03
4.422246571247461129e-03 4.164024758953596361e+00 6.498206245309704268e-03
5.129937457934881199e-03 4.831529053265604112e+00 7.888146529840881632e-03
5.903997840228223173e-03 5.561864098516203114e+00 9.527828993051499010e-03
6.745060245536218732e-03 6.355663371855914789e+00 1.145687259403527052e-02
7.713407362318908632e-03 7.269885849585167037e+00 1.371906774721732419e-02
8.825927847600072498e-03 8.320580861825895624e+00 1.635858634180764951e-02
1.001102250430986780e-02 9.440201400263994458e+00 1.943145552863227016e-02
1.133034480276093152e-02 1.068705350544468402e+01 2.300852170504140079e-02
1.288322061096192073e-02 1.215515921738766458e+01 2.715491691456039386e-02
1.453650678569445159e-02 1.371877462238566281e+01 3.194865444910031244e-02
1.635363443191763591e-02 1.543796343259604242e+01 3.749808841354786149e-02
1.849835457014268117e-02 1.746787299034859231e+01 4.389424021970748935e-02
2.072422250168193952e-02 1.957541891990282679e+01 5.125016853575995596e-02
2.322574989120511357e-02 2.194488198713665028e+01 5.971980394853376034e-02
2.607237024774214026e-02 2.464235438216440954e+01 6.940727336367742695e-02
2.892008066657682230e-02 2.734196779165789337e+01 8.048820354982018366e-02
3.228387021880903957e-02 3.053217677905466587e+01 9.311607226248808100e-02
3.554655989703145447e-02 3.362787993859647173e+01 1.074134325549239571e-01
3.925980270680472228e-02 3.715260236187837251e+01 1.236002916494192555e-01
4.279589742871584002e-02 4.051075533703757969e+01 1.417182660342049261e-01
5.141232067270279371e-02 4.869988001207813966e+01 1.604865934143915873e-01
5.693048718001895298e-02 5.394512718737165358e+01 1.857395286807693724e-01
6.102764786423725552e-02 5.784174030778935105e+01 2.136380945465130021e-01
6.607470348390495629e-02 6.264404749794343985e+01 2.445077024608532934e-01
7.016682499584772637e-02 6.653969475412884549e+01 2.784000155046801317e-01
7.449473775547352239e-02 7.066205036711536991e+01 3.151547992983166346e-01
7.924555588723047883e-02 7.518958356622118799e+01 3.552057846543693054e-01
8.311899509032248667e-02 7.888297330826216580e+01 3.985192381080723267e-01
8.678413631703198183e-02 8.237977633080851092e+01 4.448395363356553167e-01
9.109680170060770188e-02 8.649673361696733309e+01 4.944702581983725920e-01
9.540150521779715287e-02 9.060843965759733010e+01 5.478028202730239604e-01
9.904627195901043180e-02 9.409187562403708682e+01 6.047299839897818385e-01
1.022662826141189224e-01 9.717129289228883238e+01 6.650103715172294150e-01
1.058577028854385260e-01 1.006080722965079133e+02 7.287968834584255262e-01
1.099836736498350370e-01 1.045589269006027706e+02 7.965136616323471586e-01
1.140022027507023444e-01 1.084093834021319083e+02 8.685041797930782570e-01
1.175681538148641569e-01 1.118284832866116147e+02 9.447026561709269687e-01
1.206230689091174063e-01 1.147596112838532179e+02 1.024934011668001466e+00
1.237997763235291759e-01 1.178097834687965388e+02 1.109181813264392469e+00
1.273094203661470081e-01 1.211820656709155344e+02 1.197786947427061266e+00
1.312700629701523125e-01 1.249905070963882849e+02 1.291193458322087206e+00
1.353140987278555751e-01 1.288820180156443485e+02 1.389840017219113877e+00
1.390253068452691754e-01 1.324560098000892197e+02 1.493773917847670551e+00
1.423581431768705940e-01 1.356681479275126208e+02 1.602922040188107911e+00
1.453075813907089286e-01 1.385130790477030018e+02 1.717156419522199551e+00
1.483736930732253712e-01 1.414730243577564295e+02 1.836535828311209873e+00
1.517096700912715923e-01 1.446962184362878077e+02 1.961429963658281483e+00
1.553921136819918503e-01 1.482572479776788157e+02 2.092299346134294247e+00
1.594437055912706347e-01 1.521787066279264025e+02 2.229693363265332628e+00
1.633465258737109294e-01 1.559595614578133507e+02 2.373968026417572208e+00
1.669858162738973306e-01 1.594883834930808177e+02 2.525158361463067269e+00
1.703208822331513106e-01 1.627252752302150043e+02 2.683250530201314099e+00
1.733099841335001556e-01 1.656291936356122676e+02 2.848180437989634051e+00
1.762262816213455430e-01 1.684652419579973355e+02 3.019929905480871035e+00
1.793664137395043767e-01 1.715220622869348688e+02 3.198865644357641091e+00
1.827673170732383168e-01 1.748361759804858195e+02 3.385482470887121398e+00
1.864820170251605125e-01 1.784599266264073378e+02 3.580354559714530982e+00
1.905646374764005113e-01 1.824469199359751030e+02 3.784145829429280017e+00
1.946129918740895082e-01 1.864047933427043517e+02 3.997420639292557532e+00
1.984560479160195900e-01 1.901662263708873866e+02 4.220335907621858063e+00
2.020641952707341871e-01 1.937018448608715460e+02 4.452983883912688512e+00
2.054069267264095888e-01 1.969812768796770683e+02 4.695414285837307133e+00
2.084530195936016295e-01 1.999733210913112487e+02 4.947629305093728114e+00
2.114563796460657563e-01 2.029271234797640489e+02 5.209695719144296966e+00
2.146809091422179905e-01 2.061024850105040684e+02 5.482128280982052182e+00
2.181521427045899075e-01 2.095252497874432720e+02 5.765584709461167634e+00
2.219090484390250917e-01 2.132346432957012325e+02 6.060806587996679262e+00
2.259921368921835871e-01 2.172715999988484441e+02 6.368629337834768478e+00
2.303809351797368732e-01 2.216168428328520008e+02 6.689980055480240217e+00
2.346512833295546774e-01 2.258508179355018797e+02 7.025487480990702416e+00
2.387328363272495924e-01 2.299035166099955916e+02 7.375404294149705109e+00
2.426005372545636807e-01 2.337496127885382293e+02 7.739943083206192398e+00
2.462285343280231908e-01 2.373628576737158653e+02 8.119272381140998363e+00
2.495902979291463875e-01 2.407161852837803053e+02 8.513511074965849801e+00
2.527712551721903456e-01 2.438942888436652652e+02 8.922759844756235736e+00
2.561551472737324531e-01 2.472807020612125939e+02 9.347588231058420405e+00
2.597878686463432341e-01 2.509222256523872829e+02 9.788934730051815691e+00
2.637013247937829430e-01 2.548518933330721268e+02 1.024783881075268077e+01
2.679284880381208045e-01 2.591040161257199657e+02 1.072545276708078354e+01
2.725035355949844695e-01 2.637143388261516179e+02 1.122305218235536728e+01
2.773710254144577392e-01 2.686283113065961174e+02 1.174201822329412792e+01
2.821065001804100025e-01 2.734179538878469771e+02 1.228326549867604101e+01
2.866537033268176660e-01 2.780260041363769687e+02 1.284725790995525685e+01
2.909888019145749349e-01 2.824277424022586729e+02 1.343441377597917175e+01
2.950871491786928313e-01 2.865974529763707892e+02 1.404509985548321893e+01
2.989233768195281860e-01 2.905085032027400302e+02 1.467962410080506963e+01
3.024887064760899968e-01 2.941510313012562392e+02 1.533823052857269431e+01
3.061700306806950933e-01 2.979202545014123302e+02 1.602151442667497250e+01
3.101275350934188380e-01 3.019811841770772389e+02 1.673087455003122059e+01
3.143908565417218859e-01 3.063657884366555209e+02 1.746791725390645666e+01
3.189905102477681442e-01 3.111072062070339257e+02 1.823440711245202905e+01
3.239580155579965814e-01 3.162398983905068235e+02 1.903228085273864068e+01
3.293260426536560037e-01 3.217998234367804002e+02 1.986366265528595321e+01
3.349181467040927007e-01 3.276060170315719802e+02 2.073073592956177080e+01
3.403250803161461668e-01 3.332341234560483940e+02 2.163476841967203157e+01
3.455206054533782045e-01 3.386561456578398861e+02 2.257658946130566946e+01
3.504794713989515809e-01 3.438448688675889571e+02 2.355697137510869510e+01
3.551755303857401791e-01 3.487718880643988086e+02 2.457661613532567912e+01
3.595818295924084196e-01 3.534076818981916972e+02 2.563614455451669016e+01
3.636861544363808041e-01 3.577380094016253338e+02 2.673608794153764379e+01
3.679166431633671963e-01 3.622145300058612065e+02 2.787749696755670925e+01
3.724884567421956061e-01 3.670665698808784896e+02 2.906275904105385877e+01
3.774328715643536780e-01 3.723299669441984179e+02 3.029464195811922878e+01
3.827820536410156960e-01 3.780419153440374203e+02 3.157617331539262651e+01
3.885692035965506164e-01 3.842411527970872953e+02 3.291066301133425043e+01
3.948287215589704191e-01 3.909681735708555834e+02 3.430172798344738538e+01
4.014628694402208042e-01 3.981213511232884912e+02 3.575322430173071098e+01
4.079288701557668984e-01 4.051168436657617917e+02 3.726781511576633221e+01
4.141470256677448614e-01 4.118675786221865565e+02 3.884707312252965039e+01
4.200884189238883737e-01 4.183407826585243470e+02 4.049246443168573251e+01
4.257230080284221674e-01 4.245020509169004868e+02 4.220535278805797219e+01
4.310197311708786616e-01 4.303154230175678663e+02 4.398698174085729562e+01
4.359466281500684604e-01 4.357434772736067998e+02 4.583845565882440809e+01
4.408043274633144937e-01 4.411164358745893423e+02 4.776115710755107813e+01
4.460922775299909770e-01 4.469886223431382177e+02 4.975885160369890770e+01
4.518510482720807797e-01 4.534097454831886580e+02 5.183647757620787644e+01
4.581179470865647807e-01 4.604266139020433002e+02 5.399943626698433263e+01
4.649314487997788237e-01 4.680880844147341122e+02 5.625363150398778345e+01
4.723314053458164130e-01 4.764453594137665391e+02 5.860551423626255740e+01
4.803289598415436679e-01 4.855178611974482692e+02 6.106211870607626935e+01
4.882985523655777871e-01 4.945996535152575575e+02 6.362950275371883890e+01
4.959556301282618263e-01 5.033661270676649337e+02 6.631092830561583185e+01
5.032644091324247615e-01 5.117738739065458162e+02 6.910920594839967634e+01
5.101875625506604450e-01 5.197769916050435768e+02 7.202698133940585024e+01
5.166863615206075400e-01 5.273271723467628362e+02 7.506670249678620621e+01
5.227208383745579612e-01 5.343738178179005445e+02 7.823058475191577088e+01
5.284431049525523116e-01 5.410912647135945690e+02 8.152081188452011418e+01
5.346626277996732179e-01 5.484318537835999905e+02 8.494315868881132303e+01
5.415119124202041334e-01 5.565601080923661357e+02 8.850686909175411188e+01
5.490383468074339079e-01 5.655421352316560615e+02 9.222215647522577342e+01
5.572907884432315440e-01 5.754471841429414098e+02 9.610021418560567952e+01
5.663198734905784404e-01 5.863481343421141219e+02 1.001533055684178777e+02
5.761756856093127599e-01 5.983187871653861976e+02 1.043948636139295445e+02
5.861805363752259357e-01 6.105444740804088042e+02 1.088375912561571539e+02
5.957516035429671897e-01 6.223136990667954933e+02 1.134883792135418616e+02
6.048407477937458587e-01 6.335622822775936811e+02 1.183526305022850948e+02
6.133975647547357246e-01 6.442218165129114595e+02 1.234354353492593930e+02
6.213696131513960497e-01 6.542197958823190902e+02 1.287415031707016340e+02
6.287026783418321330e-01 6.634797885788727854e+02 1.342750893338495644e+02
6.356028916102279824e-01 6.722553732775274966e+02 1.400403648847689340e+02
6.432204609295407716e-01 6.820137186204634645e+02 1.460488812517399424e+02
6.517404839523273097e-01 6.930087915224839890e+02 1.523194276794864663e+02
6.612285345858903707e-01 7.053456809590393277e+02 1.588728634819133561e+02
6.717523491728059071e-01 7.191351856129323323e+02 1.657321643993907685e+02
6.833823607390893118e-01 7.344947759101013389e+02 1.729226297463623609e+02
6.961297024564514491e-01 7.514660634834499433e+02 1.804720638481846606e+02
7.087443451463029120e-01 7.683984489808864282e+02 1.884041079005959034e+02
7.206890103872221065e-01 7.845673602538707883e+02 1.967308556758306679e+02
7.318928184429884798e-01 7.998648392475887476e+02 2.054625885555395826e+02
7.422814423560979424e-01 8.141750215412087073e+02 2.146088474204726708e+02
7.517775577895161598e-01 8.273743923324211664e+02 2.241782694682435704e+02
7.602980515421117191e-01 8.393275040296821317e+02 2.341783833863505606e+02
7.691527877229153987e-01 8.518701754308540330e+02 2.446223229949734161e+02
7.793110611551593570e-01 8.663991865379317687e+02 2.555449579830944344e+02
7.908686182156237088e-01 8.830939835949862982e+02 2.669887588598313073e+02
8.039242842592410065e-01 9.021447506601767827e+02 2.790008632840912810e+02
8.185809518371774951e-01 9.237544466675672084e+02 2.916335669156789550e+02
8.349584245498277157e-01 9.481586720160019013e+02 3.049449291738608849e+02
8.515085755130710199e-01 9.730853606220367737e+02 3.189896745887289740e+02
8.670096956589757875e-01 9.966923351288858157e+02 3.337946345656160361e+02
8.813525676424304178e-01 1.018784472953387990e+03 3.493798481566362852e+02
8.944220665771888124e-01 1.039150050256373106e+03 3.657635164556716632e+02
9.060981040036026890e-01 1.057561288332281038e+03 3.829615800059371509e+02
9.164060981473753920e-01 1.074014909329796637e+03 4.009874369794899849e+02
9.278448010602017293e-01 1.092506652205517867e+03 4.198776527407894719e+02
9.413338974892632161e-01 1.114592003287751368e+03 4.397151566659188688e+02
9.570243476540896133e-01 1.140617899533016725e+03 4.605966371917724587e+02
9.750730232819352361e-01 1.170956505048746749e+03 4.826304443006671363e+02
9.956448579127507026e-01 1.206010478921819640e+03 5.059379535476749084e+02
1.014214007998076150e+00 1.237488231319615124e+03 5.312105649020004421e+02
1.031626177366608443e+00 1.268001070468173566e+03 5.572655331911616940e+02
1.049516523904934440e+00 1.299814164128784796e+03 5.847777621830142607e+02
1.067818552775827046e+00 1.332850587976602355e+03 6.138421791599408834e+02
1.086588487461470853e+00 1.367253726363002670e+03 6.445617078242813704e+02
1.105813339258420402e+00 1.403045922119936677e+03 6.770464707562300646e+02
1.125562585076827826e+00 1.440406510026862861e+03 7.114157856422199302e+02
1.145836666377612501e+00 1.479392267514274181e+03 7.477977365701001418e+02
1.166652841802349183e+00 1.520095217499362661e+03 7.863309965239992607e+02
1.188042075100082640e+00 1.562639738395652103e+03 8.271653503248390962e+02
