#EOS table
     n(fm-3)       rho(MeVfm-3)    P(MeVfm-3)
6.437200e-12 	 5.989101e-09 	 6.329594e-15 
6.582100e-12 	 6.123996e-09 	 6.587603e-15 
6.730500e-12 	 6.261989e-09 	 6.856189e-15 
6.882400e-12 	 6.403297e-09 	 7.135805e-15 
7.037800e-12 	 6.547900e-09 	 7.426689e-15 
7.196800e-12 	 6.695898e-09 	 7.729393e-15 
7.359600e-12 	 6.847289e-09 	 8.044588e-15 
7.526200e-12 	 7.002292e-09 	 8.372492e-15 
7.696700e-12 	 7.160906e-09 	 8.713793e-15 
7.871200e-12 	 7.323288e-09 	 9.069106e-15 
8.049800e-12 	 7.489401e-09 	 9.438803e-15 
8.232600e-12 	 7.659499e-09 	 9.823695e-15 
8.419600e-12 	 7.833603e-09 	 1.022400e-14 
8.611100e-12 	 8.011693e-09 	 1.064100e-14 
8.807100e-12 	 8.194105e-09 	 1.107500e-14 
9.007700e-12 	 8.380700e-09 	 1.152600e-14 
9.213100e-12 	 8.571795e-09 	 1.199600e-14 
9.423200e-12 	 8.767289e-09 	 1.248499e-14 
9.638300e-12 	 8.967500e-09 	 1.299400e-14 
9.858500e-12 	 9.172289e-09 	 1.352399e-14 
1.008400e-11 	 9.381992e-09 	 1.407600e-14 
1.031500e-11 	 9.596588e-09 	 1.464900e-14 
1.055100e-11 	 9.816295e-09 	 1.524699e-14 
1.079300e-11 	 1.004099e-08 	 1.586799e-14 
1.104000e-11 	 1.027100e-08 	 1.651499e-14 
1.129300e-11 	 1.050699e-08 	 1.718799e-14 
1.155300e-11 	 1.074799e-08 	 1.788898e-14 
1.181800e-11 	 1.099499e-08 	 1.861899e-14 
1.209000e-11 	 1.124800e-08 	 1.937800e-14 
1.236800e-11 	 1.150700e-08 	 2.016791e-14 
1.265200e-11 	 1.177199e-08 	 2.098998e-14 
1.294400e-11 	 1.204299e-08 	 2.184600e-14 
1.324200e-11 	 1.232100e-08 	 2.273596e-14 
1.354800e-11 	 1.260500e-08 	 2.366301e-14 
1.386000e-11 	 1.289600e-08 	 2.462796e-14 
1.418100e-11 	 1.319399e-08 	 2.563197e-14 
1.450800e-11 	 1.349800e-08 	 2.667703e-14 
1.484400e-11 	 1.381100e-08 	 2.776393e-14 
1.518700e-11 	 1.412999e-08 	 2.889601e-14 
1.553900e-11 	 1.445700e-08 	 3.007407e-14 
1.589900e-11 	 1.479199e-08 	 3.130106e-14 
1.626800e-11 	 1.513499e-08 	 3.257700e-14 
1.664500e-11 	 1.548600e-08 	 3.390503e-14 
1.703100e-11 	 1.584599e-08 	 3.528693e-14 
1.742700e-11 	 1.621399e-08 	 3.672606e-14 
1.783200e-11 	 1.659099e-08 	 3.822300e-14 
1.824700e-11 	 1.697698e-08 	 3.978092e-14 
1.867100e-11 	 1.737200e-08 	 4.140297e-14 
1.910600e-11 	 1.777599e-08 	 4.309093e-14 
1.955100e-11 	 1.818999e-08 	 4.484796e-14 
2.000700e-11 	 1.861399e-08 	 4.667602e-14 
2.047400e-11 	 1.904899e-08 	 4.857907e-14 
2.095200e-11 	 1.949300e-08 	 5.056007e-14 
2.144100e-11 	 1.994808e-08 	 5.262098e-14 
2.194200e-11 	 2.041496e-08 	 5.476596e-14 
2.245500e-11 	 2.089191e-08 	 5.699895e-14 
2.298000e-11 	 2.138089e-08 	 5.932290e-14 
2.351800e-11 	 2.188093e-08 	 6.174197e-14 
2.406900e-11 	 2.239300e-08 	 6.425891e-14 
2.463300e-11 	 2.291790e-08 	 6.687906e-14 
2.521000e-11 	 2.345602e-08 	 6.960497e-14 
2.580200e-11 	 2.400597e-08 	 7.244297e-14 
2.640700e-11 	 2.456896e-08 	 7.539601e-14 
2.702800e-11 	 2.514595e-08 	 7.847002e-14 
2.766300e-11 	 2.573695e-08 	 8.166893e-14 
2.831300e-11 	 2.634197e-08 	 8.499888e-14 
2.897900e-11 	 2.696198e-08 	 8.846399e-14 
2.966100e-11 	 2.759698e-08 	 9.207098e-14 
3.036000e-11 	 2.824699e-08 	 9.582400e-14 
3.107500e-11 	 2.891199e-08 	 9.973094e-14 
3.180800e-11 	 2.959396e-08 	 1.037999e-13 
3.255800e-11 	 3.029192e-08 	 1.080300e-13 
3.332700e-11 	 3.100704e-08 	 1.124299e-13 
3.411400e-11 	 3.173894e-08 	 1.170200e-13 
3.492000e-11 	 3.248899e-08 	 1.217899e-13 
3.574600e-11 	 3.325798e-08 	 1.267499e-13 
3.659100e-11 	 3.404395e-08 	 1.319200e-13 
3.745700e-11 	 3.485004e-08 	 1.373000e-13 
3.834400e-11 	 3.567508e-08 	 1.429000e-13 
3.925300e-11 	 3.652103e-08 	 1.487199e-13 
4.018300e-11 	 3.738593e-08 	 1.547899e-13 
4.113600e-11 	 3.827293e-08 	 1.611000e-13 
4.211300e-11 	 3.918104e-08 	 1.676600e-13 
4.311300e-11 	 4.011204e-08 	 1.744998e-13 
4.413700e-11 	 4.106495e-08 	 1.816098e-13 
4.518600e-11 	 4.204094e-08 	 1.890200e-13 
4.626100e-11 	 4.304101e-08 	 1.967200e-13 
4.736100e-11 	 4.406496e-08 	 2.047397e-13 
4.848900e-11 	 4.511396e-08 	 2.130907e-13 
4.964400e-11 	 4.618901e-08 	 2.217791e-13 
5.082700e-11 	 4.728992e-08 	 2.308208e-13 
5.203900e-11 	 4.841707e-08 	 2.402294e-13 
5.328100e-11 	 4.957303e-08 	 2.500190e-13 
5.455300e-11 	 5.075602e-08 	 2.602190e-13 
5.585600e-11 	 5.196802e-08 	 2.708294e-13 
5.719100e-11 	 5.321001e-08 	 2.818700e-13 
5.855800e-11 	 5.448299e-08 	 2.933605e-13 
5.995900e-11 	 5.578596e-08 	 3.053207e-13 
6.139500e-11 	 5.712188e-08 	 3.177702e-13 
6.286500e-11 	 5.848898e-08 	 3.307190e-13 
6.437200e-11 	 5.989101e-08 	 3.442105e-13 
6.591500e-11 	 6.132698e-08 	 3.582406e-13 
6.749600e-11 	 6.279906e-08 	 3.728391e-13 
6.911600e-11 	 6.430607e-08 	 3.880394e-13 
7.077600e-11 	 6.584998e-08 	 4.038594e-13 
7.247700e-11 	 6.743296e-08 	 4.203305e-13 
7.421900e-11 	 6.905403e-08 	 4.374706e-13 
7.600500e-11 	 7.071495e-08 	 4.552993e-13 
7.783400e-11 	 7.241692e-08 	 4.738602e-13 
7.970800e-11 	 7.416093e-08 	 4.931808e-13 
8.162900e-11 	 7.594696e-08 	 5.132906e-13 
8.359700e-11 	 7.777798e-08 	 5.342195e-13 
8.561300e-11 	 7.965400e-08 	 5.560007e-13 
8.767900e-11 	 8.157698e-08 	 5.786601e-13 
8.979700e-11 	 8.354692e-08 	 6.022489e-13 
9.196600e-11 	 8.556600e-08 	 6.268106e-13 
9.419000e-11 	 8.763402e-08 	 6.523688e-13 
9.646800e-11 	 8.975394e-08 	 6.789590e-13 
9.880300e-11 	 9.192595e-08 	 7.066404e-13 
1.012000e-10 	 9.415301e-08 	 7.354506e-13 
1.036500e-10 	 9.643395e-08 	 7.654388e-13 
1.061600e-10 	 9.877191e-08 	 7.966406e-13 
1.087400e-10 	 1.011699e-07 	 8.291192e-13 
1.113800e-10 	 1.036199e-07 	 8.629198e-13 
1.140800e-10 	 1.061400e-07 	 8.980998e-13 
1.168500e-10 	 1.087199e-07 	 9.347104e-13 
1.196900e-10 	 1.113600e-07 	 9.728188e-13 
1.226100e-10 	 1.140699e-07 	 1.012500e-12 
1.255900e-10 	 1.168499e-07 	 1.053799e-12 
1.286500e-10 	 1.196999e-07 	 1.096701e-12 
1.317900e-10 	 1.226100e-07 	 1.141400e-12 
1.350000e-10 	 1.255999e-07 	 1.187999e-12 
1.382900e-10 	 1.286700e-07 	 1.236400e-12 
1.416700e-10 	 1.318099e-07 	 1.286800e-12 
1.451300e-10 	 1.350299e-07 	 1.339300e-12 
1.486800e-10 	 1.383299e-07 	 1.393899e-12 
1.523200e-10 	 1.417200e-07 	 1.450699e-12 
1.560500e-10 	 1.451800e-07 	 1.509799e-12 
1.598700e-10 	 1.487400e-07 	 1.571399e-12 
1.637800e-10 	 1.523900e-07 	 1.635500e-12 
1.678000e-10 	 1.561199e-07 	 1.702099e-12 
1.719200e-10 	 1.599499e-07 	 1.771500e-12 
1.761400e-10 	 1.638799e-07 	 1.843799e-12 
1.804700e-10 	 1.679100e-07 	 1.918899e-12 
1.849000e-10 	 1.720399e-07 	 1.997196e-12 
1.894500e-10 	 1.762699e-07 	 2.078594e-12 
1.941200e-10 	 1.806100e-07 	 2.163308e-12 
1.989000e-10 	 1.850599e-07 	 2.251495e-12 
2.038000e-10 	 1.896198e-07 	 2.343293e-12 
2.088300e-10 	 1.942899e-07 	 2.438899e-12 
2.139800e-10 	 1.990901e-07 	 2.538294e-12 
2.192700e-10 	 2.040095e-07 	 2.641794e-12 
2.246900e-10 	 2.090493e-07 	 2.749496e-12 
2.302400e-10 	 2.142194e-07 	 2.861600e-12 
2.359400e-10 	 2.195197e-07 	 2.978202e-12 
2.417800e-10 	 2.249601e-07 	 3.099599e-12 
2.477700e-10 	 2.305307e-07 	 3.225989e-12 
2.539200e-10 	 2.362493e-07 	 3.357490e-12 
2.602200e-10 	 2.421100e-07 	 3.494397e-12 
2.666800e-10 	 2.481207e-07 	 3.636889e-12 
2.733100e-10 	 2.542892e-07 	 3.785202e-12 
2.801100e-10 	 2.606097e-07 	 3.939495e-12 
2.870800e-10 	 2.670999e-07 	 4.100101e-12 
2.942300e-10 	 2.737499e-07 	 4.267200e-12 
3.015600e-10 	 2.805696e-07 	 4.441206e-12 
3.090800e-10 	 2.875709e-07 	 4.622296e-12 
3.167900e-10 	 2.947497e-07 	 4.810706e-12 
3.247100e-10 	 3.021101e-07 	 5.006892e-12 
3.328200e-10 	 3.096600e-07 	 5.210990e-12 
3.411500e-10 	 3.174091e-07 	 5.423396e-12 
3.496900e-10 	 3.253497e-07 	 5.644504e-12 
3.584500e-10 	 3.334994e-07 	 5.874689e-12 
3.674300e-10 	 3.418603e-07 	 6.114189e-12 
3.766500e-10 	 3.504402e-07 	 6.363397e-12 
3.861100e-10 	 3.592391e-07 	 6.622905e-12 
3.958100e-10 	 3.682689e-07 	 6.892892e-12 
4.057600e-10 	 3.775296e-07 	 7.173890e-12 
4.159700e-10 	 3.870291e-07 	 7.466392e-12 
4.264500e-10 	 3.967792e-07 	 7.770793e-12 
4.372000e-10 	 4.067798e-07 	 8.087606e-12 
4.482300e-10 	 4.170390e-07 	 8.417305e-12 
4.595400e-10 	 4.275705e-07 	 8.760501e-12 
4.711500e-10 	 4.383704e-07 	 9.117590e-12 
4.830700e-10 	 4.494505e-07 	 9.489300e-12 
4.952900e-10 	 4.608305e-07 	 9.876205e-12 
5.078300e-10 	 4.725006e-07 	 1.027899e-11 
5.207100e-10 	 4.844805e-07 	 1.069800e-11 
5.339200e-10 	 4.967702e-07 	 1.113401e-11 
5.474700e-10 	 5.093796e-07 	 1.158800e-11 
5.613800e-10 	 5.223303e-07 	 1.206000e-11 
5.756600e-10 	 5.356106e-07 	 1.255200e-11 
5.903100e-10 	 5.492402e-07 	 1.306399e-11 
6.053500e-10 	 5.632388e-07 	 1.359599e-11 
6.207900e-10 	 5.776005e-07 	 1.415100e-11 
6.366300e-10 	 5.923390e-07 	 1.472799e-11 
6.528900e-10 	 6.074703e-07 	 1.532800e-11 
6.695800e-10 	 6.229903e-07 	 1.595300e-11 
6.867100e-10 	 6.389405e-07 	 1.660298e-11 
7.043000e-10 	 6.552991e-07 	 1.727998e-11 
7.223500e-10 	 6.720899e-07 	 1.798498e-11 
7.408800e-10 	 6.893405e-07 	 1.871799e-11 
7.599000e-10 	 7.070292e-07 	 1.948100e-11 
7.794300e-10 	 7.251993e-07 	 2.027506e-11 
7.994800e-10 	 7.438588e-07 	 2.110207e-11 
8.200600e-10 	 7.630097e-07 	 2.196203e-11 
8.411900e-10 	 7.826697e-07 	 2.285791e-11 
8.628900e-10 	 8.028605e-07 	 2.378990e-11 
8.851600e-10 	 8.235900e-07 	 2.475997e-11 
9.080300e-10 	 8.448602e-07 	 2.576892e-11 
9.315200e-10 	 8.667204e-07 	 2.681891e-11 
9.556300e-10 	 8.891588e-07 	 2.791291e-11 
9.803900e-10 	 9.121891e-07 	 2.905091e-11 
1.005800e-09 	 9.358589e-07 	 3.023489e-11 
1.031900e-09 	 9.601502e-07 	 3.146801e-11 
1.058700e-09 	 9.851006e-07 	 3.275104e-11 
1.086300e-09 	 1.010700e-06 	 3.408598e-11 
1.114600e-09 	 1.037000e-06 	 3.547597e-11 
1.143600e-09 	 1.064100e-06 	 3.692201e-11 
1.173400e-09 	 1.091799e-06 	 3.842704e-11 
1.204100e-09 	 1.120299e-06 	 3.999404e-11 
1.235500e-09 	 1.149599e-06 	 4.162497e-11 
1.267900e-09 	 1.179699e-06 	 4.332201e-11 
1.301100e-09 	 1.210599e-06 	 4.508791e-11 
1.335100e-09 	 1.242300e-06 	 4.692604e-11 
1.370200e-09 	 1.274899e-06 	 4.883896e-11 
1.406200e-09 	 1.308400e-06 	 5.083002e-11 
1.443100e-09 	 1.342700e-06 	 5.290297e-11 
1.481100e-09 	 1.378099e-06 	 5.505899e-11 
1.520100e-09 	 1.414400e-06 	 5.730402e-11 
1.560200e-09 	 1.451699e-06 	 5.964001e-11 
1.601300e-09 	 1.489999e-06 	 6.207190e-11 
1.643700e-09 	 1.529299e-06 	 6.460207e-11 
1.687100e-09 	 1.569799e-06 	 6.723603e-11 
1.731800e-09 	 1.611299e-06 	 6.997793e-11 
1.777700e-09 	 1.654000e-06 	 7.282994e-11 
1.824800e-09 	 1.697900e-06 	 7.579995e-11 
1.873200e-09 	 1.742999e-06 	 7.888994e-11 
1.923000e-09 	 1.789299e-06 	 8.210602e-11 
1.974200e-09 	 1.836899e-06 	 8.545293e-11 
2.026800e-09 	 1.885799e-06 	 8.893699e-11 
2.080800e-09 	 1.936099e-06 	 9.256293e-11 
2.136300e-09 	 1.987803e-06 	 9.633706e-11 
2.193400e-09 	 2.040904e-06 	 1.002600e-10 
2.252000e-09 	 2.095407e-06 	 1.043500e-10 
2.312300e-09 	 2.151508e-06 	 1.086100e-10 
2.374200e-09 	 2.209207e-06 	 1.130300e-10 
2.437900e-09 	 2.268406e-06 	 1.176400e-10 
2.503400e-09 	 2.329302e-06 	 1.224399e-10 
2.570600e-09 	 2.391895e-06 	 1.274299e-10 
2.639800e-09 	 2.456304e-06 	 1.326300e-10 
2.710900e-09 	 2.522389e-06 	 1.380299e-10 
2.784000e-09 	 2.590389e-06 	 1.436599e-10 
2.859100e-09 	 2.660303e-06 	 1.495200e-10 
2.936300e-09 	 2.732191e-06 	 1.556100e-10 
3.015700e-09 	 2.806091e-06 	 1.619599e-10 
3.097300e-09 	 2.882004e-06 	 1.685600e-10 
3.181300e-09 	 2.960107e-06 	 1.754299e-10 
3.267500e-09 	 3.040400e-06 	 1.825799e-10 
3.356300e-09 	 3.123003e-06 	 1.900299e-10 
3.447500e-09 	 3.207795e-06 	 1.977798e-10 
3.541300e-09 	 3.295094e-06 	 2.058408e-10 
3.637700e-09 	 3.384899e-06 	 2.142293e-10 
3.736900e-09 	 3.477091e-06 	 2.229591e-10 
3.838800e-09 	 3.572007e-06 	 2.320501e-10 
3.943700e-09 	 3.669606e-06 	 2.415200e-10 
4.051500e-09 	 3.770008e-06 	 2.513608e-10 
4.162400e-09 	 3.873192e-06 	 2.616101e-10 
4.276500e-09 	 3.979296e-06 	 2.722699e-10 
4.393800e-09 	 4.088400e-06 	 2.833796e-10 
4.514400e-09 	 4.200700e-06 	 2.949293e-10 
4.638500e-09 	 4.316099e-06 	 3.069506e-10 
4.766100e-09 	 4.434891e-06 	 3.194692e-10 
4.869700e-09 	 4.531405e-06 	 3.297403e-10 
5.016400e-09 	 4.667800e-06 	 3.297403e-10 
5.023200e-09 	 4.674193e-06 	 3.303994e-10 
5.161600e-09 	 4.802991e-06 	 3.438691e-10 
5.304000e-09 	 4.935399e-06 	 3.578894e-10 
5.450400e-09 	 5.071695e-06 	 3.724800e-10 
5.601000e-09 	 5.211898e-06 	 3.876704e-10 
5.756000e-09 	 5.356106e-06 	 4.034805e-10 
5.915400e-09 	 5.504400e-06 	 4.199200e-10 
6.079300e-09 	 5.656995e-06 	 4.370404e-10 
6.248000e-09 	 5.813991e-06 	 4.548593e-10 
6.421500e-09 	 5.975407e-06 	 4.734103e-10 
6.600000e-09 	 6.141598e-06 	 4.927091e-10 
6.783700e-09 	 6.312505e-06 	 5.127894e-10 
6.972600e-09 	 6.488306e-06 	 5.337005e-10 
7.167000e-09 	 6.669199e-06 	 5.554600e-10 
7.367000e-09 	 6.855301e-06 	 5.780997e-10 
7.572800e-09 	 7.046790e-06 	 6.016688e-10 
7.784600e-09 	 7.243902e-06 	 6.261989e-10 
8.002400e-09 	 7.446600e-06 	 6.517393e-10 
8.226600e-09 	 7.655197e-06 	 6.782999e-10 
8.457200e-09 	 7.869892e-06 	 7.059596e-10 
8.694600e-09 	 8.090803e-06 	 7.347402e-10 
8.938800e-09 	 8.318088e-06 	 7.646890e-10 
9.190100e-09 	 8.552003e-06 	 7.958691e-10 
9.448800e-09 	 8.792706e-06 	 8.283200e-10 
9.714900e-09 	 9.040394e-06 	 8.620792e-10 
9.988800e-09 	 9.295305e-06 	 8.972394e-10 
1.027100e-08 	 9.557596e-06 	 9.338106e-10 
1.056100e-08 	 9.827602e-06 	 9.718795e-10 
1.085900e-08 	 1.010499e-05 	 1.011499e-09 
1.116700e-08 	 1.039100e-05 	 1.052700e-09 
1.148300e-08 	 1.068599e-05 	 1.095700e-09 
1.180800e-08 	 1.098899e-05 	 1.140299e-09 
1.214300e-08 	 1.130000e-05 	 1.186799e-09 
1.248800e-08 	 1.162100e-05 	 1.235200e-09 
1.284300e-08 	 1.195099e-05 	 1.285599e-09 
1.320800e-08 	 1.229099e-05 	 1.337999e-09 
1.358400e-08 	 1.264099e-05 	 1.392500e-09 
1.397100e-08 	 1.300100e-05 	 1.449299e-09 
1.436900e-08 	 1.337200e-05 	 1.508400e-09 
1.477900e-08 	 1.375399e-05 	 1.569900e-09 
1.520100e-08 	 1.414700e-05 	 1.633900e-09 
1.563600e-08 	 1.455099e-05 	 1.700498e-09 
1.608300e-08 	 1.496700e-05 	 1.769799e-09 
1.654400e-08 	 1.539600e-05 	 1.842000e-09 
1.701800e-08 	 1.583699e-05 	 1.917100e-09 
1.750600e-08 	 1.629099e-05 	 1.995203e-09 
1.800800e-08 	 1.675899e-05 	 2.076601e-09 
1.852500e-08 	 1.723999e-05 	 2.161197e-09 
1.905700e-08 	 1.773599e-05 	 2.249403e-09 
1.960600e-08 	 1.824599e-05 	 2.341102e-09 
2.017000e-08 	 1.877099e-05 	 2.436492e-09 
2.075100e-08 	 1.931199e-05 	 2.535808e-09 
2.134900e-08 	 1.986895e-05 	 2.639209e-09 
2.196500e-08 	 2.044200e-05 	 2.746793e-09 
2.259900e-08 	 2.103202e-05 	 2.858798e-09 
2.325200e-08 	 2.163999e-05 	 2.975400e-09 
2.392400e-08 	 2.226493e-05 	 3.096698e-09 
2.461600e-08 	 2.291000e-05 	 3.222891e-09 
2.532900e-08 	 2.357303e-05 	 3.354293e-09 
2.606300e-08 	 2.425599e-05 	 3.491003e-09 
2.681800e-08 	 2.495908e-05 	 3.633396e-09 
2.759600e-08 	 2.568308e-05 	 3.781492e-09 
2.839800e-08 	 2.642899e-05 	 3.935706e-09 
2.922300e-08 	 2.719700e-05 	 4.096096e-09 
3.007200e-08 	 2.798789e-05 	 4.263096e-09 
3.094700e-08 	 2.880208e-05 	 4.436904e-09 
3.184700e-08 	 2.964093e-05 	 4.617796e-09 
3.277500e-08 	 3.050405e-05 	 4.806089e-09 
3.373000e-08 	 3.139302e-05 	 5.001998e-09 
3.471400e-08 	 3.230903e-05 	 5.205997e-09 
3.572700e-08 	 3.325207e-05 	 5.418206e-09 
3.677000e-08 	 3.422293e-05 	 5.639097e-09 
3.784400e-08 	 3.522300e-05 	 5.869006e-09 
3.895100e-08 	 3.625306e-05 	 6.108289e-09 
4.009000e-08 	 3.731292e-05 	 6.357299e-09 
4.126300e-08 	 3.840593e-05 	 6.616492e-09 
4.247200e-08 	 3.953091e-05 	 6.886203e-09 
4.371600e-08 	 4.068904e-05 	 7.167003e-09 
4.499800e-08 	 4.188189e-05 	 7.459189e-09 
4.631800e-08 	 4.311106e-05 	 7.763295e-09 
4.767800e-08 	 4.437693e-05 	 8.079792e-09 
4.907800e-08 	 4.567990e-05 	 8.409195e-09 
5.052000e-08 	 4.702293e-05 	 8.751996e-09 
5.200500e-08 	 4.840503e-05 	 9.108887e-09 
5.353500e-08 	 4.982995e-05 	 9.480203e-09 
5.511000e-08 	 5.129591e-05 	 9.866693e-09 
5.673300e-08 	 5.280707e-05 	 1.026899e-08 
5.840500e-08 	 5.436301e-05 	 1.068800e-08 
6.012600e-08 	 5.596592e-05 	 1.112299e-08 
6.189900e-08 	 5.761698e-05 	 1.157699e-08 
6.372600e-08 	 5.931698e-05 	 1.204900e-08 
6.560700e-08 	 6.106789e-05 	 1.254000e-08 
6.754400e-08 	 6.287188e-05 	 1.305099e-08 
6.954000e-08 	 6.472994e-05 	 1.358299e-08 
7.159500e-08 	 6.664404e-05 	 1.413699e-08 
7.371300e-08 	 6.861595e-05 	 1.471300e-08 
7.589400e-08 	 7.064589e-05 	 1.531300e-08 
7.814000e-08 	 7.273699e-05 	 1.593800e-08 
8.045400e-08 	 7.489203e-05 	 1.658700e-08 
8.283800e-08 	 7.711101e-05 	 1.726400e-08 
8.529300e-08 	 7.939806e-05 	 1.796699e-08 
8.782200e-08 	 8.175201e-05 	 1.869999e-08 
9.042800e-08 	 8.417798e-05 	 1.946200e-08 
9.311100e-08 	 8.667697e-05 	 2.025592e-08 
9.587500e-08 	 8.925094e-05 	 2.108194e-08 
9.872300e-08 	 9.190187e-05 	 2.194092e-08 
1.016600e-07 	 9.463292e-05 	 2.283601e-08 
1.046800e-07 	 9.744704e-05 	 2.376701e-08 
1.077900e-07 	 1.003500e-04 	 2.473590e-08 
1.110000e-07 	 1.033300e-04 	 2.574406e-08 
1.143000e-07 	 1.064100e-04 	 2.679405e-08 
1.177000e-07 	 1.095799e-04 	 2.788607e-08 
1.212100e-07 	 1.128400e-04 	 2.902289e-08 
1.248200e-07 	 1.161999e-04 	 3.020608e-08 
1.285400e-07 	 1.196699e-04 	 3.143801e-08 
1.323700e-07 	 1.232300e-04 	 3.271908e-08 
1.363200e-07 	 1.269100e-04 	 3.405303e-08 
1.403800e-07 	 1.306999e-04 	 3.544203e-08 
1.445700e-07 	 1.345999e-04 	 3.688590e-08 
1.488900e-07 	 1.386199e-04 	 3.838994e-08 
1.533400e-07 	 1.427599e-04 	 3.995497e-08 
1.579200e-07 	 1.470199e-04 	 4.158393e-08 
1.626300e-07 	 1.514199e-04 	 4.327998e-08 
1.641400e-07 	 1.528200e-04 	 4.382402e-08 
1.694300e-07 	 1.577499e-04 	 4.382402e-08 
1.696800e-07 	 1.579800e-04 	 4.391104e-08 
1.747500e-07 	 1.626999e-04 	 4.570102e-08 
1.799800e-07 	 1.675700e-04 	 4.756500e-08 
1.853600e-07 	 1.725800e-04 	 4.950396e-08 
1.909100e-07 	 1.777499e-04 	 5.152205e-08 
1.966200e-07 	 1.830699e-04 	 5.362302e-08 
2.025100e-07 	 1.885499e-04 	 5.580905e-08 
2.085700e-07 	 1.941999e-04 	 5.808406e-08 
2.148200e-07 	 2.000195e-04 	 6.045202e-08 
2.212600e-07 	 2.060105e-04 	 6.291707e-08 
2.278900e-07 	 2.121908e-04 	 6.548196e-08 
2.347200e-07 	 2.185508e-04 	 6.815105e-08 
2.417600e-07 	 2.251100e-04 	 7.093004e-08 
2.490100e-07 	 2.318607e-04 	 7.382191e-08 
2.564800e-07 	 2.388205e-04 	 7.683100e-08 
2.641700e-07 	 2.459895e-04 	 7.996400e-08 
2.721000e-07 	 2.533696e-04 	 8.322389e-08 
2.802700e-07 	 2.609807e-04 	 8.661698e-08 
2.886900e-07 	 2.688206e-04 	 9.014800e-08 
2.973600e-07 	 2.768993e-04 	 9.382288e-08 
3.062900e-07 	 2.852207e-04 	 9.764792e-08 
3.154900e-07 	 2.937907e-04 	 1.016300e-07 
3.249800e-07 	 3.026291e-04 	 1.057700e-07 
3.347500e-07 	 3.117300e-04 	 1.100799e-07 
3.448100e-07 	 3.211091e-04 	 1.145699e-07 
3.551800e-07 	 3.307703e-04 	 1.192400e-07 
3.658700e-07 	 3.407197e-04 	 1.241099e-07 
3.768700e-07 	 3.509690e-04 	 1.291599e-07 
3.882100e-07 	 3.615400e-04 	 1.344300e-07 
3.999000e-07 	 3.724306e-04 	 1.399099e-07 
4.119400e-07 	 3.836390e-04 	 1.456200e-07 
4.243400e-07 	 3.952005e-04 	 1.515500e-07 
4.371200e-07 	 4.070995e-04 	 1.577300e-07 
4.502900e-07 	 4.193695e-04 	 1.641599e-07 
4.638500e-07 	 4.320105e-04 	 1.708500e-07 
4.778300e-07 	 4.450401e-04 	 1.778199e-07 
4.922300e-07 	 4.584507e-04 	 1.850700e-07 
5.070700e-07 	 4.722796e-04 	 1.926100e-07 
5.223600e-07 	 4.865189e-04 	 2.004694e-07 
5.381100e-07 	 5.012002e-04 	 2.086409e-07 
5.543400e-07 	 5.163197e-04 	 2.171497e-07 
5.710600e-07 	 5.318989e-04 	 2.260000e-07 
5.882800e-07 	 5.479497e-04 	 2.352094e-07 
6.060300e-07 	 5.644899e-04 	 2.447996e-07 
6.243200e-07 	 5.815293e-04 	 2.547806e-07 
6.431600e-07 	 5.990996e-04 	 2.651700e-07 
6.625800e-07 	 6.171888e-04 	 2.759797e-07 
6.825800e-07 	 6.358306e-04 	 2.872295e-07 
7.031900e-07 	 6.550288e-04 	 2.989390e-07 
7.244300e-07 	 6.748190e-04 	 3.111301e-07 
7.463100e-07 	 6.952190e-04 	 3.238105e-07 
7.688500e-07 	 7.162307e-04 	 3.370198e-07 
7.920800e-07 	 7.378797e-04 	 3.507599e-07 
8.009400e-07 	 7.461400e-04 	 3.560404e-07 
8.259700e-07 	 7.694604e-04 	 3.560404e-07 
8.272000e-07 	 7.706089e-04 	 3.567508e-07 
8.522000e-07 	 7.939096e-04 	 3.712901e-07 
8.595300e-07 	 8.007392e-04 	 3.755899e-07 
8.768100e-07 	 8.168492e-04 	 3.755899e-07 
8.781100e-07 	 8.180588e-04 	 3.763397e-07 
9.046500e-07 	 8.427902e-04 	 3.916802e-07 
9.319900e-07 	 8.682793e-04 	 4.076501e-07 
9.601600e-07 	 8.945399e-04 	 4.242692e-07 
9.891900e-07 	 9.215998e-04 	 4.415691e-07 
1.019100e-06 	 9.494805e-04 	 4.595695e-07 
1.049900e-06 	 9.781999e-04 	 4.783001e-07 
1.081700e-06 	 1.007799e-03 	 4.978002e-07 
1.114400e-06 	 1.038299e-03 	 5.180996e-07 
1.148100e-06 	 1.069700e-03 	 5.392198e-07 
1.182800e-06 	 1.102099e-03 	 5.612102e-07 
1.218600e-06 	 1.135500e-03 	 5.840906e-07 
1.255500e-06 	 1.169799e-03 	 6.079005e-07 
1.293500e-06 	 1.205299e-03 	 6.326792e-07 
1.332600e-06 	 1.241699e-03 	 6.584801e-07 
1.373000e-06 	 1.279400e-03 	 6.853189e-07 
1.414500e-06 	 1.318099e-03 	 7.132589e-07 
1.457300e-06 	 1.357999e-03 	 7.423394e-07 
1.501500e-06 	 1.399199e-03 	 7.726098e-07 
1.546900e-06 	 1.441499e-03 	 8.041096e-07 
1.593800e-06 	 1.485200e-03 	 8.368900e-07 
1.642000e-06 	 1.530199e-03 	 8.710103e-07 
1.691800e-06 	 1.576599e-03 	 9.065198e-07 
1.743000e-06 	 1.624400e-03 	 9.434797e-07 
1.795800e-06 	 1.673598e-03 	 9.819393e-07 
1.850200e-06 	 1.724399e-03 	 1.021999e-06 
1.884000e-06 	 1.755899e-03 	 1.047100e-06 
1.945400e-06 	 1.813099e-03 	 1.047100e-06 
1.948300e-06 	 1.815798e-03 	 1.049199e-06 
2.007300e-06 	 1.870899e-03 	 1.091899e-06 
2.068100e-06 	 1.927600e-03 	 1.136399e-06 
2.130800e-06 	 1.986007e-03 	 1.182799e-06 
2.195400e-06 	 2.046292e-03 	 1.230999e-06 
2.261900e-06 	 2.108293e-03 	 1.281200e-06 
2.330500e-06 	 2.172208e-03 	 1.333400e-06 
2.401100e-06 	 2.238096e-03 	 1.387800e-06 
2.473900e-06 	 2.305997e-03 	 1.444400e-06 
2.548900e-06 	 2.375990e-03 	 1.503200e-06 
2.626200e-06 	 2.448095e-03 	 1.564499e-06 
2.705800e-06 	 2.522291e-03 	 1.628299e-06 
2.787900e-06 	 2.598894e-03 	 1.694699e-06 
2.872400e-06 	 2.677708e-03 	 1.763800e-06 
2.959500e-06 	 2.759008e-03 	 1.835699e-06 
3.049300e-06 	 2.842695e-03 	 1.910499e-06 
3.141700e-06 	 2.929007e-03 	 1.988395e-06 
3.237000e-06 	 3.017905e-03 	 2.069498e-06 
3.335200e-06 	 3.109505e-03 	 2.153896e-06 
3.436400e-06 	 3.203908e-03 	 2.241707e-06 
3.540700e-06 	 3.301191e-03 	 2.333091e-06 
3.648100e-06 	 3.401396e-03 	 2.428204e-06 
3.758800e-06 	 3.504698e-03 	 2.527204e-06 
3.872800e-06 	 3.611098e-03 	 2.630191e-06 
3.990300e-06 	 3.720695e-03 	 2.737400e-06 
4.111400e-06 	 3.833706e-03 	 2.849109e-06 
4.236200e-06 	 3.950190e-03 	 2.965198e-06 
4.364700e-06 	 4.070107e-03 	 3.086102e-06 
4.497200e-06 	 4.193794e-03 	 3.211900e-06 
4.633700e-06 	 4.321091e-03 	 3.342907e-06 
4.774300e-06 	 4.452394e-03 	 3.479104e-06 
4.919200e-06 	 4.587605e-03 	 3.621004e-06 
5.068600e-06 	 4.726999e-03 	 3.768607e-06 
5.222400e-06 	 4.870596e-03 	 3.922307e-06 
5.381000e-06 	 5.018593e-03 	 4.082204e-06 
5.544300e-06 	 5.171090e-03 	 4.248592e-06 
5.712700e-06 	 5.328204e-03 	 4.421789e-06 
5.886100e-06 	 5.490093e-03 	 4.602089e-06 
6.064800e-06 	 5.656995e-03 	 4.789691e-06 
6.249000e-06 	 5.828889e-03 	 4.985008e-06 
6.438700e-06 	 6.005993e-03 	 5.188198e-06 
6.634200e-06 	 6.188602e-03 	 5.399697e-06 
6.835700e-06 	 6.376697e-03 	 5.619897e-06 
6.877600e-06 	 6.415788e-03 	 5.665895e-06 
7.122000e-06 	 6.644000e-03 	 5.665895e-06 
7.132700e-06 	 6.654004e-03 	 5.677300e-06 
7.349300e-06 	 6.856189e-03 	 5.908689e-06 
7.572500e-06 	 7.064589e-03 	 6.149590e-06 
7.802400e-06 	 7.279402e-03 	 6.400297e-06 
8.039400e-06 	 7.500589e-03 	 6.661306e-06 
8.283600e-06 	 7.728604e-03 	 6.932792e-06 
8.535200e-06 	 7.963604e-03 	 7.215507e-06 
8.794400e-06 	 8.205689e-03 	 7.509706e-06 
9.061600e-06 	 8.455192e-03 	 7.815804e-06 
9.336800e-06 	 8.712294e-03 	 8.134492e-06 
9.620500e-06 	 8.977189e-03 	 8.466105e-06 
9.912700e-06 	 9.250097e-03 	 8.811294e-06 
1.021400e-05 	 9.531390e-03 	 9.170494e-06 
1.052400e-05 	 9.821288e-03 	 9.544394e-06 
1.084400e-05 	 1.012001e-02 	 9.933490e-06 
1.117300e-05 	 1.042800e-02 	 1.033800e-05 
1.151300e-05 	 1.074499e-02 	 1.075999e-05 
1.186300e-05 	 1.107200e-02 	 1.119899e-05 
1.222300e-05 	 1.140800e-02 	 1.165500e-05 
1.259400e-05 	 1.175500e-02 	 1.212999e-05 
1.297700e-05 	 1.211300e-02 	 1.262499e-05 
1.337200e-05 	 1.248100e-02 	 1.314000e-05 
1.377800e-05 	 1.286100e-02 	 1.367500e-05 
1.419700e-05 	 1.325199e-02 	 1.423299e-05 
1.462800e-05 	 1.365600e-02 	 1.481298e-05 
1.507200e-05 	 1.407098e-02 	 1.541699e-05 
1.553000e-05 	 1.449899e-02 	 1.604600e-05 
1.600200e-05 	 1.493999e-02 	 1.669999e-05 
1.648900e-05 	 1.539499e-02 	 1.738100e-05 
1.689100e-05 	 1.577100e-02 	 1.794899e-05 
1.754900e-05 	 1.638600e-02 	 1.794899e-05 
1.757600e-05 	 1.641100e-02 	 1.798498e-05 
1.811000e-05 	 1.690999e-02 	 1.871799e-05 
1.866000e-05 	 1.742400e-02 	 1.948100e-05 
1.922700e-05 	 1.795499e-02 	 2.027604e-05 
1.981200e-05 	 1.850100e-02 	 2.110207e-05 
2.041400e-05 	 1.906398e-02 	 2.196302e-05 
2.103400e-05 	 1.964400e-02 	 2.285791e-05 
2.167400e-05 	 2.024191e-02 	 2.378990e-05 
2.233200e-05 	 2.085797e-02 	 2.475997e-05 
2.301100e-05 	 2.149298e-02 	 2.576892e-05 
2.371100e-05 	 2.214693e-02 	 2.681990e-05 
2.443200e-05 	 2.282101e-02 	 2.791291e-05 
2.517400e-05 	 2.351502e-02 	 2.905091e-05 
2.543900e-05 	 2.376306e-02 	 2.945998e-05 
2.653100e-05 	 2.478405e-02 	 2.945998e-05 
2.657100e-05 	 2.482095e-02 	 2.951898e-05 
2.737800e-05 	 2.557692e-02 	 3.072190e-05 
2.821100e-05 	 2.635499e-02 	 3.197495e-05 
2.906800e-05 	 2.715793e-02 	 3.327890e-05 
2.995200e-05 	 2.798395e-02 	 3.463495e-05 
3.086200e-05 	 2.883602e-02 	 3.604705e-05 
3.180100e-05 	 2.971394e-02 	 3.751696e-05 
3.276700e-05 	 3.061791e-02 	 3.904607e-05 
3.376400e-05 	 3.154990e-02 	 4.063793e-05 
3.479000e-05 	 3.251089e-02 	 4.229491e-05 
3.584800e-05 	 3.350090e-02 	 4.401996e-05 
3.693800e-05 	 3.452090e-02 	 4.581389e-05 
3.806100e-05 	 3.557089e-02 	 4.768201e-05 
3.921800e-05 	 3.665502e-02 	 4.962591e-05 
4.041000e-05 	 3.777092e-02 	 5.164894e-05 
4.163900e-05 	 3.892096e-02 	 5.375504e-05 
4.290500e-05 	 4.010593e-02 	 5.594599e-05 
4.421000e-05 	 4.132700e-02 	 5.822693e-05 
4.555400e-05 	 4.258498e-02 	 6.060101e-05 
4.693900e-05 	 4.388203e-02 	 6.307197e-05 
4.836600e-05 	 4.521795e-02 	 6.564298e-05 
4.983700e-05 	 4.659492e-02 	 6.831897e-05 
5.135300e-05 	 4.801392e-02 	 7.110488e-05 
5.291400e-05 	 4.947594e-02 	 7.400405e-05 
5.452300e-05 	 5.098295e-02 	 7.702103e-05 
5.618100e-05 	 5.253593e-02 	 8.016094e-05 
5.788900e-05 	 5.413589e-02 	 8.342892e-05 
5.965000e-05 	 5.578497e-02 	 8.682990e-05 
6.146400e-05 	 5.748398e-02 	 9.037000e-05 
6.333300e-05 	 5.923390e-02 	 9.405395e-05 
6.525900e-05 	 6.103888e-02 	 9.788906e-05 
6.724300e-05 	 6.289793e-02 	 1.018801e-04 
6.917200e-05 	 6.470606e-02 	 1.058000e-04 
7.201100e-05 	 6.736488e-02 	 1.058000e-04 
7.211900e-05 	 6.746592e-02 	 1.060100e-04 
7.431200e-05 	 6.952091e-02 	 1.103299e-04 
7.657200e-05 	 7.163905e-02 	 1.148300e-04 
7.841100e-05 	 7.336194e-02 	 1.185199e-04 
8.071900e-05 	 7.552507e-02 	 1.185199e-04 
8.084000e-05 	 7.563893e-02 	 1.187599e-04 
8.329800e-05 	 7.794196e-02 	 1.236000e-04 
8.583200e-05 	 8.031604e-02 	 1.286400e-04 
8.844200e-05 	 8.276293e-02 	 1.338899e-04 
9.113200e-05 	 8.528402e-02 	 1.393400e-04 
9.390300e-05 	 8.788187e-02 	 1.450199e-04 
9.675900e-05 	 9.055904e-02 	 1.509400e-04 
9.970200e-05 	 9.331791e-02 	 1.570900e-04 
1.027300e-04 	 9.616104e-02 	 1.634999e-04 
1.058600e-04 	 9.909100e-02 	 1.701600e-04 
1.090800e-04 	 1.021099e-01 	 1.770999e-04 
1.124000e-04 	 1.052199e-01 	 1.843200e-04 
1.135800e-04 	 1.063300e-01 	 1.869099e-04 
1.171500e-04 	 1.096799e-01 	 1.869099e-04 
1.173300e-04 	 1.098500e-01 	 1.872799e-04 
1.209000e-04 	 1.131900e-01 	 1.949199e-04 
1.245700e-04 	 1.166399e-01 	 2.028591e-04 
1.283600e-04 	 1.202000e-01 	 2.111292e-04 
1.322700e-04 	 1.238600e-01 	 2.197407e-04 
1.362900e-04 	 1.276300e-01 	 2.286995e-04 
1.404400e-04 	 1.315200e-01 	 2.380194e-04 
1.447100e-04 	 1.355299e-01 	 2.477300e-04 
1.491100e-04 	 1.396599e-01 	 2.578293e-04 
1.536400e-04 	 1.439200e-01 	 2.683391e-04 
1.583200e-04 	 1.482999e-01 	 2.792791e-04 
1.604500e-04 	 1.502999e-01 	 2.842991e-04 
1.658700e-04 	 1.553900e-01 	 2.842991e-04 
1.661200e-04 	 1.556199e-01 	 2.848694e-04 
1.711700e-04 	 1.603600e-01 	 2.964902e-04 
1.763700e-04 	 1.652500e-01 	 3.085707e-04 
1.817400e-04 	 1.702900e-01 	 3.211505e-04 
1.872700e-04 	 1.754800e-01 	 3.342493e-04 
1.929600e-04 	 1.808199e-01 	 3.478690e-04 
1.988300e-04 	 1.863300e-01 	 3.620590e-04 
2.048800e-04 	 1.920099e-01 	 3.768192e-04 
2.111100e-04 	 1.978706e-01 	 3.921794e-04 
2.175300e-04 	 2.038990e-01 	 4.081690e-04 
2.241500e-04 	 2.101090e-01 	 4.248099e-04 
2.286200e-04 	 2.143102e-01 	 4.361406e-04 
2.369300e-04 	 2.221106e-01 	 4.361406e-04 
2.372800e-04 	 2.224402e-01 	 4.370108e-04 
2.445000e-04 	 2.292204e-01 	 4.548297e-04 
2.519400e-04 	 2.362098e-01 	 4.733688e-04 
2.596000e-04 	 2.434104e-01 	 4.926697e-04 
2.601800e-04 	 2.439590e-01 	 4.941496e-04 
3.000000e-03 	 2.817970e+00 	 3.130047e-03 
4.000000e-03 	 3.758543e+00 	 4.510074e-03 
5.000000e-03 	 4.699471e+00 	 6.030087e-03 
6.000000e-03 	 5.640735e+00 	 7.670115e-03 
7.000000e-03 	 6.582255e+00 	 9.410131e-03 
8.000000e-03 	 7.524052e+00 	 1.128019e-02 
9.000000e-03 	 8.466085e+00 	 1.326020e-02 
1.000000e-02 	 9.408355e+00 	 1.534019e-02 
1.100000e-02 	 1.035080e+01 	 1.756029e-02 
1.200000e-02 	 1.129349e+01 	 1.990033e-02 
1.300000e-02 	 1.223639e+01 	 2.238037e-02 
1.400000e-02 	 1.317949e+01 	 2.498039e-02 
1.500000e-02 	 1.412269e+01 	 2.775031e-02 
1.600000e-02 	 1.506620e+01 	 3.068046e-02 
1.700000e-02 	 1.600989e+01 	 3.375052e-02 
1.800000e-02 	 1.695370e+01 	 3.700054e-02 
1.900000e-02 	 1.789769e+01 	 4.044060e-02 
2.000000e-02 	 1.884189e+01 	 4.403062e-02 
2.100000e-02 	 1.978627e+01 	 4.784067e-02 
2.200000e-02 	 2.073089e+01 	 5.185080e-02 
2.300000e-02 	 2.167551e+01 	 5.602078e-02 
2.400000e-02 	 2.262052e+01 	 6.044097e-02 
2.500000e-02 	 2.356573e+01 	 6.507092e-02 
2.600000e-02 	 2.451114e+01 	 6.992110e-02 
2.700000e-02 	 2.545655e+01 	 7.495103e-02 
2.800000e-02 	 2.640235e+01 	 8.025112e-02 
2.900000e-02 	 2.734815e+01 	 8.578129e-02 
3.000000e-02 	 2.829435e+01 	 9.155141e-02 
3.100000e-02 	 2.924055e+01 	 9.750150e-02 
3.200000e-02 	 3.018714e+01 	 1.037519e-01 
3.300000e-02 	 3.113373e+01 	 1.102419e-01 
3.400000e-02 	 3.208052e+01 	 1.169819e-01 
3.500000e-02 	 3.302770e+01 	 1.239220e-01 
3.600000e-02 	 3.397508e+01 	 1.311520e-01 
3.700000e-02 	 3.492246e+01 	 1.386519e-01 
3.800000e-02 	 3.587024e+01 	 1.463920e-01 
3.900000e-02 	 3.681801e+01 	 1.543319e-01 
4.000000e-02 	 3.776638e+01 	 1.625819e-01 
4.100000e-02 	 3.871455e+01 	 1.711030e-01 
4.200000e-02 	 3.966312e+01 	 1.798830e-01 
4.300000e-02 	 4.061188e+01 	 1.888430e-01 
4.400000e-02 	 4.156084e+01 	 1.981429e-01 
4.500000e-02 	 4.251000e+01 	 2.076937e-01 
4.600000e-02 	 4.345935e+01 	 2.174931e-01 
4.700000e-02 	 4.440890e+01 	 2.275530e-01 
4.800000e-02 	 4.535885e+01 	 2.378931e-01 
4.900000e-02 	 4.630879e+01 	 2.483930e-01 
5.000000e-02 	 4.725913e+01 	 2.592343e-01 
5.100000e-02 	 4.820967e+01 	 2.703341e-01 
5.200000e-02 	 4.916021e+01 	 2.816746e-01 
5.300000e-02 	 5.011114e+01 	 2.933033e-01 
5.400000e-02 	 5.106227e+01 	 3.051549e-01 
5.500000e-02 	 5.201360e+01 	 3.172453e-01 
5.600000e-02 	 5.296532e+01 	 3.295350e-01 
5.700000e-02 	 5.391705e+01 	 3.421839e-01 
5.800000e-02 	 5.486916e+01 	 3.550143e-01 
5.900000e-02 	 5.582128e+01 	 3.681466e-01 
6.000000e-02 	 5.677379e+01 	 3.814466e-01 
6.100000e-02 	 5.772650e+01 	 3.950367e-01 
6.200000e-02 	 5.867941e+01 	 4.089367e-01 
6.300000e-02 	 5.963251e+01 	 4.229254e-01 
6.400000e-02 	 6.058601e+01 	 4.372772e-01 
6.500000e-02 	 6.153951e+01 	 4.509462e-01 
6.600000e-02 	 6.249340e+01 	 4.657262e-01 
6.700000e-02 	 6.344749e+01 	 4.807963e-01 
6.800000e-02 	 6.440158e+01 	 4.959888e-01 
6.900000e-02 	 6.535626e+01 	 5.115186e-01 
7.000000e-02 	 6.631094e+01 	 5.271669e-01 
7.100000e-02 	 6.726582e+01 	 5.429375e-01 
7.200000e-02 	 6.822110e+01 	 5.564072e-01 
7.300000e-02 	 6.917657e+01 	 5.729178e-01 
7.400000e-02 	 7.013204e+01 	 5.897284e-01 
7.500000e-02 	 7.108791e+01 	 6.065685e-01 
9.316000e-02 	 8.844524e+01 	 6.581920e-01 
9.712000e-02 	 9.223418e+01 	 7.325380e-01 
1.010800e-01 	 9.602646e+01 	 8.146450e-01 
1.050400e-01 	 9.982191e+01 	 9.051800e-01 
1.090000e-01 	 1.036209e+02 	 1.004812e+00 
1.129600e-01 	 1.074238e+02 	 1.112584e+00 
1.169200e-01 	 1.112305e+02 	 1.228750e+00 
1.208800e-01 	 1.150412e+02 	 1.354972e+00 
1.248400e-01 	 1.188564e+02 	 1.492189e+00 
1.288000e-01 	 1.226761e+02 	 1.641189e+00 
1.327600e-01 	 1.265003e+02 	 1.802688e+00 
1.367200e-01 	 1.303297e+02 	 1.977344e+00 
1.406800e-01 	 1.341644e+02 	 2.165814e+00 
1.446400e-01 	 1.380045e+02 	 2.368689e+00 
1.486000e-01 	 1.418502e+02 	 2.586522e+00 
1.525600e-01 	 1.457021e+02 	 2.819884e+00 
1.565200e-01 	 1.495603e+02 	 3.069309e+00 
1.604800e-01 	 1.534248e+02 	 3.335251e+00 
1.644400e-01 	 1.572962e+02 	 3.618241e+00 
1.684000e-01 	 1.611745e+02 	 3.918696e+00 
1.723600e-01 	 1.650602e+02 	 4.237068e+00 
1.763200e-01 	 1.689533e+02 	 4.573752e+00 
1.802800e-01 	 1.728541e+02 	 4.929183e+00 
1.842400e-01 	 1.767630e+02 	 5.303695e+00 
1.882000e-01 	 1.806802e+02 	 5.697645e+00 
1.921600e-01 	 1.846059e+02 	 6.111387e+00 
1.961200e-01 	 1.885401e+02 	 6.545216e+00 
2.000800e-01 	 1.924835e+02 	 6.999450e+00 
2.040400e-01 	 1.964360e+02 	 7.474384e+00 
2.080000e-01 	 2.003984e+02 	 7.970234e+00 
2.119600e-01 	 2.043687e+02 	 8.487278e+00 
2.159200e-01 	 2.083508e+02 	 9.025752e+00 
2.198800e-01 	 2.123428e+02 	 9.585834e+00 
2.238400e-01 	 2.163446e+02 	 1.016776e+01 
2.278000e-01 	 2.203563e+02 	 1.077169e+01 
2.317600e-01 	 2.243779e+02 	 1.139778e+01 
2.357200e-01 	 2.284133e+02 	 1.204616e+01 
2.396800e-01 	 2.324566e+02 	 1.271701e+01 
2.436400e-01 	 2.365137e+02 	 1.341040e+01 
2.476000e-01 	 2.405807e+02 	 1.412645e+01 
2.515600e-01 	 2.446595e+02 	 1.486524e+01 
2.555200e-01 	 2.487521e+02 	 1.562683e+01 
2.594800e-01 	 2.528546e+02 	 1.641130e+01 
2.634400e-01 	 2.569689e+02 	 1.721865e+01 
2.674000e-01 	 2.610971e+02 	 1.804892e+01 
2.713600e-01 	 2.652371e+02 	 1.890213e+01 
2.753200e-01 	 2.693889e+02 	 1.977818e+01 
2.792800e-01 	 2.735545e+02 	 2.067741e+01 
2.832400e-01 	 2.777320e+02 	 2.159934e+01 
2.872000e-01 	 2.819233e+02 	 2.254396e+01 
2.911600e-01 	 2.861284e+02 	 2.351166e+01 
2.951200e-01 	 2.903453e+02 	 2.450186e+01 
2.990800e-01 	 2.945761e+02 	 2.551476e+01 
3.030400e-01 	 2.988206e+02 	 2.655035e+01 
3.070000e-01 	 3.030790e+02 	 2.760823e+01 
3.109600e-01 	 3.073512e+02 	 2.868842e+01 
3.149200e-01 	 3.116372e+02 	 2.979090e+01 
3.188800e-01 	 3.159370e+02 	 3.091548e+01 
3.228400e-01 	 3.202507e+02 	 3.206217e+01 
3.268000e-01 	 3.245801e+02 	 3.323056e+01 
3.307600e-01 	 3.289233e+02 	 3.442046e+01 
3.347200e-01 	 3.332784e+02 	 3.563206e+01 
3.386800e-01 	 3.376512e+02 	 3.686498e+01 
3.426400e-01 	 3.420359e+02 	 3.811901e+01 
3.466000e-01 	 3.464364e+02 	 3.939396e+01 
3.505600e-01 	 3.508526e+02 	 4.068982e+01 
3.545200e-01 	 3.552827e+02 	 4.185032e+01 
3.584800e-01 	 3.597226e+02 	 4.290367e+01 
3.624400e-01 	 3.641763e+02 	 4.391498e+01 
3.664000e-01 	 3.686399e+02 	 4.490124e+01 
3.703600e-01 	 3.731154e+02 	 4.587112e+01 
3.743200e-01 	 3.775987e+02 	 4.682955e+01 
3.782800e-01 	 3.820939e+02 	 4.778048e+01 
3.822400e-01 	 3.865989e+02 	 4.872628e+01 
3.862000e-01 	 3.911138e+02 	 4.966893e+01 
3.901600e-01 	 3.956366e+02 	 5.060980e+01 
3.941200e-01 	 4.001713e+02 	 5.155027e+01 
3.980800e-01 	 4.047138e+02 	 5.249114e+01 
4.020400e-01 	 4.092662e+02 	 5.343339e+01 
4.060000e-01 	 4.138285e+02 	 5.437761e+01 
4.099600e-01 	 4.184006e+02 	 5.532440e+01 
4.139200e-01 	 4.229806e+02 	 5.627435e+01 
4.178800e-01 	 4.275686e+02 	 5.722785e+01 
4.218400e-01 	 4.321683e+02 	 5.818510e+01 
4.258000e-01 	 4.367760e+02 	 5.914688e+01 
4.297600e-01 	 4.413915e+02 	 6.011321e+01 
4.337200e-01 	 4.460169e+02 	 6.108446e+01 
4.376800e-01 	 4.506502e+02 	 6.206085e+01 
4.416400e-01 	 4.552934e+02 	 6.304257e+01 
4.456000e-01 	 4.599464e+02 	 6.403001e+01 
4.495600e-01 	 4.646054e+02 	 6.502317e+01 
4.535200e-01 	 4.692762e+02 	 6.602225e+01 
4.574800e-01 	 4.739529e+02 	 6.702725e+01 
4.614400e-01 	 4.786415e+02 	 6.803876e+01 
4.654000e-01 	 4.833360e+02 	 6.905659e+01 
4.693600e-01 	 4.880403e+02 	 7.008093e+01 
4.733200e-01 	 4.927525e+02 	 7.111198e+01 
4.772800e-01 	 4.974747e+02 	 7.214954e+01 
4.812400e-01 	 5.022046e+02 	 7.319421e+01 
4.852000e-01 	 5.069445e+02 	 7.424578e+01 
4.891600e-01 	 5.116923e+02 	 7.530426e+01 
4.931200e-01 	 5.164479e+02 	 7.637003e+01 
4.970800e-01 	 5.212115e+02 	 7.744292e+01 
5.010400e-01 	 5.259849e+02 	 7.852310e+01 
5.050000e-01 	 5.307662e+02 	 7.961059e+01 
5.089600e-01 	 5.355574e+02 	 8.070537e+01 
5.129200e-01 	 5.403564e+02 	 8.180785e+01 
5.168800e-01 	 5.451634e+02 	 8.291192e+01 
5.208400e-01 	 5.499802e+02 	 8.400927e+01 
5.248000e-01 	 5.548029e+02 	 8.510918e+01 
5.287600e-01 	 5.596356e+02 	 8.621364e+01 
5.327200e-01 	 5.644761e+02 	 8.732402e+01 
5.366800e-01 	 5.693264e+02 	 8.844071e+01 
5.406400e-01 	 5.741827e+02 	 8.956391e+01 
5.446000e-01 	 5.790489e+02 	 9.069402e+01 
5.485600e-01 	 5.839229e+02 	 9.183143e+01 
5.525200e-01 	 5.888049e+02 	 9.297594e+01 
5.564800e-01 	 5.936947e+02 	 9.412795e+01 
5.604400e-01 	 5.985944e+02 	 9.528746e+01 
5.644000e-01 	 6.035000e+02 	 9.645447e+01 
5.683600e-01 	 6.084155e+02 	 9.762937e+01 
5.723200e-01 	 6.133389e+02 	 9.881177e+01 
5.762800e-01 	 6.182702e+02 	 1.000021e+02 
5.802400e-01 	 6.232093e+02 	 1.012001e+02 
5.842000e-01 	 6.281564e+02 	 1.024059e+02 
5.881600e-01 	 6.331133e+02 	 1.036197e+02 
5.921200e-01 	 6.380762e+02 	 1.048416e+02 
5.960800e-01 	 6.430489e+02 	 1.060711e+02 
6.000400e-01 	 6.480295e+02 	 1.073088e+02 
6.040000e-01 	 6.530180e+02 	 1.085543e+02 
6.079600e-01 	 6.580164e+02 	 1.098080e+02 
6.119200e-01 	 6.630206e+02 	 1.110697e+02 
6.158800e-01 	 6.680348e+02 	 1.123393e+02 
6.198400e-01 	 6.730549e+02 	 1.136168e+02 
6.238000e-01 	 6.780848e+02 	 1.149026e+02 
6.277600e-01 	 6.831226e+02 	 1.161963e+02 
6.317200e-01 	 6.881684e+02 	 1.174981e+02 
6.356800e-01 	 6.932240e+02 	 1.188080e+02 
6.396400e-01 	 6.982855e+02 	 1.201258e+02 
6.436000e-01 	 7.033569e+02 	 1.214516e+02 
6.475600e-01 	 7.084361e+02 	 1.227856e+02 
6.515200e-01 	 7.135233e+02 	 1.241276e+02 
6.554800e-01 	 7.186183e+02 	 1.254776e+02 
6.594400e-01 	 7.237213e+02 	 1.268356e+02 
6.634000e-01 	 7.288321e+02 	 1.282017e+02 
6.673600e-01 	 7.339529e+02 	 1.295757e+02 
6.713200e-01 	 7.390795e+02 	 1.309578e+02 
6.752800e-01 	 7.442160e+02 	 1.323480e+02 
6.792400e-01 	 7.493604e+02 	 1.337461e+02 
6.832000e-01 	 7.545127e+02 	 1.351521e+02 
6.871600e-01 	 7.596728e+02 	 1.365661e+02 
6.911200e-01 	 7.648429e+02 	 1.379881e+02 
6.950800e-01 	 7.700188e+02 	 1.394181e+02 
6.990400e-01 	 7.752047e+02 	 1.408561e+02 
7.030000e-01 	 7.803964e+02 	 1.423019e+02 
7.069600e-01 	 7.855980e+02 	 1.437556e+02 
7.109200e-01 	 7.908076e+02 	 1.452173e+02 
7.148800e-01 	 7.960269e+02 	 1.466868e+02 
7.188400e-01 	 8.012522e+02 	 1.481642e+02 
7.228000e-01 	 8.064854e+02 	 1.496493e+02 
7.267600e-01 	 8.117285e+02 	 1.511425e+02 
7.307200e-01 	 8.169794e+02 	 1.526434e+02 
7.346800e-01 	 8.222383e+02 	 1.541522e+02 
7.386400e-01 	 8.275050e+02 	 1.556686e+02 
7.426000e-01 	 8.327796e+02 	 1.571930e+02 
7.465600e-01 	 8.380621e+02 	 1.587251e+02 
7.505200e-01 	 8.433526e+02 	 1.602649e+02 
7.544800e-01 	 8.486528e+02 	 1.618123e+02 
7.584400e-01 	 8.539590e+02 	 1.633677e+02 
7.624000e-01 	 8.592751e+02 	 1.649305e+02 
7.663600e-01 	 8.645991e+02 	 1.665011e+02 
7.703200e-01 	 8.699309e+02 	 1.680793e+02 
7.742800e-01 	 8.752707e+02 	 1.696653e+02 
7.782400e-01 	 8.806183e+02 	 1.712587e+02 
7.822000e-01 	 8.859758e+02 	 1.728598e+02 
7.861600e-01 	 8.913393e+02 	 1.744685e+02 
7.901200e-01 	 8.967125e+02 	 1.760848e+02 
7.940800e-01 	 9.020918e+02 	 1.777084e+02 
7.980400e-01 	 9.074808e+02 	 1.793397e+02 
8.020000e-01 	 9.128778e+02 	 1.809784e+02 
8.059600e-01 	 9.182827e+02 	 1.826247e+02 
8.099200e-01 	 9.236954e+02 	 1.842783e+02 
8.138800e-01 	 9.291181e+02 	 1.859394e+02 
8.178400e-01 	 9.345466e+02 	 1.876081e+02 
8.218000e-01 	 9.399831e+02 	 1.892840e+02 
8.257600e-01 	 9.454294e+02 	 1.909672e+02 
8.297200e-01 	 9.508836e+02 	 1.926577e+02 
8.336800e-01 	 9.563437e+02 	 1.943558e+02 
8.376400e-01 	 9.618137e+02 	 1.960609e+02 
8.416000e-01 	 9.672915e+02 	 1.977739e+02 
8.455600e-01 	 9.727773e+02 	 1.994927e+02 
8.495200e-01 	 9.782710e+02 	 2.012213e+02 
8.534800e-01 	 9.837745e+02 	 2.029538e+02 
8.574400e-01 	 9.892840e+02 	 2.046962e+02 
8.614000e-01 	 9.948013e+02 	 2.064446e+02 
8.653600e-01 	 1.000329e+03 	 2.082008e+02 
8.693200e-01 	 1.005862e+03 	 2.099630e+02 
8.732800e-01 	 1.011405e+03 	 2.117330e+02 
8.772400e-01 	 1.016956e+03 	 2.135110e+02 
8.812000e-01 	 1.022514e+03 	 2.152948e+02 
8.851600e-01 	 1.028079e+03 	 2.170846e+02 
8.891200e-01 	 1.033654e+03 	 2.188843e+02 
8.930800e-01 	 1.039236e+03 	 2.206879e+02 
8.970400e-01 	 1.044826e+03 	 2.225013e+02 
9.010000e-01 	 1.050425e+03 	 2.243207e+02 
9.049600e-01 	 1.056033e+03 	 2.261460e+02 
9.089200e-01 	 1.061647e+03 	 2.279792e+02 
9.128800e-01 	 1.067269e+03 	 2.298183e+02 
9.168400e-01 	 1.072899e+03 	 2.316653e+02 
9.208000e-01 	 1.078538e+03 	 2.335183e+02 
9.247600e-01 	 1.084184e+03 	 2.353791e+02 
9.287200e-01 	 1.089839e+03 	 2.372458e+02 
9.326800e-01 	 1.095501e+03 	 2.391205e+02 
9.366400e-01 	 1.101172e+03 	 2.410010e+02 
9.406000e-01 	 1.106849e+03 	 2.428875e+02 
9.445600e-01 	 1.112536e+03 	 2.447818e+02 
9.485200e-01 	 1.118231e+03 	 2.466821e+02 
9.524800e-01 	 1.123932e+03 	 2.485883e+02 
9.564400e-01 	 1.129643e+03 	 2.505024e+02 
9.604000e-01 	 1.135361e+03 	 2.524244e+02 
9.643600e-01 	 1.141088e+03 	 2.543504e+02 
9.683200e-01 	 1.146820e+03 	 2.562842e+02 
9.722800e-01 	 1.152563e+03 	 2.582240e+02 
9.762400e-01 	 1.158313e+03 	 2.601716e+02 
9.802000e-01 	 1.164071e+03 	 2.621252e+02 
9.841600e-01 	 1.169837e+03 	 2.640847e+02 
9.881200e-01 	 1.175609e+03 	 2.660501e+02 
9.920800e-01 	 1.181391e+03 	 2.680234e+02 
9.960400e-01 	 1.187180e+03 	 2.700006e+02 
